Archive member included to satisfy reference by file (symbol)

c:/program files (x86)/atmel/studio/7.0/toolchain/avr8/avr8-gnu-toolchain/bin/../lib/gcc/avr/5.4.0/../../../../avr/lib/avrxmega7\libm.a(addsf3.o)
                              src/Drivers/imu.o (__subsf3)
c:/program files (x86)/atmel/studio/7.0/toolchain/avr8/avr8-gnu-toolchain/bin/../lib/gcc/avr/5.4.0/../../../../avr/lib/avrxmega7\libm.a(addsf3x.o)
                              c:/program files (x86)/atmel/studio/7.0/toolchain/avr8/avr8-gnu-toolchain/bin/../lib/gcc/avr/5.4.0/../../../../avr/lib/avrxmega7\libm.a(addsf3.o) (__addsf3x)
c:/program files (x86)/atmel/studio/7.0/toolchain/avr8/avr8-gnu-toolchain/bin/../lib/gcc/avr/5.4.0/../../../../avr/lib/avrxmega7\libm.a(atan2.o)
                              src/Drivers/imu.o (atan2)
c:/program files (x86)/atmel/studio/7.0/toolchain/avr8/avr8-gnu-toolchain/bin/../lib/gcc/avr/5.4.0/../../../../avr/lib/avrxmega7\libm.a(atan.o)
                              src/Drivers/imu.o (atan)
c:/program files (x86)/atmel/studio/7.0/toolchain/avr8/avr8-gnu-toolchain/bin/../lib/gcc/avr/5.4.0/../../../../avr/lib/avrxmega7\libm.a(cmpsf2.o)
                              src/Drivers/MahonyAHRS.o (__eqsf2)
c:/program files (x86)/atmel/studio/7.0/toolchain/avr8/avr8-gnu-toolchain/bin/../lib/gcc/avr/5.4.0/../../../../avr/lib/avrxmega7\libm.a(divsf3.o)
                              src/Drivers/imu.o (__divsf3)
c:/program files (x86)/atmel/studio/7.0/toolchain/avr8/avr8-gnu-toolchain/bin/../lib/gcc/avr/5.4.0/../../../../avr/lib/avrxmega7\libm.a(divsf3x.o)
                              c:/program files (x86)/atmel/studio/7.0/toolchain/avr8/avr8-gnu-toolchain/bin/../lib/gcc/avr/5.4.0/../../../../avr/lib/avrxmega7\libm.a(divsf3.o) (__divsf3x)
c:/program files (x86)/atmel/studio/7.0/toolchain/avr8/avr8-gnu-toolchain/bin/../lib/gcc/avr/5.4.0/../../../../avr/lib/avrxmega7\libm.a(fixsfsi.o)
                              src/Drivers/imu.o (__fixsfsi)
c:/program files (x86)/atmel/studio/7.0/toolchain/avr8/avr8-gnu-toolchain/bin/../lib/gcc/avr/5.4.0/../../../../avr/lib/avrxmega7\libm.a(fixunssfsi.o)
                              src/Drivers/thermistor.o (__fixunssfsi)
c:/program files (x86)/atmel/studio/7.0/toolchain/avr8/avr8-gnu-toolchain/bin/../lib/gcc/avr/5.4.0/../../../../avr/lib/avrxmega7\libm.a(floatsisf.o)
                              src/Drivers/imu.o (__floatunsisf)
c:/program files (x86)/atmel/studio/7.0/toolchain/avr8/avr8-gnu-toolchain/bin/../lib/gcc/avr/5.4.0/../../../../avr/lib/avrxmega7\libm.a(fp_cmp.o)
                              c:/program files (x86)/atmel/studio/7.0/toolchain/avr8/avr8-gnu-toolchain/bin/../lib/gcc/avr/5.4.0/../../../../avr/lib/avrxmega7\libm.a(cmpsf2.o) (__fp_cmp)
c:/program files (x86)/atmel/studio/7.0/toolchain/avr8/avr8-gnu-toolchain/bin/../lib/gcc/avr/5.4.0/../../../../avr/lib/avrxmega7\libm.a(fp_inf.o)
                              c:/program files (x86)/atmel/studio/7.0/toolchain/avr8/avr8-gnu-toolchain/bin/../lib/gcc/avr/5.4.0/../../../../avr/lib/avrxmega7\libm.a(addsf3x.o) (__fp_inf)
c:/program files (x86)/atmel/studio/7.0/toolchain/avr8/avr8-gnu-toolchain/bin/../lib/gcc/avr/5.4.0/../../../../avr/lib/avrxmega7\libm.a(fp_nan.o)
                              c:/program files (x86)/atmel/studio/7.0/toolchain/avr8/avr8-gnu-toolchain/bin/../lib/gcc/avr/5.4.0/../../../../avr/lib/avrxmega7\libm.a(addsf3x.o) (__fp_nan)
c:/program files (x86)/atmel/studio/7.0/toolchain/avr8/avr8-gnu-toolchain/bin/../lib/gcc/avr/5.4.0/../../../../avr/lib/avrxmega7\libm.a(fp_powser.o)
                              c:/program files (x86)/atmel/studio/7.0/toolchain/avr8/avr8-gnu-toolchain/bin/../lib/gcc/avr/5.4.0/../../../../avr/lib/avrxmega7\libm.a(atan.o) (__fp_powser)
c:/program files (x86)/atmel/studio/7.0/toolchain/avr8/avr8-gnu-toolchain/bin/../lib/gcc/avr/5.4.0/../../../../avr/lib/avrxmega7\libm.a(fp_pscA.o)
                              c:/program files (x86)/atmel/studio/7.0/toolchain/avr8/avr8-gnu-toolchain/bin/../lib/gcc/avr/5.4.0/../../../../avr/lib/avrxmega7\libm.a(addsf3x.o) (__fp_pscA)
c:/program files (x86)/atmel/studio/7.0/toolchain/avr8/avr8-gnu-toolchain/bin/../lib/gcc/avr/5.4.0/../../../../avr/lib/avrxmega7\libm.a(fp_pscB.o)
                              c:/program files (x86)/atmel/studio/7.0/toolchain/avr8/avr8-gnu-toolchain/bin/../lib/gcc/avr/5.4.0/../../../../avr/lib/avrxmega7\libm.a(addsf3x.o) (__fp_pscB)
c:/program files (x86)/atmel/studio/7.0/toolchain/avr8/avr8-gnu-toolchain/bin/../lib/gcc/avr/5.4.0/../../../../avr/lib/avrxmega7\libm.a(fp_round.o)
                              c:/program files (x86)/atmel/studio/7.0/toolchain/avr8/avr8-gnu-toolchain/bin/../lib/gcc/avr/5.4.0/../../../../avr/lib/avrxmega7\libm.a(addsf3.o) (__fp_round)
c:/program files (x86)/atmel/studio/7.0/toolchain/avr8/avr8-gnu-toolchain/bin/../lib/gcc/avr/5.4.0/../../../../avr/lib/avrxmega7\libm.a(fp_split3.o)
[...]
Memory Configuration

Name             Origin             Length             Attributes
text             0x00000000         0x00100000         xr
data             0x00802000         0x0000ffa0         rw !x
eeprom           0x00810000         0x00010000         rw !x
fuse             0x00820000         0x00000006         rw !x
lock             0x00830000         0x00000400         rw !x
signature        0x00840000         0x00000400         rw !x
user_signatures  0x00850000         0x00000400         rw !x
*default*        0x00000000         0xffffffff

Linker script and memory map

LOAD C:/Program Files (x86)/Atmel/Studio/7.0/Packs/atmel/XMEGAA_DFP/1.1.68/gcc/dev/atxmega128a1u/avrxmega7/crtatxmega128a1u.o
LOAD src/ASF/xmega/drivers/twi/twim.o
LOAD src/ASF/xmega/drivers/twi/twis.o
LOAD src/ASF/xmega/drivers/wdt/wdt.o
LOAD src/Drivers/GPS_Interrupts.o
LOAD src/Drivers/imu.o
LOAD src/Drivers/MahonyAHRS.o
LOAD src/Drivers/RingBuffer.o
LOAD src/Drivers/RTC.o
LOAD src/ASF/common/services/clock/xmega/sysclk.o
LOAD src/ASF/common/services/serial/usart_serial.o
LOAD src/ASF/common/services/sleepmgr/xmega/sleepmgr.o
LOAD src/ASF/common/utils/stdio/read.o
LOAD src/ASF/common/utils/stdio/write.o
LOAD src/ASF/xmega/drivers/adc/adc.o
LOAD src/ASF/xmega/drivers/adc/xmega_aau/adc_aau.o
LOAD src/ASF/xmega/drivers/cpu/ccp.o
LOAD src/ASF/common/services/ioport/xmega/ioport_compat.o
LOAD src/ASF/xmega/boards/xmega_a1_xplained/init.o
LOAD src/ASF/xmega/drivers/nvm/nvm.o
LOAD src/ASF/xmega/drivers/nvm/nvm_asm.o
LOAD src/ASF/xmega/drivers/usart/usart.o
LOAD src/Drivers/altitude.o
LOAD src/Drivers/GPS.o
LOAD src/Drivers/LED.o
LOAD src/Drivers/mechanics.o
LOAD src/Drivers/mpu9250.o
LOAD src/Drivers/pressure.o
LOAD src/Drivers/Temperature trial.o
LOAD src/Drivers/thermistor.o
LOAD src/Drivers/timer_counter.o
LOAD src/Drivers/usart_comms.o
LOAD src/Drivers/velocity.o
LOAD src/main.o
START GROUP
LOAD c:/program files (x86)/atmel/studio/7.0/toolchain/avr8/avr8-gnu-toolchain/bin/../lib/gcc/avr/5.4.0/../../../../avr/lib/avrxmega7\libm.a
LOAD c:/program files (x86)/atmel/studio/7.0/toolchain/avr8/avr8-gnu-toolchain/bin/../lib/gcc/avr/5.4.0/../../../../avr/lib/avrxmega7\libprintf_flt.a
END GROUP
Address of section .BOOT set to 0x20000
START GROUP
LOAD c:/program files (x86)/atmel/studio/7.0/toolchain/avr8/avr8-gnu-toolchain/bin/../lib/gcc/avr/5.4.0/avrxmega7\libgcc.a
LOAD c:/program files (x86)/atmel/studio/7.0/toolchain/avr8/avr8-gnu-toolchain/bin/../lib/gcc/avr/5.4.0/../../../../avr/lib/avrxmega7\libm.a
LOAD c:/program files (x86)/atmel/studio/7.0/toolchain/avr8/avr8-gnu-toolchain/bin/../lib/gcc/avr/5.4.0/../../../../avr/lib/avrxmega7\libc.a
LOAD C:/Program Files (x86)/Atmel/Studio/7.0/Packs/atmel/XMEGAA_DFP/1.1.68/gcc/dev/atxmega128a1u/avrxmega7\libatxmega128a1u.a
END GROUP
                0x00100000                __TEXT_REGION_LENGTH__ = DEFINED (__TEXT_REGION_LENGTH__)?__TEXT_REGION_LENGTH__:0x100000
                0x0000ffa0                __DATA_REGION_LENGTH__ = DEFINED (__DATA_REGION_LENGTH__)?__DATA_REGION_LENGTH__:0xffa0
                0x00010000                __EEPROM_REGION_LENGTH__ = DEFINED (__EEPROM_REGION_LENGTH__)?__EEPROM_REGION_LENGTH__:0x10000
                [0x00000006]                __FUSE_REGION_LENGTH__ = DEFINED (__FUSE_REGION_LENGTH__)?__FUSE_REGION_LENGTH__:0x400
                0x00000400                __LOCK_REGION_LENGTH__ = DEFINED (__LOCK_REGION_LENGTH__)?__LOCK_REGION_LENGTH__:0x400
                0x00000400                __SIGNATURE_REGION_LENGTH__ = DEFINED (__SIGNATURE_REGION_LENGTH__)?__SIGNATURE_REGION_LENGTH__:0x400
                0x00000400                __USER_SIGNATURE_REGION_LENGTH__ = DEFINED (__USER_SIGNATURE_REGION_LENGTH__)?__USER_SIGNATURE_REGION_LENGTH__:0x400

.hash
 *(.hash)

.dynsym
 *(.dynsym)

.dynstr
 *(.dynstr)

.gnu.version
 *(.gnu.version)

.gnu.version_d
 *(.gnu.version_d)

.gnu.version_r
 *(.gnu.version_r)

.rel.init
 *(.rel.init)

.rela.init
 *(.rela.init)

.rel.text
 *(.rel.text)
 *(.rel.text.*)
 *(.rel.gnu.linkonce.t*)

.rela.text
 *(.rela.text)
 *(.rela.text.*)
 *(.rela.gnu.linkonce.t*)

.rel.fini
 *(.rel.fini)

.rela.fini
 *(.rela.fini)

.rel.rodata
 *(.rel.rodata)
 *(.rel.rodata.*)
 *(.rel.gnu.linkonce.r*)

.rela.rodata
 *(.rela.rodata)
 *(.rela.rodata.*)
 *(.rela.gnu.linkonce.r*)

.rel.data
 *(.rel.data)
 *(.rel.data.*)
 *(.rel.gnu.linkonce.d*)

.rela.data
 *(.rela.data)
 *(.rela.data.*)
 *(.rela.gnu.linkonce.d*)

.rel.ctors
 *(.rel.ctors)

.rela.ctors
 *(.rela.ctors)

.rel.dtors
 *(.rel.dtors)

.rela.dtors
 *(.rela.dtors)

.rel.got
 *(.rel.got)

.rela.got
 *(.rela.got)

.rel.bss
 *(.rel.bss)

.rela.bss
 *(.rela.bss)

.rel.plt
 *(.rel.plt)

.rela.plt
 *(.rela.plt)

.text           0x00000000     0x6f50
 *(.vectors)
 .vectors       0x00000000      0x1fc C:/Program Files (x86)/Atmel/Studio/7.0/Packs/atmel/XMEGAA_DFP/1.1.68/gcc/dev/atxmega128a1u/avrxmega7/crtatxmega128a1u.o
                0x00000000                __vector_default
                0x00000000                __vectors
 *(.vectors)
 *(.progmem.gcc*)
 .progmem.gcc_sw_table.__vector_88
                0x000001fc       0x7e src/Drivers/usart_comms.o
 .progmem.gcc_fplib
                0x0000027a       0x2d c:/program files (x86)/atmel/studio/7.0/toolchain/avr8/avr8-gnu-toolchain/bin/../lib/gcc/avr/5.4.0/../../../../avr/lib/avrxmega7\libm.a(atan.o)
                0x000002a8                . = ALIGN (0x2)
 *fill*         0x000002a7        0x1 
                0x000002a8                __trampolines_start = .
 *(.trampolines)
 .trampolines   0x000002a8        0x0 linker stubs
 *(.trampolines*)
                0x000002a8                __trampolines_end = .
 *libprintf_flt.a:*(.progmem.data)
 .progmem.data  0x000002a8        0x8 c:/program files (x86)/atmel/studio/7.0/toolchain/avr8/avr8-gnu-toolchain/bin/../lib/gcc/avr/5.4.0/../../../../avr/lib/avrxmega7\libprintf_flt.a(vfprintf_flt.o)
 *libc.a:*(.progmem.data)
 .progmem.data  0x000002b0       0xfa c:/program files (x86)/atmel/studio/7.0/toolchain/avr8/avr8-gnu-toolchain/bin/../lib/gcc/avr/5.4.0/../../../../avr/lib/avrxmega7\libc.a(ftoa_engine.o)
 *(.progmem*)
                0x000003aa                . = ALIGN (0x2)
 *(.jumptables)
 *(.jumptables*)
 *(.lowtext)
 *(.lowtext*)
                0x000003aa                __ctors_start = .
 *(.ctors)
                0x000003aa                __ctors_end = .
                0x000003aa                __dtors_start = .
 *(.dtors)
                0x000003aa                __dtors_end = .
 SORT(*)(.ctors)
 SORT(*)(.dtors)
 *(.init0)
 .init0         0x000003aa        0x0 C:/Program Files (x86)/Atmel/Studio/7.0/Packs/atmel/XMEGAA_DFP/1.1.68/gcc/dev/atxmega128a1u/avrxmega7/crtatxmega128a1u.o
                0x000003aa                __init
 *(.init0)
 *(.init1)
 *(.init1)
 *(.init2)
 .init2         0x000003aa       0x18 C:/Program Files (x86)/Atmel/Studio/7.0/Packs/atmel/XMEGAA_DFP/1.1.68/gcc/dev/atxmega128a1u/avrxmega7/crtatxmega128a1u.o
 *(.init2)
 *(.init3)
 *(.init3)
 *(.init4)
 .init4         0x000003c2       0x1c c:/program files (x86)/atmel/studio/7.0/toolchain/avr8/avr8-gnu-toolchain/bin/../lib/gcc/avr/5.4.0/avrxmega7\libgcc.a(_copy_data.o)
                0x000003c2                __do_copy_data
 .init4         0x000003de       0x10 c:/program files (x86)/atmel/studio/7.0/toolchain/avr8/avr8-gnu-toolchain/bin/../lib/gcc/avr/5.4.0/avrxmega7\libgcc.a(_clear_bss.o)
                0x000003de                __do_clear_bss
 *(.init4)
 *(.init5)
 *(.init5)
 *(.init6)
 *(.init6)
 *(.init7)
 *(.init7)
 *(.init8)
 *(.init8)
 *(.init9)
 .init9         0x000003ee        0x8 C:/Program Files (x86)/Atmel/Studio/7.0/Packs/atmel/XMEGAA_DFP/1.1.68/gcc/dev/atxmega128a1u/avrxmega7/crtatxmega128a1u.o
 *(.init9)
 *(.text)
 .text          0x000003f6        0x2 C:/Program Files (x86)/Atmel/Studio/7.0/Packs/atmel/XMEGAA_DFP/1.1.68/gcc/dev/atxmega128a1u/avrxmega7/crtatxmega128a1u.o
                0x000003f6                __vector_38
                0x000003f6                __vector_104
                0x000003f6                __vector_22
                0x000003f6                __vector_63
                0x000003f6                __vector_28
                0x000003f6                __vector_67
                0x000003f6                __vector_1
                0x000003f6                __vector_119
                0x000003f6                __vector_32
                0x000003f6                __vector_75
                0x000003f6                __vector_34
                0x000003f6                __vector_62
                0x000003f6                __vector_102
                0x000003f6                __vector_24
                0x000003f6                __vector_12
                0x000003f6                __vector_55
                0x000003f6                __vector_69
                0x000003f6                __vector_81
                0x000003f6                __vector_90
                0x000003f6                __bad_interrupt
                0x000003f6                __vector_122
                0x000003f6                __vector_114
                0x000003f6                __vector_6
                0x000003f6                __vector_110
                0x000003f6                __vector_31
                0x000003f6                __vector_92
                0x000003f6                __vector_35
                0x000003f6                __vector_78
                0x000003f6                __vector_117
                0x000003f6                __vector_3
                0x000003f6                __vector_105
                0x000003f6                __vector_98
                0x000003f6                __vector_23
                0x000003f6                __vector_68
                0x000003f6                __vector_30
                0x000003f6                __vector_45
                0x000003f6                __vector_25
                0x000003f6                __vector_61
                0x000003f6                __vector_11
                0x000003f6                __vector_54
                0x000003f6                __vector_99
                0x000003f6                __vector_17
                0x000003f6                __vector_19
                0x000003f6                __vector_56
                0x000003f6                __vector_7
                0x000003f6                __vector_125
                0x000003f6                __vector_49
                0x000003f6                __vector_123
                0x000003f6                __vector_86
                0x000003f6                __vector_100
                0x000003f6                __vector_101
                0x000003f6                __vector_64
                0x000003f6                __vector_109
                0x000003f6                __vector_43
                0x000003f6                __vector_27
                0x000003f6                __vector_5
                0x000003f6                __vector_113
                0x000003f6                __vector_33
                0x000003f6                __vector_115
                0x000003f6                __vector_47
                0x000003f6                __vector_52
                0x000003f6                __vector_37
                0x000003f6                __vector_95
                0x000003f6                __vector_103
                0x000003f6                __vector_96
                0x000003f6                __vector_89
                0x000003f6                __vector_108
                0x000003f6                __vector_4
                0x000003f6                __vector_44
                0x000003f6                __vector_82
                0x000003f6                __vector_106
                0x000003f6                __vector_118
                0x000003f6                __vector_51
                0x000003f6                __vector_9
                0x000003f6                __vector_21
                0x000003f6                __vector_15
                0x000003f6                __vector_66
                0x000003f6                __vector_36
                0x000003f6                __vector_79
                0x000003f6                __vector_58
                0x000003f6                __vector_70
                0x000003f6                __vector_83
                0x000003f6                __vector_29
                0x000003f6                __vector_60
                0x000003f6                __vector_121
                0x000003f6                __vector_85
                0x000003f6                __vector_94
                0x000003f6                __vector_126
                0x000003f6                __vector_8
                0x000003f6                __vector_26
                0x000003f6                __vector_48
                0x000003f6                __vector_124
                0x000003f6                __vector_116
                0x000003f6                __vector_112
                0x000003f6                __vector_111
                0x000003f6                __vector_80
                0x000003f6                __vector_84
                0x000003f6                __vector_57
                0x000003f6                __vector_53
                0x000003f6                __vector_10
                0x000003f6                __vector_50
                0x000003f6                __vector_16
                0x000003f6                __vector_59
                0x000003f6                __vector_18
                0x000003f6                __vector_97
                0x000003f6                __vector_20
                0x000003f6                __vector_87
                0x000003f6                __vector_65
                0x000003f6                __vector_120
                0x000003f8                . = ALIGN (0x2)
 *(.text.*)
 .text.twim_interrupt_handler
                0x000003f8      0x12e src/ASF/xmega/drivers/twi/twim.o
 .text.__vector_13
                0x00000526       0x64 src/ASF/xmega/drivers/twi/twim.o
                0x00000526                __vector_13
 .text.__vector_76
                0x0000058a       0x64 src/ASF/xmega/drivers/twi/twim.o
                0x0000058a                __vector_76
 .text.__vector_46
                0x000005ee       0x64 src/ASF/xmega/drivers/twi/twim.o
                0x000005ee                __vector_46
 .text.__vector_107
                0x00000652       0x64 src/ASF/xmega/drivers/twi/twim.o
                0x00000652                __vector_107
 .text.twi_master_init
                0x000006b6       0x2a src/ASF/xmega/drivers/twi/twim.o
                0x000006b6                twi_master_init
 .text.twi_master_transfer
                0x000006e0       0xc8 src/ASF/xmega/drivers/twi/twim.o
                0x000006e0                twi_master_transfer
 .text.wdt_reset_mcu
                0x000007a8       0x2c src/ASF/xmega/drivers/wdt/wdt.o
                0x000007a8                wdt_reset_mcu
 .text.init_gps_interrupts
                0x000007d4       0x10 src/Drivers/GPS_Interrupts.o
                0x000007d4                init_gps_interrupts
 .text.init_gps_buffers
                0x000007e4       0x22 src/Drivers/GPS_Interrupts.o
                0x000007e4                init_gps_buffers
 .text.__vector_91
                0x00000806       0xc6 src/Drivers/GPS_Interrupts.o
                0x00000806                __vector_91
 .text.__vector_93
                0x000008cc       0x7e src/Drivers/GPS_Interrupts.o
                0x000008cc                __vector_93
 .text.init_imu
                0x0000094a       0x18 src/Drivers/imu.o
                0x0000094a                init_imu
 .text.imu_update
                0x00000962      0x78a src/Drivers/imu.o
                0x00000962                imu_update
 .text.invSqrt  0x000010ec       0x76 src/Drivers/MahonyAHRS.o
                0x000010ec                invSqrt
 .text.MahonyAHRSupdateIMU
                0x00001162      0xa02 src/Drivers/MahonyAHRS.o
                0x00001162                MahonyAHRSupdateIMU
 .text.MahonyAHRSupdate
                0x00001b64     0x1070 src/Drivers/MahonyAHRS.o
                0x00001b64                MahonyAHRSupdate
 .text.rbu8_init
                0x00002bd4       0x14 src/Drivers/RingBuffer.o
                0x00002bd4                rbu8_init
 .text.rbu8_length
                0x00002be8       0x24 src/Drivers/RingBuffer.o
                0x00002be8                rbu8_length
 .text.rbu8_read
                0x00002c0c       0xa0 src/Drivers/RingBuffer.o
                0x00002c0c                rbu8_read
 .text.rbu8_delete_oldest
                0x00002cac       0x56 src/Drivers/RingBuffer.o
                0x00002cac                rbu8_delete_oldest
 .text.sysclk_init
                0x00002d02       0x6a src/ASF/common/services/clock/xmega/sysclk.o
                0x00002d02                sysclk_init
 .text.sysclk_enable_module
                0x00002d6c       0x2c src/ASF/common/services/clock/xmega/sysclk.o
                0x00002d6c                sysclk_enable_module
 .text._read    0x00002d98       0x32 src/ASF/common/utils/stdio/read.o
                0x00002d98                _read
 .text._write   0x00002dca       0x24 src/ASF/common/utils/stdio/write.o
                0x00002dca                _write
 .text.__vector_71
                0x00002dee       0x7a src/ASF/xmega/drivers/adc/xmega_aau/adc_aau.o
                0x00002dee                __vector_71
 .text.__vector_72
                0x00002e68       0x7a src/ASF/xmega/drivers/adc/xmega_aau/adc_aau.o
                0x00002e68                __vector_72
 .text.__vector_73
                0x00002ee2       0x7a src/ASF/xmega/drivers/adc/xmega_aau/adc_aau.o
                0x00002ee2                __vector_73
 .text.__vector_74
                0x00002f5c       0x7a src/ASF/xmega/drivers/adc/xmega_aau/adc_aau.o
                0x00002f5c                __vector_74
 .text.__vector_39
                0x00002fd6       0x7a src/ASF/xmega/drivers/adc/xmega_aau/adc_aau.o
                0x00002fd6                __vector_39
 .text.__vector_40
                0x00003050       0x7a src/ASF/xmega/drivers/adc/xmega_aau/adc_aau.o
                0x00003050                __vector_40
 .text.__vector_41
                0x000030ca       0x7a src/ASF/xmega/drivers/adc/xmega_aau/adc_aau.o
                0x000030ca                __vector_41
 .text.__vector_42
                0x00003144       0x7a src/ASF/xmega/drivers/adc/xmega_aau/adc_aau.o
                0x00003144                __vector_42
 .text.ccp_write_io
                0x000031be        0xc src/ASF/xmega/drivers/cpu/ccp.o
                0x000031be                ccp_write_io
 .text.nvm_read_byte
                0x000031ca       0x14 src/ASF/xmega/drivers/nvm/nvm_asm.o
                0x000031ca                nvm_read_byte
 .text.usart_putchar
                0x000031de       0x10 src/ASF/xmega/drivers/usart/usart.o
                0x000031de                usart_putchar
 .text.usart_getchar
                0x000031ee        0xc src/ASF/xmega/drivers/usart/usart.o
                0x000031ee                usart_getchar
 .text.usart_set_baudrate
                0x000031fa      0x226 src/ASF/xmega/drivers/usart/usart.o
                0x000031fa                usart_set_baudrate
 .text.usart_init_rs232
                0x00003420      0x2c2 src/ASF/xmega/drivers/usart/usart.o
                0x00003420                usart_init_rs232
 .text.Get_altitude
                0x000036e2       0x4e src/Drivers/altitude.o
                0x000036e2                Get_altitude
 .text.init_GPS_pins_and_usart
                0x00003730       0x66 src/Drivers/GPS.o
                0x00003730                init_GPS_pins_and_usart
 .text.startswith
                0x00003796       0x56 src/Drivers/GPS.o
                0x00003796                startswith
 .text.getGPSDatafromNMEA
                0x000037ec      0x57e src/Drivers/GPS.o
                0x000037ec                getGPSDatafromNMEA
 .text.__portable_avr_delay_cycles
                0x00003d6a       0x16 src/Drivers/mechanics.o
 .text.heatshield_hotwire
                0x00003d80       0x2a src/Drivers/mechanics.o
                0x00003d80                heatshield_hotwire
 .text.parachute_hotwire
                0x00003daa       0x2a src/Drivers/mechanics.o
                0x00003daa                parachute_hotwire
 .text.heatshield_detatch_hotwire
                0x00003dd4       0x2a src/Drivers/mechanics.o
                0x00003dd4                heatshield_detatch_hotwire
 .text.buzzer_on
                0x00003dfe       0x12 src/Drivers/mechanics.o
                0x00003dfe                buzzer_on
 .text.buzzer_off
                0x00003e10       0x12 src/Drivers/mechanics.o
                0x00003e10                buzzer_off
 .text.camera_on
                0x00003e22       0x12 src/Drivers/mechanics.o
                0x00003e22                camera_on
 .text.__portable_avr_delay_cycles
                0x00003e34       0x16 src/Drivers/mpu9250.o
 .text.mpu9250_twi_write_reg
                0x00003e4a       0x24 src/Drivers/mpu9250.o
                0x00003e4a                mpu9250_twi_write_reg
 .text.mpu9250_twi_read_multi
                0x00003e6e       0x1e src/Drivers/mpu9250.o
                0x00003e6e                mpu9250_twi_read_multi
 .text.mpu9250_ODR_init
                0x00003e8c       0x2e src/Drivers/mpu9250.o
                0x00003e8c                mpu9250_ODR_init
 .text.mpu9250_gyro_init
                0x00003eba       0x3e src/Drivers/mpu9250.o
                0x00003eba                mpu9250_gyro_init
 .text.mpu9250_acc_init
                0x00003ef8       0x3e src/Drivers/mpu9250.o
                0x00003ef8                mpu9250_acc_init
 .text.mpu9250_mag_cal
                0x00003f36      0x174 src/Drivers/mpu9250.o
                0x00003f36                mpu9250_mag_cal
 .text.mpu9250_mag_init
                0x000040aa       0xae src/Drivers/mpu9250.o
                0x000040aa                mpu9250_mag_init
 .text.mpu9250_int_init
                0x00004158       0x32 src/Drivers/mpu9250.o
                0x00004158                mpu9250_int_init
 .text.init_mpu9250
                0x0000418a       0x70 src/Drivers/mpu9250.o
                0x0000418a                init_mpu9250
 .text.read_mpu9250
                0x000041fa      0x38a src/Drivers/mpu9250.o
                0x000041fa                read_mpu9250
 .text.__vector_2
                0x00004584       0x68 src/Drivers/mpu9250.o
                0x00004584                __vector_2
 .text.__portable_avr_delay_cycles
                0x000045ec       0x16 src/Drivers/pressure.o
 .text.spi_init
                0x00004602       0x1c src/Drivers/pressure.o
                0x00004602                spi_init
 .text.spi_write
                0x0000461e       0x10 src/Drivers/pressure.o
                0x0000461e                spi_write
 .text.spi_read
                0x0000462e        0xa src/Drivers/pressure.o
                0x0000462e                spi_read
 .text.prom_read
                0x00004638       0x36 src/Drivers/pressure.o
                0x00004638                prom_read
 .text.ms5607init
                0x0000466e       0x66 src/Drivers/pressure.o
                0x0000466e                ms5607init
 .text.data_read
                0x000046d4       0x98 src/Drivers/pressure.o
                0x000046d4                data_read
 .text.get_pressure
                0x0000476c      0x3e8 src/Drivers/pressure.o
                0x0000476c                get_pressure
 .text.adc_init
                0x00004b54       0x5e src/Drivers/thermistor.o
                0x00004b54                adc_init
 .text.buzzer_counter_init
                0x00004bb2       0x12 src/Drivers/timer_counter.o
                0x00004bb2                buzzer_counter_init
 .text.servo_counter
                0x00004bc4       0x72 src/Drivers/timer_counter.o
                0x00004bc4                servo_counter
 .text.__vector_14
                0x00004c36       0x28 src/Drivers/timer_counter.o
                0x00004c36                __vector_14
 .text.__vector_77
                0x00004c5e       0x28 src/Drivers/timer_counter.o
                0x00004c5e                __vector_77
 .text.usart_serial_getchar
                0x00004c86       0x12 src/Drivers/usart_comms.o
 .text.usart_serial_putchar
                0x00004c98        0x6 src/Drivers/usart_comms.o
 .text.usart_init
                0x00004c9e       0xc8 src/Drivers/usart_comms.o
                0x00004c9e                usart_init
 .text.__vector_88
                0x00004d66       0xd4 src/Drivers/usart_comms.o
                0x00004d66                __vector_88
 .text.__portable_avr_delay_cycles
                0x00004e3a       0x16 src/main.o
 .text.sysclk_enable_peripheral_clock
                0x00004e50      0x2c0 src/main.o
 .text.packetlen
                0x00005110       0x32 src/main.o
                0x00005110                packetlen
 .text.main     0x00005142      0x84c src/main.o
                0x00005142                main
 .text.avr-libc.fplib
                0x0000598e        0xa c:/program files (x86)/atmel/studio/7.0/toolchain/avr8/avr8-gnu-toolchain/bin/../lib/gcc/avr/5.4.0/../../../../avr/lib/avrxmega7\libm.a(addsf3.o)
                0x0000598e                __subsf3
                0x00005990                __addsf3
 .text.avr-libc.fplib
                0x00005998       0xc0 c:/program files (x86)/atmel/studio/7.0/toolchain/avr8/avr8-gnu-toolchain/bin/../lib/gcc/avr/5.4.0/../../../../avr/lib/avrxmega7\libm.a(addsf3x.o)
                0x000059b2                __addsf3x
 .text.avr-libc.fplib
                0x00005a58       0x74 c:/program files (x86)/atmel/studio/7.0/toolchain/avr8/avr8-gnu-toolchain/bin/../lib/gcc/avr/5.4.0/../../../../avr/lib/avrxmega7\libm.a(atan2.o)
                0x00005a76                atan2
 .text.avr-libc.fplib
                0x00005acc       0x50 c:/program files (x86)/atmel/studio/7.0/toolchain/avr8/avr8-gnu-toolchain/bin/../lib/gcc/avr/5.4.0/../../../../avr/lib/avrxmega7\libm.a(atan.o)
                0x00005acc                atan
 .text.avr-libc.fplib
                0x00005b1c        0x8 c:/program files (x86)/atmel/studio/7.0/toolchain/avr8/avr8-gnu-toolchain/bin/../lib/gcc/avr/5.4.0/../../../../avr/lib/avrxmega7\libm.a(cmpsf2.o)
                0x00005b1c                __nesf2
                0x00005b1c                __eqsf2
                0x00005b1c                __cmpsf2
                0x00005b1c                __ltsf2
                0x00005b1c                __lesf2
 .text.avr-libc.fplib
                0x00005b24        0x4 c:/program files (x86)/atmel/studio/7.0/toolchain/avr8/avr8-gnu-toolchain/bin/../lib/gcc/avr/5.4.0/../../../../avr/lib/avrxmega7\libm.a(divsf3.o)
                0x00005b24                __divsf3
 .text.avr-libc.fplib
                0x00005b28       0xcc c:/program files (x86)/atmel/studio/7.0/toolchain/avr8/avr8-gnu-toolchain/bin/../lib/gcc/avr/5.4.0/../../../../avr/lib/avrxmega7\libm.a(divsf3x.o)
                0x00005b3e                __divsf3x
                0x00005b42                __divsf3_pse
 .text.avr-libc.fplib
                0x00005bf4        0xa c:/program files (x86)/atmel/studio/7.0/toolchain/avr8/avr8-gnu-toolchain/bin/../lib/gcc/avr/5.4.0/../../../../avr/lib/avrxmega7\libm.a(fixsfsi.o)
                0x00005bf4                __fixsfsi
 .text.avr-libc.fplib
                0x00005bfe       0x58 c:/program files (x86)/atmel/studio/7.0/toolchain/avr8/avr8-gnu-toolchain/bin/../lib/gcc/avr/5.4.0/../../../../avr/lib/avrxmega7\libm.a(fixunssfsi.o)
                0x00005bfe                __fixunssfsi
 .text.avr-libc.fplib
                0x00005c56       0x7a c:/program files (x86)/atmel/studio/7.0/toolchain/avr8/avr8-gnu-toolchain/bin/../lib/gcc/avr/5.4.0/../../../../avr/lib/avrxmega7\libm.a(floatsisf.o)
                0x00005c56                __floatunsisf
                0x00005c5a                __floatsisf
 .text.avr-libc.fplib
                0x00005cd0       0x48 c:/program files (x86)/atmel/studio/7.0/toolchain/avr8/avr8-gnu-toolchain/bin/../lib/gcc/avr/5.4.0/../../../../avr/lib/avrxmega7\libm.a(fp_cmp.o)
                0x00005cd0                __fp_cmp
 .text.avr-libc.fplib
                0x00005d18        0xc c:/program files (x86)/atmel/studio/7.0/toolchain/avr8/avr8-gnu-toolchain/bin/../lib/gcc/avr/5.4.0/../../../../avr/lib/avrxmega7\libm.a(fp_inf.o)
                0x00005d18                __fp_inf
 .text.avr-libc.fplib
                0x00005d24        0x6 c:/program files (x86)/atmel/studio/7.0/toolchain/avr8/avr8-gnu-toolchain/bin/../lib/gcc/avr/5.4.0/../../../../avr/lib/avrxmega7\libm.a(fp_nan.o)
                0x00005d24                __fp_nan
 .text.avr-libc.fplib
                0x00005d2a       0x4a c:/program files (x86)/atmel/studio/7.0/toolchain/avr8/avr8-gnu-toolchain/bin/../lib/gcc/avr/5.4.0/../../../../avr/lib/avrxmega7\libm.a(fp_powser.o)
                0x00005d2a                __fp_powser
 .text.avr-libc.fplib
                0x00005d74        0xe c:/program files (x86)/atmel/studio/7.0/toolchain/avr8/avr8-gnu-toolchain/bin/../lib/gcc/avr/5.4.0/../../../../avr/lib/avrxmega7\libm.a(fp_pscA.o)
                0x00005d74                __fp_pscA
 .text.avr-libc.fplib
                0x00005d82        0xe c:/program files (x86)/atmel/studio/7.0/toolchain/avr8/avr8-gnu-toolchain/bin/../lib/gcc/avr/5.4.0/../../../../avr/lib/avrxmega7\libm.a(fp_pscB.o)
                0x00005d82                __fp_pscB
 .text.avr-libc.fplib
                0x00005d90       0x22 c:/program files (x86)/atmel/studio/7.0/toolchain/avr8/avr8-gnu-toolchain/bin/../lib/gcc/avr/5.4.0/../../../../avr/lib/avrxmega7\libm.a(fp_round.o)
                0x00005d90                __fp_round
 .text.avr-libc.fplib
                0x00005db2       0x44 c:/program files (x86)/atmel/studio/7.0/toolchain/avr8/avr8-gnu-toolchain/bin/../lib/gcc/avr/5.4.0/../../../../avr/lib/avrxmega7\libm.a(fp_split3.o)
                0x00005db2                __fp_split3
                0x00005dc2                __fp_splitA
 .text.avr-libc.fplib
                0x00005df6        0xe c:/program files (x86)/atmel/studio/7.0/toolchain/avr8/avr8-gnu-toolchain/bin/../lib/gcc/avr/5.4.0/../../../../avr/lib/avrxmega7\libm.a(fp_zero.o)
                0x00005df6                __fp_zero
                0x00005df8                __fp_szero
 .text.avr-libc.fplib
                0x00005e04        0x8 c:/program files (x86)/atmel/studio/7.0/toolchain/avr8/avr8-gnu-toolchain/bin/../lib/gcc/avr/5.4.0/../../../../avr/lib/avrxmega7\libm.a(gesf2.o)
                0x00005e04                __gesf2
                0x00005e04                __gtsf2
 .text.avr-libc.fplib
                0x00005e0c        0xe c:/program files (x86)/atmel/studio/7.0/toolchain/avr8/avr8-gnu-toolchain/bin/../lib/gcc/avr/5.4.0/../../../../avr/lib/avrxmega7\libm.a(inverse.o)
                0x00005e0c                inverse
 .text.avr-libc.fplib
                0x00005e1a        0x4 c:/program files (x86)/atmel/studio/7.0/toolchain/avr8/avr8-gnu-toolchain/bin/../lib/gcc/avr/5.4.0/../../../../avr/lib/avrxmega7\libm.a(mulsf3.o)
                0x00005e1a                __mulsf3
 .text.avr-libc.fplib
                0x00005e1e       0xc2 c:/program files (x86)/atmel/studio/7.0/toolchain/avr8/avr8-gnu-toolchain/bin/../lib/gcc/avr/5.4.0/../../../../avr/lib/avrxmega7\libm.a(mulsf3x.o)
                0x00005e32                __mulsf3x
                0x00005e36                __mulsf3_pse
 .text.avr-libc.fplib
                0x00005ee0       0x84 c:/program files (x86)/atmel/studio/7.0/toolchain/avr8/avr8-gnu-toolchain/bin/../lib/gcc/avr/5.4.0/../../../../avr/lib/avrxmega7\libm.a(sqrt.o)
                0x00005ee8                sqrtf
                0x00005ee8                sqrt
 .text.avr-libc.fplib
                0x00005f64        0x6 c:/program files (x86)/atmel/studio/7.0/toolchain/avr8/avr8-gnu-toolchain/bin/../lib/gcc/avr/5.4.0/../../../../avr/lib/avrxmega7\libm.a(square.o)
                0x00005f64                square
 .text.avr-libc.fplib
                0x00005f6a       0x1c c:/program files (x86)/atmel/studio/7.0/toolchain/avr8/avr8-gnu-toolchain/bin/../lib/gcc/avr/5.4.0/../../../../avr/lib/avrxmega7\libm.a(fp_mpack.o)
                0x00005f6a                __fp_mpack
                0x00005f6e                __fp_mpack_finite
 .text.avr-libc.fplib
                0x00005f86        0xe c:/program files (x86)/atmel/studio/7.0/toolchain/avr8/avr8-gnu-toolchain/bin/../lib/gcc/avr/5.4.0/../../../../avr/lib/avrxmega7\libm.a(fp_norm2.o)
                0x00005f86                __fp_norm2
 .text.avr-libc
                0x00005f94      0x706 c:/program files (x86)/atmel/studio/7.0/toolchain/avr8/avr8-gnu-toolchain/bin/../lib/gcc/avr/5.4.0/../../../../avr/lib/avrxmega7\libprintf_flt.a(vfprintf_flt.o)
                0x00005f94                vfprintf
 .text.libgcc.div
                0x0000669a       0x28 c:/program files (x86)/atmel/studio/7.0/toolchain/avr8/avr8-gnu-toolchain/bin/../lib/gcc/avr/5.4.0/avrxmega7\libgcc.a(_udivmodhi4.o)
                0x0000669a                __udivmodhi4
 .text.libgcc.div
                0x000066c2       0x44 c:/program files (x86)/atmel/studio/7.0/toolchain/avr8/avr8-gnu-toolchain/bin/../lib/gcc/avr/5.4.0/avrxmega7\libgcc.a(_udivmodsi4.o)
                0x000066c2                __udivmodsi4
 .text.libgcc.div
                0x00006706       0x28 c:/program files (x86)/atmel/studio/7.0/toolchain/avr8/avr8-gnu-toolchain/bin/../lib/gcc/avr/5.4.0/avrxmega7\libgcc.a(_divmodsi4.o)
                0x00006706                __divmodsi4
 .text.libgcc.div
                0x0000672e       0x10 c:/program files (x86)/atmel/studio/7.0/toolchain/avr8/avr8-gnu-toolchain/bin/../lib/gcc/avr/5.4.0/avrxmega7\libgcc.a(_negsi2.o)
                0x0000672e                __negsi2
 .text.libgcc   0x0000673e       0x12 c:/program files (x86)/atmel/studio/7.0/toolchain/avr8/avr8-gnu-toolchain/bin/../lib/gcc/avr/5.4.0/avrxmega7\libgcc.a(_tablejump2.o)
                0x0000673e                __tablejump2__
 .text.libgcc.mul
                0x00006750       0x1e c:/program files (x86)/atmel/studio/7.0/toolchain/avr8/avr8-gnu-toolchain/bin/../lib/gcc/avr/5.4.0/avrxmega7\libgcc.a(_umulhisi3.o)
                0x00006750                __umulhisi3
 .text.libgcc.mul
                0x0000676e        0xc c:/program files (x86)/atmel/studio/7.0/toolchain/avr8/avr8-gnu-toolchain/bin/../lib/gcc/avr/5.4.0/avrxmega7\libgcc.a(_usmulhisi3.o)
                0x0000676e                __usmulhisi3
                0x00006770                __usmulhisi3_tail
 .text.libgcc.mul
                0x0000677a        0xc c:/program files (x86)/atmel/studio/7.0/toolchain/avr8/avr8-gnu-toolchain/bin/../lib/gcc/avr/5.4.0/avrxmega7\libgcc.a(_mulshisi3.o)
                0x0000677a                __mulshisi3
                0x0000677e                __mulohisi3
 .text.libgcc.mul
                0x00006786       0x92 c:/program files (x86)/atmel/studio/7.0/toolchain/avr8/avr8-gnu-toolchain/bin/../lib/gcc/avr/5.4.0/avrxmega7\libgcc.a(_muldi3.o)
                0x00006786                __muldi3
 .text.libgcc.mul
                0x00006818       0x10 c:/program files (x86)/atmel/studio/7.0/toolchain/avr8/avr8-gnu-toolchain/bin/../lib/gcc/avr/5.4.0/avrxmega7\libgcc.a(_muldi3_6.o)
                0x00006818                __muldi3_6
 .text.libgcc.builtins
                0x00006828       0x32 c:/program files (x86)/atmel/studio/7.0/toolchain/avr8/avr8-gnu-toolchain/bin/../lib/gcc/avr/5.4.0/avrxmega7\libgcc.a(_ashldi3.o)
                0x00006828                __ashldi3
 .text.libgcc.builtins
                0x0000685a       0x3c c:/program files (x86)/atmel/studio/7.0/toolchain/avr8/avr8-gnu-toolchain/bin/../lib/gcc/avr/5.4.0/avrxmega7\libgcc.a(_ashrdi3.o)
                0x0000685a                __ashrdi3
                0x0000685e                __lshrdi3
 .text.libgcc   0x00006896       0x12 c:/program files (x86)/atmel/studio/7.0/toolchain/avr8/avr8-gnu-toolchain/bin/../lib/gcc/avr/5.4.0/avrxmega7\libgcc.a(_adddi3.o)
                0x00006896                __adddi3
 .text.libgcc   0x000068a8       0x18 c:/program files (x86)/atmel/studio/7.0/toolchain/avr8/avr8-gnu-toolchain/bin/../lib/gcc/avr/5.4.0/avrxmega7\libgcc.a(_adddi3_s8.o)
                0x000068a8                __adddi3_s8
 .text.libgcc   0x000068c0       0x12 c:/program files (x86)/atmel/studio/7.0/toolchain/avr8/avr8-gnu-toolchain/bin/../lib/gcc/avr/5.4.0/avrxmega7\libgcc.a(_subdi3.o)
                0x000068c0                __subdi3
 .text.libgcc   0x000068d2       0x18 c:/program files (x86)/atmel/studio/7.0/toolchain/avr8/avr8-gnu-toolchain/bin/../lib/gcc/avr/5.4.0/avrxmega7\libgcc.a(_cmpdi2_s8.o)
                0x000068d2                __cmpdi2_s8
 .text.libgcc.mul
                0x000068ea       0x14 c:/program files (x86)/atmel/studio/7.0/toolchain/avr8/avr8-gnu-toolchain/bin/../lib/gcc/avr/5.4.0/avrxmega7\libgcc.a(_muluhisi3.o)
                0x000068ea                __muluhisi3
 .text.avr-libc
                0x000068fe      0x1b0 c:/program files (x86)/atmel/studio/7.0/toolchain/avr8/avr8-gnu-toolchain/bin/../lib/gcc/avr/5.4.0/../../../../avr/lib/avrxmega7\libc.a(ftoa_engine.o)
                0x000068fe                __ftoa_engine
 .text.avr-libc
                0x00006aae       0x16 c:/program files (x86)/atmel/studio/7.0/toolchain/avr8/avr8-gnu-toolchain/bin/../lib/gcc/avr/5.4.0/../../../../avr/lib/avrxmega7\libc.a(strnlen_P.o)
                0x00006aae                strnlen_P
 .text.avr-libc
                0x00006ac4       0x16 c:/program files (x86)/atmel/studio/7.0/toolchain/avr8/avr8-gnu-toolchain/bin/../lib/gcc/avr/5.4.0/../../../../avr/lib/avrxmega7\libc.a(strnlen.o)
                0x00006ac4                strnlen
 .text.avr-libc
                0x00006ada       0x94 c:/program files (x86)/atmel/studio/7.0/toolchain/avr8/avr8-gnu-toolchain/bin/../lib/gcc/avr/5.4.0/../../../../avr/lib/avrxmega7\libc.a(fdevopen.o)
                0x00006ada                fdevopen
 .text.avr-libc
                0x00006b6e       0x78 c:/program files (x86)/atmel/studio/7.0/toolchain/avr8/avr8-gnu-toolchain/bin/../lib/gcc/avr/5.4.0/../../../../avr/lib/avrxmega7\libc.a(fputc.o)
                0x00006b6e                fputc
 .text.avr-libc
                0x00006be6       0x26 c:/program files (x86)/atmel/studio/7.0/toolchain/avr8/avr8-gnu-toolchain/bin/../lib/gcc/avr/5.4.0/../../../../avr/lib/avrxmega7\libc.a(printf.o)
                0x00006be6                printf
 .text.avr-libc
                0x00006c0c       0xbc c:/program files (x86)/atmel/studio/7.0/toolchain/avr8/avr8-gnu-toolchain/bin/../lib/gcc/avr/5.4.0/../../../../avr/lib/avrxmega7\libc.a(ultoa_invert.o)
                0x00006c0c                __ultoa_invert
 .text.avr-libc
                0x00006cc8       0x34 c:/program files (x86)/atmel/studio/7.0/toolchain/avr8/avr8-gnu-toolchain/bin/../lib/gcc/avr/5.4.0/../../../../avr/lib/avrxmega7\libc.a(calloc.o)
                0x00006cc8                calloc
 .text.avr-libc
                0x00006cfc      0x242 c:/program files (x86)/atmel/studio/7.0/toolchain/avr8/avr8-gnu-toolchain/bin/../lib/gcc/avr/5.4.0/../../../../avr/lib/avrxmega7\libc.a(malloc.o)
                0x00006cfc                malloc
                0x00006e2c                free
 .text.avr-libc
                0x00006f3e        0xe c:/program files (x86)/atmel/studio/7.0/toolchain/avr8/avr8-gnu-toolchain/bin/../lib/gcc/avr/5.4.0/../../../../avr/lib/avrxmega7\libc.a(memset.o)
                0x00006f3e                memset
                0x00006f4c                . = ALIGN (0x2)
 *(.fini9)
 .fini9         0x00006f4c        0x0 c:/program files (x86)/atmel/studio/7.0/toolchain/avr8/avr8-gnu-toolchain/bin/../lib/gcc/avr/5.4.0/avrxmega7\libgcc.a(_exit.o)
                0x00006f4c                _exit
                0x00006f4c                exit
 *(.fini9)
 *(.fini8)
 *(.fini8)
 *(.fini7)
 *(.fini7)
 *(.fini6)
 *(.fini6)
 *(.fini5)
 *(.fini5)
 *(.fini4)
 *(.fini4)
 *(.fini3)
 *(.fini3)
 *(.fini2)
 *(.fini2)
 *(.fini1)
 *(.fini1)
 *(.fini0)
 .fini0         0x00006f4c        0x4 c:/program files (x86)/atmel/studio/7.0/toolchain/avr8/avr8-gnu-toolchain/bin/../lib/gcc/avr/5.4.0/avrxmega7\libgcc.a(_exit.o)
 *(.fini0)
                0x00006f50                _etext = .

.data           0x00802000      0x144 load address 0x00006f50
                0x00802000                PROVIDE (__data_start, .)
 *(.data)
 .data          0x00802000        0x6 c:/program files (x86)/atmel/studio/7.0/toolchain/avr8/avr8-gnu-toolchain/bin/../lib/gcc/avr/5.4.0/../../../../avr/lib/avrxmega7\libc.a(malloc.o)
                0x00802000                __malloc_heap_end
                0x00802002                __malloc_heap_start
                0x00802004                __malloc_margin
 *(.data*)
 .data.imu      0x00802006        0x4 src/Drivers/imu.o
                0x00802006                imu
 .data.GYR_X_OFF
                0x0080200a        0x2 src/Drivers/imu.o
                0x0080200a                GYR_X_OFF
 .data.ACC_Z_OFF
                0x0080200c        0x2 src/Drivers/imu.o
                0x0080200c                ACC_Z_OFF
 .data.ACC_Y_OFF
                0x0080200e        0x2 src/Drivers/imu.o
                0x0080200e                ACC_Y_OFF
 .data.ACC_X_OFF
                0x00802010        0x2 src/Drivers/imu.o
                0x00802010                ACC_X_OFF
 .data.MAG_Z_OFF
                0x00802012        0x2 src/Drivers/imu.o
                0x00802012                MAG_Z_OFF
 .data.MAG_Y_OFF
                0x00802014        0x2 src/Drivers/imu.o
                0x00802014                MAG_Y_OFF
 .data.MAG_X_OFF
                0x00802016        0x2 src/Drivers/imu.o
                0x00802016                MAG_X_OFF
 .data.q0       0x00802018        0x4 src/Drivers/MahonyAHRS.o
                0x00802018                q0
 .data.twoKp    0x0080201c        0x4 src/Drivers/MahonyAHRS.o
                0x0080201c                twoKp
 .data.options.6395
                0x00802020        0x7 src/Drivers/GPS.o
 .data.readmpu9250
                0x00802027        0xb src/Drivers/mpu9250.o
 .data.openlogger_usart_options.6138
                0x00802032        0x7 src/Drivers/usart_comms.o
 .data.usart_options.6137
                0x00802039        0x7 src/Drivers/usart_comms.o
 *(.rodata)
 *(.rodata*)
 .rodata.str1.1
                0x00802040        0x6 src/Drivers/GPS_Interrupts.o
 .rodata.str1.1
                0x00802046       0xb1 src/Drivers/imu.o
 .rodata.str1.1
                0x008020f7        0x7 src/Drivers/GPS.o
 .rodata.str1.1
                0x008020fe        0xa src/Drivers/pressure.o
 .rodata.str1.1
                0x00802108       0x3b src/main.o
 *(.gnu.linkonce.d*)
                0x00802144                . = ALIGN (0x2)
 *fill*         0x00802143        0x1 
                0x00802144                _edata = .
                0x00802144                PROVIDE (__data_end, .)

.bss            0x00802144      0x42b
                0x00802144                PROVIDE (__bss_start, .)
 *(.bss)
 *(.bss*)
 .bss.transfer  0x00802144        0xb src/ASF/xmega/drivers/twi/twim.o
 .bss.GYR_Z_OFF
                0x0080214f        0x2 src/Drivers/imu.o
                0x0080214f                GYR_Z_OFF
 .bss.GYR_Y_OFF
                0x00802151        0x2 src/Drivers/imu.o
                0x00802151                GYR_Y_OFF
 .bss.integralFBz
                0x00802153        0x4 src/Drivers/MahonyAHRS.o
                0x00802153                integralFBz
 .bss.integralFBy
                0x00802157        0x4 src/Drivers/MahonyAHRS.o
                0x00802157                integralFBy
 .bss.integralFBx
                0x0080215b        0x4 src/Drivers/MahonyAHRS.o
                0x0080215b                integralFBx
 .bss.q3        0x0080215f        0x4 src/Drivers/MahonyAHRS.o
                0x0080215f                q3
 .bss.q2        0x00802163        0x4 src/Drivers/MahonyAHRS.o
                0x00802163                q2
 .bss.q1        0x00802167        0x4 src/Drivers/MahonyAHRS.o
                0x00802167                q1
 .bss.twoKi     0x0080216b        0x4 src/Drivers/MahonyAHRS.o
                0x0080216b                twoKi
 .bss.ACC_SENSITIVITY
                0x0080216f        0x4 src/Drivers/mpu9250.o
 .bss.GYRO_SENSITIVITY
                0x00802173        0x4 src/Drivers/mpu9250.o
 .bss.ASAZ      0x00802177        0x4 src/Drivers/mpu9250.o
 .bss.ASAY      0x0080217b        0x4 src/Drivers/mpu9250.o
 .bss.ASAX      0x0080217f        0x4 src/Drivers/mpu9250.o
 .bss.time      0x00802183        0x4 src/Drivers/mpu9250.o
 .bss.timerflag
                0x00802187        0x1 src/Drivers/mpu9250.o
 .bss.data_rdy_flag
                0x00802188        0x1 src/Drivers/mpu9250.o
 .bss.mpu9250_twi_data
                0x00802189      0x100 src/Drivers/mpu9250.o
 *(COMMON)
 COMMON         0x00802289      0x2ab src/Drivers/GPS_Interrupts.o
                0x00802289                gpgsv_index
                0x0080228a                gpgll_buff
                0x008022df                gpvtg_buff
                0x00802334                dollar_counter
                0x00802335                gps_receive_buffer
                0x0080233d                last_finished
                0x0080233e                gpgll_index
                0x0080233f                gpgsv_buff
                0x00802394                current_sentence
                0x00802395                RAW_gps_receive_buffer
                0x00802495                RAW_gps_send_buffer
                0x008024d5                gps_send_buffer
                0x008024dd                gpgga_buff
                0x00802532                gpgga_index
                0x00802533                gpvtg_index
 COMMON         0x00802534       0x15 src/Drivers/imu.o
                0x00802534                data
 COMMON         0x00802549        0x2 src/ASF/common/utils/stdio/read.o
                0x00802549                ptr_get
 COMMON         0x0080254b        0x4 src/ASF/common/utils/stdio/write.o
                0x0080254b                ptr_put
                0x0080254d                stdio_base
 COMMON         0x0080254f        0x4 src/ASF/xmega/drivers/adc/adc.o
                0x0080254f                adcb_callback
                0x00802551                adca_callback
 COMMON         0x00802553        0x4 src/Drivers/altitude.o
                0x00802553                TEMP
 COMMON         0x00802557        0xc src/Drivers/pressure.o
                0x00802557                C1
                0x00802559                C3
                0x0080255b                C2
                0x0080255d                C6
                0x0080255f                C5
                0x00802561                C4
 COMMON         0x00802563        0x2 src/Drivers/usart_comms.o
                0x00802563                xbee_rx_temporary
                0x00802564                state
 COMMON         0x00802565        0x6 c:/program files (x86)/atmel/studio/7.0/toolchain/avr8/avr8-gnu-toolchain/bin/../lib/gcc/avr/5.4.0/../../../../avr/lib/avrxmega7\libc.a(iob.o)
                0x00802565                __iob
 COMMON         0x0080256b        0x4 c:/program files (x86)/atmel/studio/7.0/toolchain/avr8/avr8-gnu-toolchain/bin/../lib/gcc/avr/5.4.0/../../../../avr/lib/avrxmega7\libc.a(malloc.o)
                0x0080256b                __brkval
                0x0080256d                __flp
                0x0080256f                PROVIDE (__bss_end, .)
                0x00006f50                __data_load_start = LOADADDR (.data)
                0x00007094                __data_load_end = (__data_load_start + SIZEOF (.data))

.noinit         0x0080256f        0x0
                [!provide]                PROVIDE (__noinit_start, .)
 *(.noinit*)
                [!provide]                PROVIDE (__noinit_end, .)
                0x0080256f                _end = .
                0x0080256f                PROVIDE (__heap_start, .)

.eeprom         0x00810000        0x0
 *(.eeprom*)
                0x00810000                __eeprom_end = .

.fuse
 *(.fuse)
 *(.lfuse)
 *(.hfuse)
 *(.efuse)

.lock
 *(.lock*)

.signature
 *(.signature*)

.user_signatures
 *(.user_signatures*)

.stab
 *(.stab)

.stabstr
 *(.stabstr)

.stab.excl
 *(.stab.excl)

.stab.exclstr
 *(.stab.exclstr)

.stab.index
 *(.stab.index)

.stab.indexstr
 *(.stab.indexstr)

.comment        0x00000000       0x5c
 *(.comment)
 .comment       0x00000000       0x30 src/ASF/xmega/drivers/twi/twim.o
                                 0x31 (size before relaxing)
 .comment       0x00000030       0x31 src/ASF/xmega/drivers/wdt/wdt.o
 .comment       0x00000030       0x31 src/Drivers/GPS_Interrupts.o
 .comment       0x00000030       0x31 src/Drivers/imu.o
 .comment       0x00000030       0x31 src/Drivers/MahonyAHRS.o
 .comment       0x00000030       0x31 src/Drivers/RingBuffer.o
 .comment       0x00000030       0x31 src/ASF/common/services/clock/xmega/sysclk.o
 .comment       0x00000030       0x31 src/ASF/common/utils/stdio/read.o
 .comment       0x00000030       0x31 src/ASF/common/utils/stdio/write.o
 .comment       0x00000030       0x31 src/ASF/xmega/drivers/adc/adc.o
 .comment       0x00000030       0x31 src/ASF/xmega/drivers/adc/xmega_aau/adc_aau.o
 .comment       0x00000030       0x31 src/ASF/xmega/drivers/usart/usart.o
 .comment       0x00000030       0x31 src/Drivers/altitude.o
 .comment       0x00000030       0x31 src/Drivers/GPS.o
 .comment       0x00000030       0x31 src/Drivers/mechanics.o
 .comment       0x00000030       0x31 src/Drivers/mpu9250.o
 .comment       0x00000030       0x31 src/Drivers/pressure.o
 .comment       0x00000030       0x31 src/Drivers/thermistor.o
 .comment       0x00000030       0x31 src/Drivers/timer_counter.o
 .comment       0x00000030       0x31 src/Drivers/usart_comms.o
 .comment       0x00000030       0x31 src/main.o
 .comment       0x00000030       0x2c c:/program files (x86)/atmel/studio/7.0/toolchain/avr8/avr8-gnu-toolchain/bin/../lib/gcc/avr/5.4.0/../../../../avr/lib/avrxmega7\libprintf_flt.a(vfprintf_flt.o)
                                 0x2d (size before relaxing)
 .comment       0x0000005c       0x31 c:/program files (x86)/atmel/studio/7.0/toolchain/avr8/avr8-gnu-toolchain/bin/../lib/gcc/avr/5.4.0/../../../../avr/lib/avrxmega7\libc.a(fdevopen.o)
 .comment       0x0000005c       0x31 c:/program files (x86)/atmel/studio/7.0/toolchain/avr8/avr8-gnu-toolchain/bin/../lib/gcc/avr/5.4.0/../../../../avr/lib/avrxmega7\libc.a(fputc.o)
 .comment       0x0000005c       0x31 c:/program files (x86)/atmel/studio/7.0/toolchain/avr8/avr8-gnu-toolchain/bin/../lib/gcc/avr/5.4.0/../../../../avr/lib/avrxmega7\libc.a(iob.o)
 .comment       0x0000005c       0x31 c:/program files (x86)/atmel/studio/7.0/toolchain/avr8/avr8-gnu-toolchain/bin/../lib/gcc/avr/5.4.0/../../../../avr/lib/avrxmega7\libc.a(printf.o)
 .comment       0x0000005c       0x31 c:/program files (x86)/atmel/studio/7.0/toolchain/avr8/avr8-gnu-toolchain/bin/../lib/gcc/avr/5.4.0/../../../../avr/lib/avrxmega7\libc.a(calloc.o)
 .comment       0x0000005c       0x31 c:/program files (x86)/atmel/studio/7.0/toolchain/avr8/avr8-gnu-toolchain/bin/../lib/gcc/avr/5.4.0/../../../../avr/lib/avrxmega7\libc.a(malloc.o)

.note.gnu.avr.deviceinfo
                0x00000000       0x40
 .note.gnu.avr.deviceinfo
                0x00000000       0x40 C:/Program Files (x86)/Atmel/Studio/7.0/Packs/atmel/XMEGAA_DFP/1.1.68/gcc/dev/atxmega128a1u/avrxmega7/crtatxmega128a1u.o

.note.gnu.build-id
 *(.note.gnu.build-id)

.debug
 *(.debug)

.line
 *(.line)

.debug_srcinfo
 *(.debug_srcinfo)

.debug_sfnames
 *(.debug_sfnames)

.debug_aranges  0x00000000      0x6d8
 *(.debug_aranges)
 .debug_aranges
                0x00000000       0x50 src/ASF/xmega/drivers/twi/twim.o
 .debug_aranges
                0x00000050       0x50 src/ASF/xmega/drivers/wdt/wdt.o
 .debug_aranges
                0x000000a0       0x38 src/Drivers/GPS_Interrupts.o
 .debug_aranges
                0x000000d8       0x50 src/Drivers/imu.o
 .debug_aranges
                0x00000128       0x30 src/Drivers/MahonyAHRS.o
 .debug_aranges
                0x00000158       0xc0 src/Drivers/RingBuffer.o
 .debug_aranges
                0x00000218       0x40 src/ASF/common/services/clock/xmega/sysclk.o
 .debug_aranges
                0x00000258       0x20 src/ASF/common/utils/stdio/read.o
 .debug_aranges
                0x00000278       0x20 src/ASF/common/utils/stdio/write.o
 .debug_aranges
                0x00000298       0x48 src/ASF/xmega/drivers/adc/adc.o
 .debug_aranges
                0x000002e0       0x78 src/ASF/xmega/drivers/adc/xmega_aau/adc_aau.o
 .debug_aranges
                0x00000358       0x20 src/ASF/xmega/drivers/cpu/ccp.o
 .debug_aranges
                0x00000378       0x28 src/ASF/xmega/drivers/nvm/nvm_asm.o
 .debug_aranges
                0x000003a0       0x58 src/ASF/xmega/drivers/usart/usart.o
 .debug_aranges
                0x000003f8       0x20 src/Drivers/altitude.o
 .debug_aranges
                0x00000418       0x48 src/Drivers/GPS.o
 .debug_aranges
                0x00000460       0x68 src/Drivers/mechanics.o
 .debug_aranges
                0x000004c8       0xb8 src/Drivers/mpu9250.o
 .debug_aranges
                0x00000580       0x68 src/Drivers/pressure.o
 .debug_aranges
                0x000005e8       0x30 src/Drivers/thermistor.o
 .debug_aranges
                0x00000618       0x40 src/Drivers/timer_counter.o
 .debug_aranges
                0x00000658       0x48 src/Drivers/usart_comms.o
 .debug_aranges
                0x000006a0       0x38 src/main.o

.debug_pubnames
 *(.debug_pubnames)

.debug_info     0x00000000    0x16312
 *(.debug_info .gnu.linkonce.wi.*)
 .debug_info    0x00000000     0x3e5a C:/Program Files (x86)/Atmel/Studio/7.0/Packs/atmel/XMEGAA_DFP/1.1.68/gcc/dev/atxmega128a1u/avrxmega7/crtatxmega128a1u.o
 .debug_info    0x00003e5a      0x953 src/ASF/xmega/drivers/twi/twim.o
 .debug_info    0x000047ad      0x4e4 src/ASF/xmega/drivers/wdt/wdt.o
 .debug_info    0x00004c91      0x575 src/Drivers/GPS_Interrupts.o
 .debug_info    0x00005206      0xa48 src/Drivers/imu.o
 .debug_info    0x00005c4e      0x503 src/Drivers/MahonyAHRS.o
 .debug_info    0x00006151      0xb82 src/Drivers/RingBuffer.o
 .debug_info    0x00006cd3      0x870 src/ASF/common/services/clock/xmega/sysclk.o
 .debug_info    0x00007543      0x119 src/ASF/common/utils/stdio/read.o
 .debug_info    0x0000765c      0x119 src/ASF/common/utils/stdio/write.o
 .debug_info    0x00007775      0xa93 src/ASF/xmega/drivers/adc/adc.o
 .debug_info    0x00008208      0xe9b src/ASF/xmega/drivers/adc/xmega_aau/adc_aau.o
 .debug_info    0x000090a3       0x86 src/ASF/xmega/drivers/cpu/ccp.o
 .debug_info    0x00009129       0x86 src/ASF/xmega/drivers/nvm/nvm_asm.o
 .debug_info    0x000091af     0x3281 src/ASF/xmega/drivers/usart/usart.o
 .debug_info    0x0000c430      0x231 src/Drivers/altitude.o
 .debug_info    0x0000c661     0x27c1 src/Drivers/GPS.o
 .debug_info    0x0000ee22      0x5f9 src/Drivers/mechanics.o
 .debug_info    0x0000f41b     0x1655 src/Drivers/mpu9250.o
 .debug_info    0x00010a70      0x965 src/Drivers/pressure.o
 .debug_info    0x000113d5      0xa1b src/Drivers/thermistor.o
 .debug_info    0x00011df0      0xa18 src/Drivers/timer_counter.o
 .debug_info    0x00012808      0xa92 src/Drivers/usart_comms.o
 .debug_info    0x0001329a     0x3078 src/main.o

.debug_abbrev   0x00000000     0x6e63
 *(.debug_abbrev)
 .debug_abbrev  0x00000000     0x3b0e C:/Program Files (x86)/Atmel/Studio/7.0/Packs/atmel/XMEGAA_DFP/1.1.68/gcc/dev/atxmega128a1u/avrxmega7/crtatxmega128a1u.o
 .debug_abbrev  0x00003b0e      0x2e9 src/ASF/xmega/drivers/twi/twim.o
 .debug_abbrev  0x00003df7      0x16f src/ASF/xmega/drivers/wdt/wdt.o
 .debug_abbrev  0x00003f66      0x1a6 src/Drivers/GPS_Interrupts.o
 .debug_abbrev  0x0000410c      0x33b src/Drivers/imu.o
 .debug_abbrev  0x00004447       0xe6 src/Drivers/MahonyAHRS.o
 .debug_abbrev  0x0000452d      0x304 src/Drivers/RingBuffer.o
 .debug_abbrev  0x00004831      0x241 src/ASF/common/services/clock/xmega/sysclk.o
 .debug_abbrev  0x00004a72       0xc5 src/ASF/common/utils/stdio/read.o
 .debug_abbrev  0x00004b37       0xa7 src/ASF/common/utils/stdio/write.o
 .debug_abbrev  0x00004bde      0x2d2 src/ASF/xmega/drivers/adc/adc.o
 .debug_abbrev  0x00004eb0      0x320 src/ASF/xmega/drivers/adc/xmega_aau/adc_aau.o
 .debug_abbrev  0x000051d0       0x14 src/ASF/xmega/drivers/cpu/ccp.o
 .debug_abbrev  0x000051e4       0x12 src/ASF/xmega/drivers/nvm/nvm_asm.o
 .debug_abbrev  0x000051f6      0x3f5 src/ASF/xmega/drivers/usart/usart.o
 .debug_abbrev  0x000055eb      0x10f src/Drivers/altitude.o
 .debug_abbrev  0x000056fa      0x363 src/Drivers/GPS.o
 .debug_abbrev  0x00005a5d      0x1c8 src/Drivers/mechanics.o
 .debug_abbrev  0x00005c25      0x3b2 src/Drivers/mpu9250.o
 .debug_abbrev  0x00005fd7      0x2fb src/Drivers/pressure.o
 .debug_abbrev  0x000062d2      0x2c3 src/Drivers/thermistor.o
 .debug_abbrev  0x00006595      0x1bb src/Drivers/timer_counter.o
 .debug_abbrev  0x00006750      0x324 src/Drivers/usart_comms.o
 .debug_abbrev  0x00006a74      0x3ef src/main.o

.debug_line     0x00000000     0xd397
 *(.debug_line .debug_line.* .debug_line_end)
 .debug_line    0x00000000      0x3b5 C:/Program Files (x86)/Atmel/Studio/7.0/Packs/atmel/XMEGAA_DFP/1.1.68/gcc/dev/atxmega128a1u/avrxmega7/crtatxmega128a1u.o
 .debug_line    0x000003b5      0x653 src/ASF/xmega/drivers/twi/twim.o
 .debug_line    0x00000a08      0x560 src/ASF/xmega/drivers/wdt/wdt.o
 .debug_line    0x00000f68      0xaf2 src/Drivers/GPS_Interrupts.o
 .debug_line    0x00001a5a      0xbe1 src/Drivers/imu.o
 .debug_line    0x0000263b      0x393 src/Drivers/MahonyAHRS.o
 .debug_line    0x000029ce      0xeb9 src/Drivers/RingBuffer.o
 .debug_line    0x00003887      0x6a5 src/ASF/common/services/clock/xmega/sysclk.o
 .debug_line    0x00003f2c      0x3d3 src/ASF/common/utils/stdio/read.o
 .debug_line    0x000042ff      0x3da src/ASF/common/utils/stdio/write.o
 .debug_line    0x000046d9      0x7c0 src/ASF/xmega/drivers/adc/adc.o
 .debug_line    0x00004e99      0x970 src/ASF/xmega/drivers/adc/xmega_aau/adc_aau.o
 .debug_line    0x00005809       0x6e src/ASF/xmega/drivers/cpu/ccp.o
 .debug_line    0x00005877      0x11f src/ASF/xmega/drivers/nvm/nvm_asm.o
 .debug_line    0x00005996      0xda0 src/ASF/xmega/drivers/usart/usart.o
 .debug_line    0x00006736      0xa10 src/Drivers/altitude.o
 .debug_line    0x00007146      0xc6b src/Drivers/GPS.o
 .debug_line    0x00007db1      0xb42 src/Drivers/mechanics.o
 .debug_line    0x000088f3      0xe12 src/Drivers/mpu9250.o
 .debug_line    0x00009705      0xbd1 src/Drivers/pressure.o
 .debug_line    0x0000a2d6      0xab3 src/Drivers/thermistor.o
 .debug_line    0x0000ad89      0xa88 src/Drivers/timer_counter.o
 .debug_line    0x0000b811      0xbed src/Drivers/usart_comms.o
 .debug_line    0x0000c3fe      0xf99 src/main.o

.debug_frame    0x00000000     0x179c
 *(.debug_frame)
 .debug_frame   0x00000000      0x1c0 src/ASF/xmega/drivers/twi/twim.o
 .debug_frame   0x000001c0       0x84 src/ASF/xmega/drivers/wdt/wdt.o
 .debug_frame   0x00000244       0xcc src/Drivers/GPS_Interrupts.o
 .debug_frame   0x00000310      0x130 src/Drivers/imu.o
 .debug_frame   0x00000440      0x11c src/Drivers/MahonyAHRS.o
 .debug_frame   0x0000055c      0x2ac src/Drivers/RingBuffer.o
 .debug_frame   0x00000808       0xa4 src/ASF/common/services/clock/xmega/sysclk.o
 .debug_frame   0x000008ac       0x34 src/ASF/common/utils/stdio/read.o
 .debug_frame   0x000008e0       0x24 src/ASF/common/utils/stdio/write.o
 .debug_frame   0x00000904       0xbc src/ASF/xmega/drivers/adc/adc.o
 .debug_frame   0x000009c0      0x3e4 src/ASF/xmega/drivers/adc/xmega_aau/adc_aau.o
 .debug_frame   0x00000da4      0x150 src/ASF/xmega/drivers/usart/usart.o
 .debug_frame   0x00000ef4       0x4c src/Drivers/altitude.o
 .debug_frame   0x00000f40       0xe4 src/Drivers/GPS.o
 .debug_frame   0x00001024       0xd8 src/Drivers/mechanics.o
 .debug_frame   0x000010fc      0x26c src/Drivers/mpu9250.o
 .debug_frame   0x00001368      0x164 src/Drivers/pressure.o
 .debug_frame   0x000014cc       0x88 src/Drivers/thermistor.o
 .debug_frame   0x00001554       0xb8 src/Drivers/timer_counter.o
 .debug_frame   0x0000160c      0x128 src/Drivers/usart_comms.o
 .debug_frame   0x00001734       0x68 src/main.o

.debug_str      0x00000000    0x35a12
 *(.debug_str)
 .debug_str     0x00000000     0x2969 C:/Program Files (x86)/Atmel/Studio/7.0/Packs/atmel/XMEGAA_DFP/1.1.68/gcc/dev/atxmega128a1u/avrxmega7/crtatxmega128a1u.o
 .debug_str     0x00002969    0x2af07 src/ASF/xmega/drivers/twi/twim.o
                              0x2b5c3 (size before relaxing)
 .debug_str     0x0002d870      0x52c src/ASF/xmega/drivers/wdt/wdt.o
                              0x2b434 (size before relaxing)
 .debug_str     0x0002dd9c     0x3de8 src/Drivers/GPS_Interrupts.o
                              0x2ef25 (size before relaxing)
 .debug_str     0x00031b84     0x1490 src/Drivers/imu.o
                              0x2ffff (size before relaxing)
 .debug_str     0x00033014      0x12c src/Drivers/MahonyAHRS.o
                               0x311b (size before relaxing)
 .debug_str     0x00033140      0x177 src/Drivers/RingBuffer.o
                              0x2eb33 (size before relaxing)
 .debug_str     0x000332b7      0x2d6 src/ASF/common/services/clock/xmega/sysclk.o
                              0x2cffe (size before relaxing)
 .debug_str     0x0003358d       0x25 src/ASF/common/utils/stdio/read.o
                              0x2af25 (size before relaxing)
 .debug_str     0x000335b2       0x26 src/ASF/common/utils/stdio/write.o
                              0x2af27 (size before relaxing)
 .debug_str     0x000335d8      0x430 src/ASF/xmega/drivers/adc/adc.o
                              0x2d9a7 (size before relaxing)
 .debug_str     0x00033a08      0x5bc src/ASF/xmega/drivers/adc/xmega_aau/adc_aau.o
                              0x2dc3a (size before relaxing)
 .debug_str     0x00033fc4      0xb77 src/ASF/xmega/drivers/usart/usart.o
                              0x2e3e3 (size before relaxing)
 .debug_str     0x00034b3b       0x58 src/Drivers/altitude.o
                              0x2ed14 (size before relaxing)
 .debug_str     0x00034b93      0x276 src/Drivers/GPS.o
                              0x2fc98 (size before relaxing)
 .debug_str     0x00034e09       0xca src/Drivers/mechanics.o
                              0x2ece2 (size before relaxing)
 .debug_str     0x00034ed3      0x44c src/Drivers/mpu9250.o
                              0x3019f (size before relaxing)
 .debug_str     0x0003531f       0x93 src/Drivers/pressure.o
                              0x2ecf6 (size before relaxing)
 .debug_str     0x000353b2       0x5d src/Drivers/thermistor.o
                              0x2f3eb (size before relaxing)
 .debug_str     0x0003540f       0x8a src/Drivers/timer_counter.o
                              0x2ed47 (size before relaxing)
 .debug_str     0x00035499      0x139 src/Drivers/usart_comms.o
                              0x2ef69 (size before relaxing)
 .debug_str     0x000355d2      0x440 src/main.o
                              0x31288 (size before relaxing)

.debug_loc      0x00000000     0x7a5d
 *(.debug_loc)
 .debug_loc     0x00000000      0x64a src/ASF/xmega/drivers/twi/twim.o
 .debug_loc     0x0000064a      0x16c src/ASF/xmega/drivers/wdt/wdt.o
 .debug_loc     0x000007b6      0x168 src/Drivers/GPS_Interrupts.o
 .debug_loc     0x0000091e      0x377 src/Drivers/imu.o
 .debug_loc     0x00000c95      0xdc5 src/Drivers/MahonyAHRS.o
 .debug_loc     0x00001a5a      0xaf9 src/Drivers/RingBuffer.o
 .debug_loc     0x00002553      0x301 src/ASF/common/services/clock/xmega/sysclk.o
 .debug_loc     0x00002854       0x6e src/ASF/common/utils/stdio/read.o
 .debug_loc     0x000028c2       0x52 src/ASF/common/utils/stdio/write.o
 .debug_loc     0x00002914      0x2b3 src/ASF/xmega/drivers/adc/adc.o
 .debug_loc     0x00002bc7      0xd3c src/ASF/xmega/drivers/adc/xmega_aau/adc_aau.o
 .debug_loc     0x00003903      0xe0d src/ASF/xmega/drivers/usart/usart.o
 .debug_loc     0x00004710      0x156 src/Drivers/altitude.o
 .debug_loc     0x00004866     0x1158 src/Drivers/GPS.o
 .debug_loc     0x000059be       0xc1 src/Drivers/mechanics.o
 .debug_loc     0x00005a7f      0xa53 src/Drivers/mpu9250.o
 .debug_loc     0x000064d2      0x441 src/Drivers/pressure.o
 .debug_loc     0x00006913      0x1d2 src/Drivers/thermistor.o
 .debug_loc     0x00006ae5      0x153 src/Drivers/timer_counter.o
 .debug_loc     0x00006c38      0x3cd src/Drivers/usart_comms.o
 .debug_loc     0x00007005      0xa58 src/main.o

.debug_macinfo
 *(.debug_macinfo)

.debug_weaknames
 *(.debug_weaknames)

.debug_funcnames
 *(.debug_funcnames)

.debug_typenames
 *(.debug_typenames)

.debug_varnames
 *(.debug_varnames)

.debug_pubtypes
 *(.debug_pubtypes)

.debug_ranges   0x00000000      0x628
 *(.debug_ranges)
 .debug_ranges  0x00000000       0x70 src/ASF/xmega/drivers/twi/twim.o
 .debug_ranges  0x00000070       0x40 src/ASF/xmega/drivers/wdt/wdt.o
 .debug_ranges  0x000000b0       0x28 src/Drivers/GPS_Interrupts.o
 .debug_ranges  0x000000d8       0x40 src/Drivers/imu.o
 .debug_ranges  0x00000118       0x20 src/Drivers/MahonyAHRS.o
 .debug_ranges  0x00000138       0xb0 src/Drivers/RingBuffer.o
 .debug_ranges  0x000001e8       0x30 src/ASF/common/services/clock/xmega/sysclk.o
 .debug_ranges  0x00000218       0x10 src/ASF/common/utils/stdio/read.o
 .debug_ranges  0x00000228       0x10 src/ASF/common/utils/stdio/write.o
 .debug_ranges  0x00000238       0x38 src/ASF/xmega/drivers/adc/adc.o
 .debug_ranges  0x00000270       0x68 src/ASF/xmega/drivers/adc/xmega_aau/adc_aau.o
 .debug_ranges  0x000002d8       0x20 src/ASF/xmega/drivers/nvm/nvm_asm.o
 .debug_ranges  0x000002f8       0x80 src/ASF/xmega/drivers/usart/usart.o
 .debug_ranges  0x00000378       0x10 src/Drivers/altitude.o
 .debug_ranges  0x00000388       0x50 src/Drivers/GPS.o
 .debug_ranges  0x000003d8       0x58 src/Drivers/mechanics.o
 .debug_ranges  0x00000430       0xa8 src/Drivers/mpu9250.o
 .debug_ranges  0x000004d8       0x58 src/Drivers/pressure.o
 .debug_ranges  0x00000530       0x20 src/Drivers/thermistor.o
 .debug_ranges  0x00000550       0x30 src/Drivers/timer_counter.o
 .debug_ranges  0x00000580       0x50 src/Drivers/usart_comms.o
 .debug_ranges  0x000005d0       0x58 src/main.o

.debug_macro    0x00000000     0xeb92
 *(.debug_macro)
 .debug_macro   0x00000000      0x198 src/ASF/xmega/drivers/twi/twim.o
 .debug_macro   0x00000198      0xa96 src/ASF/xmega/drivers/twi/twim.o
 .debug_macro   0x00000c2e       0x10 src/ASF/xmega/drivers/twi/twim.o
 .debug_macro   0x00000c3e      0x1c9 src/ASF/xmega/drivers/twi/twim.o
 .debug_macro   0x00000e07      0x2fc src/ASF/xmega/drivers/twi/twim.o
 .debug_macro   0x00001103       0x9e src/ASF/xmega/drivers/twi/twim.o
 .debug_macro   0x000011a1     0x6dbc src/ASF/xmega/drivers/twi/twim.o
 .debug_macro   0x00007f5d       0x9a src/ASF/xmega/drivers/twi/twim.o
 .debug_macro   0x00007ff7       0xf1 src/ASF/xmega/drivers/twi/twim.o
 .debug_macro   0x000080e8       0x34 src/ASF/xmega/drivers/twi/twim.o
 .debug_macro   0x0000811c       0x16 src/ASF/xmega/drivers/twi/twim.o
 .debug_macro   0x00008132       0x18 src/ASF/xmega/drivers/twi/twim.o
 .debug_macro   0x0000814a       0x5e src/ASF/xmega/drivers/twi/twim.o
 .debug_macro   0x000081a8       0x10 src/ASF/xmega/drivers/twi/twim.o
 .debug_macro   0x000081b8       0x22 src/ASF/xmega/drivers/twi/twim.o
 .debug_macro   0x000081da      0x16d src/ASF/xmega/drivers/twi/twim.o
 .debug_macro   0x00008347       0x1c src/ASF/xmega/drivers/twi/twim.o
 .debug_macro   0x00008363       0x35 src/ASF/xmega/drivers/twi/twim.o
 .debug_macro   0x00008398       0x66 src/ASF/xmega/drivers/twi/twim.o
 .debug_macro   0x000083fe      0x64b src/ASF/xmega/drivers/twi/twim.o
 .debug_macro   0x00008a49       0x97 src/ASF/xmega/drivers/twi/twim.o
 .debug_macro   0x00008ae0       0x17 src/ASF/xmega/drivers/twi/twim.o
 .debug_macro   0x00008af7      0x250 src/ASF/xmega/drivers/twi/twim.o
 .debug_macro   0x00008d47       0x76 src/ASF/xmega/drivers/twi/twim.o
 .debug_macro   0x00008dbd       0x16 src/ASF/xmega/drivers/twi/twim.o
 .debug_macro   0x00008dd3      0x6e3 src/ASF/xmega/drivers/twi/twim.o
 .debug_macro   0x000094b6       0x10 src/ASF/xmega/drivers/twi/twim.o
 .debug_macro   0x000094c6      0x175 src/ASF/xmega/drivers/twi/twim.o
 .debug_macro   0x0000963b       0x40 src/ASF/xmega/drivers/twi/twim.o
 .debug_macro   0x0000967b       0x69 src/ASF/xmega/drivers/twi/twim.o
 .debug_macro   0x000096e4       0x32 src/ASF/xmega/drivers/twi/twim.o
 .debug_macro   0x00009716       0xe4 src/ASF/xmega/drivers/twi/twim.o
 .debug_macro   0x000097fa       0x16 src/ASF/xmega/drivers/twi/twim.o
 .debug_macro   0x00009810       0x22 src/ASF/xmega/drivers/twi/twim.o
 .debug_macro   0x00009832       0x10 src/ASF/xmega/drivers/twi/twim.o
 .debug_macro   0x00009842      0x180 src/ASF/xmega/drivers/wdt/wdt.o
 .debug_macro   0x000099c2       0x11 src/ASF/xmega/drivers/wdt/wdt.o
 .debug_macro   0x000099d3      0x3b4 src/Drivers/GPS_Interrupts.o
 .debug_macro   0x00009d87       0x16 src/Drivers/GPS_Interrupts.o
 .debug_macro   0x00009d9d       0x97 src/Drivers/GPS_Interrupts.o
 .debug_macro   0x00009e34       0x16 src/Drivers/GPS_Interrupts.o
 .debug_macro   0x00009e4a       0x16 src/Drivers/GPS_Interrupts.o
 .debug_macro   0x00009e60       0xaa src/Drivers/GPS_Interrupts.o
 .debug_macro   0x00009f0a       0xf6 src/Drivers/GPS_Interrupts.o
 .debug_macro   0x0000a000       0x5a src/Drivers/GPS_Interrupts.o
 .debug_macro   0x0000a05a       0x10 src/Drivers/GPS_Interrupts.o
 .debug_macro   0x0000a06a       0x20 src/Drivers/GPS_Interrupts.o
 .debug_macro   0x0000a08a       0x10 src/Drivers/GPS_Interrupts.o
 .debug_macro   0x0000a09a       0x42 src/Drivers/GPS_Interrupts.o
 .debug_macro   0x0000a0dc       0x1c src/Drivers/GPS_Interrupts.o
 .debug_macro   0x0000a0f8      0x2c6 src/Drivers/GPS_Interrupts.o
 .debug_macro   0x0000a3be      0x17c src/Drivers/GPS_Interrupts.o
 .debug_macro   0x0000a53a       0x84 src/Drivers/GPS_Interrupts.o
 .debug_macro   0x0000a5be       0x2f src/Drivers/GPS_Interrupts.o
 .debug_macro   0x0000a5ed      0x15b src/Drivers/GPS_Interrupts.o
 .debug_macro   0x0000a748       0xe3 src/Drivers/GPS_Interrupts.o
 .debug_macro   0x0000a82b       0x34 src/Drivers/GPS_Interrupts.o
 .debug_macro   0x0000a85f       0x28 src/Drivers/GPS_Interrupts.o
 .debug_macro   0x0000a887       0x23 src/Drivers/GPS_Interrupts.o
 .debug_macro   0x0000a8aa       0x9a src/Drivers/GPS_Interrupts.o
 .debug_macro   0x0000a944      0x109 src/Drivers/GPS_Interrupts.o
 .debug_macro   0x0000aa4d       0x40 src/Drivers/GPS_Interrupts.o
 .debug_macro   0x0000aa8d       0x58 src/Drivers/GPS_Interrupts.o
 .debug_macro   0x0000aae5       0x10 src/Drivers/GPS_Interrupts.o
 .debug_macro   0x0000aaf5       0xf2 src/Drivers/GPS_Interrupts.o
 .debug_macro   0x0000abe7       0x3a src/Drivers/GPS_Interrupts.o
 .debug_macro   0x0000ac21       0x28 src/Drivers/GPS_Interrupts.o
 .debug_macro   0x0000ac49       0x1c src/Drivers/GPS_Interrupts.o
 .debug_macro   0x0000ac65       0xa6 src/Drivers/GPS_Interrupts.o
 .debug_macro   0x0000ad0b      0x3a4 src/Drivers/imu.o
 .debug_macro   0x0000b0af      0x166 src/Drivers/imu.o
 .debug_macro   0x0000b215       0x60 src/Drivers/imu.o
 .debug_macro   0x0000b275       0x16 src/Drivers/imu.o
 .debug_macro   0x0000b28b      0x38c src/Drivers/imu.o
 .debug_macro   0x0000b617       0x10 src/Drivers/imu.o
 .debug_macro   0x0000b627       0x35 src/Drivers/MahonyAHRS.o
 .debug_macro   0x0000b65c      0x385 src/Drivers/RingBuffer.o
 .debug_macro   0x0000b9e1      0x1db src/ASF/common/services/clock/xmega/sysclk.o
 .debug_macro   0x0000bbbc       0x26 src/ASF/common/services/clock/xmega/sysclk.o
 .debug_macro   0x0000bbe2      0x16d src/ASF/common/utils/stdio/read.o
 .debug_macro   0x0000bd4f      0x16d src/ASF/common/utils/stdio/write.o
 .debug_macro   0x0000bebc      0x22f src/ASF/xmega/drivers/adc/adc.o
 .debug_macro   0x0000c0eb      0x22f src/ASF/xmega/drivers/adc/xmega_aau/adc_aau.o
 .debug_macro   0x0000c31a      0x223 src/ASF/xmega/drivers/usart/usart.o
 .debug_macro   0x0000c53d      0x3a7 src/Drivers/altitude.o
 .debug_macro   0x0000c8e4      0x160 src/Drivers/altitude.o
 .debug_macro   0x0000ca44      0x3b9 src/Drivers/GPS.o
 .debug_macro   0x0000cdfd      0x394 src/Drivers/mechanics.o
 .debug_macro   0x0000d191      0x397 src/Drivers/mpu9250.o
 .debug_macro   0x0000d528       0x40 src/Drivers/mpu9250.o
 .debug_macro   0x0000d568      0x350 src/Drivers/mpu9250.o
 .debug_macro   0x0000d8b8      0x38a src/Drivers/pressure.o
 .debug_macro   0x0000dc42      0x393 src/Drivers/thermistor.o
 .debug_macro   0x0000dfd5      0x38a src/Drivers/timer_counter.o
 .debug_macro   0x0000e35f      0x39e src/Drivers/usart_comms.o
 .debug_macro   0x0000e6fd      0x42d src/main.o
 .debug_macro   0x0000eb2a       0x34 src/main.o
 .debug_macro   0x0000eb5e       0x34 src/main.o
OUTPUT(CanSat Probe Code.elf elf32-avr)
LOAD linker stubs

.BOOT           0x00020000        0x0
