Archive member included to satisfy reference by file (symbol)

c:/program files (x86)/atmel/studio/7.0/toolchain/avr8/avr8-gnu-toolchain/bin/../lib/gcc/avr/5.4.0/../../../../avr/lib/avrxmega7\libm.a(addsf3.o)
                              src/Drivers/altitude.o (__subsf3)
c:/program files (x86)/atmel/studio/7.0/toolchain/avr8/avr8-gnu-toolchain/bin/../lib/gcc/avr/5.4.0/../../../../avr/lib/avrxmega7\libm.a(addsf3x.o)
                              c:/program files (x86)/atmel/studio/7.0/toolchain/avr8/avr8-gnu-toolchain/bin/../lib/gcc/avr/5.4.0/../../../../avr/lib/avrxmega7\libm.a(addsf3.o) (__addsf3x)
c:/program files (x86)/atmel/studio/7.0/toolchain/avr8/avr8-gnu-toolchain/bin/../lib/gcc/avr/5.4.0/../../../../avr/lib/avrxmega7\libm.a(divsf3.o)
                              src/Drivers/altitude.o (__divsf3)
c:/program files (x86)/atmel/studio/7.0/toolchain/avr8/avr8-gnu-toolchain/bin/../lib/gcc/avr/5.4.0/../../../../avr/lib/avrxmega7\libm.a(divsf3x.o)
                              c:/program files (x86)/atmel/studio/7.0/toolchain/avr8/avr8-gnu-toolchain/bin/../lib/gcc/avr/5.4.0/../../../../avr/lib/avrxmega7\libm.a(divsf3.o) (__divsf3x)
c:/program files (x86)/atmel/studio/7.0/toolchain/avr8/avr8-gnu-toolchain/bin/../lib/gcc/avr/5.4.0/../../../../avr/lib/avrxmega7\libm.a(fixsfsi.o)
                              src/Drivers/mpu9250.o (__fixsfsi)
c:/program files (x86)/atmel/studio/7.0/toolchain/avr8/avr8-gnu-toolchain/bin/../lib/gcc/avr/5.4.0/../../../../avr/lib/avrxmega7\libm.a(fixunssfsi.o)
                              src/Drivers/thermistor.o (__fixunssfsi)
c:/program files (x86)/atmel/studio/7.0/toolchain/avr8/avr8-gnu-toolchain/bin/../lib/gcc/avr/5.4.0/../../../../avr/lib/avrxmega7\libm.a(floatsisf.o)
                              src/Drivers/altitude.o (__floatunsisf)
c:/program files (x86)/atmel/studio/7.0/toolchain/avr8/avr8-gnu-toolchain/bin/../lib/gcc/avr/5.4.0/../../../../avr/lib/avrxmega7\libm.a(fp_inf.o)
                              c:/program files (x86)/atmel/studio/7.0/toolchain/avr8/avr8-gnu-toolchain/bin/../lib/gcc/avr/5.4.0/../../../../avr/lib/avrxmega7\libm.a(addsf3x.o) (__fp_inf)
c:/program files (x86)/atmel/studio/7.0/toolchain/avr8/avr8-gnu-toolchain/bin/../lib/gcc/avr/5.4.0/../../../../avr/lib/avrxmega7\libm.a(fp_nan.o)
                              c:/program files (x86)/atmel/studio/7.0/toolchain/avr8/avr8-gnu-toolchain/bin/../lib/gcc/avr/5.4.0/../../../../avr/lib/avrxmega7\libm.a(addsf3x.o) (__fp_nan)
c:/program files (x86)/atmel/studio/7.0/toolchain/avr8/avr8-gnu-toolchain/bin/../lib/gcc/avr/5.4.0/../../../../avr/lib/avrxmega7\libm.a(fp_pscA.o)
                              c:/program files (x86)/atmel/studio/7.0/toolchain/avr8/avr8-gnu-toolchain/bin/../lib/gcc/avr/5.4.0/../../../../avr/lib/avrxmega7\libm.a(addsf3x.o) (__fp_pscA)
c:/program files (x86)/atmel/studio/7.0/toolchain/avr8/avr8-gnu-toolchain/bin/../lib/gcc/avr/5.4.0/../../../../avr/lib/avrxmega7\libm.a(fp_pscB.o)
                              c:/program files (x86)/atmel/studio/7.0/toolchain/avr8/avr8-gnu-toolchain/bin/../lib/gcc/avr/5.4.0/../../../../avr/lib/avrxmega7\libm.a(addsf3x.o) (__fp_pscB)
c:/program files (x86)/atmel/studio/7.0/toolchain/avr8/avr8-gnu-toolchain/bin/../lib/gcc/avr/5.4.0/../../../../avr/lib/avrxmega7\libm.a(fp_round.o)
                              c:/program files (x86)/atmel/studio/7.0/toolchain/avr8/avr8-gnu-toolchain/bin/../lib/gcc/avr/5.4.0/../../../../avr/lib/avrxmega7\libm.a(addsf3.o) (__fp_round)
c:/program files (x86)/atmel/studio/7.0/toolchain/avr8/avr8-gnu-toolchain/bin/../lib/gcc/avr/5.4.0/../../../../avr/lib/avrxmega7\libm.a(fp_split3.o)
                              c:/program files (x86)/atmel/studio/7.0/toolchain/avr8/avr8-gnu-toolchain/bin/../lib/gcc/avr/5.4.0/../../../../avr/lib/avrxmega7\libm.a(addsf3x.o) (__fp_split3)
c:/program files (x86)/atmel/studio/7.0/toolchain/avr8/avr8-gnu-toolchain/bin/../lib/gcc/avr/5.4.0/../../../../avr/lib/avrxmega7\libm.a(fp_zero.o)
                              c:/program files (x86)/atmel/studio/7.0/toolchain/avr8/avr8-gnu-toolchain/bin/../lib/gcc/avr/5.4.0/../../../../avr/lib/avrxmega7\libm.a(addsf3x.o) (__fp_zero)
c:/program files (x86)/atmel/studio/7.0/toolchain/avr8/avr8-gnu-toolchain/bin/../lib/gcc/avr/5.4.0/../../../../avr/lib/avrxmega7\libm.a(log.o)
                              src/Drivers/thermistor.o (log)
c:/program files (x86)/atmel/studio/7.0/toolchain/avr8/avr8-gnu-toolchain/bin/../lib/gcc/avr/5.4.0/../../../../avr/lib/avrxmega7\libm.a(mulsf3.o)
                              src/Drivers/altitude.o (__mulsf3)
c:/program files (x86)/atmel/studio/7.0/toolchain/avr8/avr8-gnu-toolchain/bin/../lib/gcc/avr/5.4.0/../../../../avr/lib/avrxmega7\libm.a(mulsf3x.o)
                              c:/program files (x86)/atmel/studio/7.0/toolchain/avr8/avr8-gnu-toolchain/bin/../lib/gcc/avr/5.4.0/../../../../avr/lib/avrxmega7\libm.a(log.o) (__mulsf3x)
[...]
Memory Configuration

Name             Origin             Length             Attributes
text             0x00000000         0x00100000         xr
data             0x00802000         0x0000ffa0         rw !x
eeprom           0x00810000         0x00010000         rw !x
fuse             0x00820000         0x00000006         rw !x
lock             0x00830000         0x00000400         rw !x
signature        0x00840000         0x00000400         rw !x
user_signatures  0x00850000         0x00000400         rw !x
*default*        0x00000000         0xffffffff

Linker script and memory map

LOAD C:/Program Files (x86)/Atmel/Studio/7.0/Packs/atmel/XMEGAA_DFP/1.1.68/gcc/dev/atxmega128a1u/avrxmega7/crtatxmega128a1u.o
LOAD src/ASF/xmega/drivers/twi/twim.o
LOAD src/ASF/xmega/drivers/twi/twis.o
LOAD src/Drivers/RTC.o
LOAD src/ASF/common/services/clock/xmega/sysclk.o
LOAD src/ASF/common/services/serial/usart_serial.o
LOAD src/ASF/common/services/sleepmgr/xmega/sleepmgr.o
LOAD src/ASF/common/utils/stdio/read.o
LOAD src/ASF/common/utils/stdio/write.o
LOAD src/ASF/xmega/drivers/adc/adc.o
LOAD src/ASF/xmega/drivers/adc/xmega_aau/adc_aau.o
LOAD src/ASF/xmega/drivers/cpu/ccp.o
LOAD src/ASF/common/services/ioport/xmega/ioport_compat.o
LOAD src/ASF/xmega/boards/xmega_a1_xplained/init.o
LOAD src/ASF/xmega/drivers/nvm/nvm.o
LOAD src/ASF/xmega/drivers/nvm/nvm_asm.o
LOAD src/ASF/xmega/drivers/tc/tc.o
LOAD src/ASF/xmega/drivers/usart/usart.o
LOAD src/Drivers/altitude.o
LOAD src/Drivers/GPS.o
LOAD src/Drivers/LED.o
LOAD src/Drivers/mechanics.o
LOAD src/Drivers/mpu9250.o
LOAD src/Drivers/pressure.o
LOAD src/Drivers/Temperature trial.o
LOAD src/Drivers/thermistor.o
LOAD src/Drivers/timer_counter.o
LOAD src/Drivers/usart_comms.o
LOAD src/Drivers/velocity.o
LOAD src/main.o
START GROUP
LOAD c:/program files (x86)/atmel/studio/7.0/toolchain/avr8/avr8-gnu-toolchain/bin/../lib/gcc/avr/5.4.0/../../../../avr/lib/avrxmega7\libm.a
LOAD c:/program files (x86)/atmel/studio/7.0/toolchain/avr8/avr8-gnu-toolchain/bin/../lib/gcc/avr/5.4.0/../../../../avr/lib/avrxmega7\libprintf_flt.a
END GROUP
Address of section .BOOT set to 0x20000
START GROUP
LOAD c:/program files (x86)/atmel/studio/7.0/toolchain/avr8/avr8-gnu-toolchain/bin/../lib/gcc/avr/5.4.0/avrxmega7\libgcc.a
LOAD c:/program files (x86)/atmel/studio/7.0/toolchain/avr8/avr8-gnu-toolchain/bin/../lib/gcc/avr/5.4.0/../../../../avr/lib/avrxmega7\libm.a
LOAD c:/program files (x86)/atmel/studio/7.0/toolchain/avr8/avr8-gnu-toolchain/bin/../lib/gcc/avr/5.4.0/../../../../avr/lib/avrxmega7\libc.a
LOAD C:/Program Files (x86)/Atmel/Studio/7.0/Packs/atmel/XMEGAA_DFP/1.1.68/gcc/dev/atxmega128a1u/avrxmega7\libatxmega128a1u.a
END GROUP
                0x00100000                __TEXT_REGION_LENGTH__ = DEFINED (__TEXT_REGION_LENGTH__)?__TEXT_REGION_LENGTH__:0x100000
                0x0000ffa0                __DATA_REGION_LENGTH__ = DEFINED (__DATA_REGION_LENGTH__)?__DATA_REGION_LENGTH__:0xffa0
                0x00010000                __EEPROM_REGION_LENGTH__ = DEFINED (__EEPROM_REGION_LENGTH__)?__EEPROM_REGION_LENGTH__:0x10000
                [0x00000006]                __FUSE_REGION_LENGTH__ = DEFINED (__FUSE_REGION_LENGTH__)?__FUSE_REGION_LENGTH__:0x400
                0x00000400                __LOCK_REGION_LENGTH__ = DEFINED (__LOCK_REGION_LENGTH__)?__LOCK_REGION_LENGTH__:0x400
                0x00000400                __SIGNATURE_REGION_LENGTH__ = DEFINED (__SIGNATURE_REGION_LENGTH__)?__SIGNATURE_REGION_LENGTH__:0x400
                0x00000400                __USER_SIGNATURE_REGION_LENGTH__ = DEFINED (__USER_SIGNATURE_REGION_LENGTH__)?__USER_SIGNATURE_REGION_LENGTH__:0x400

.hash
 *(.hash)

.dynsym
 *(.dynsym)

.dynstr
 *(.dynstr)

.gnu.version
 *(.gnu.version)

.gnu.version_d
 *(.gnu.version_d)

.gnu.version_r
 *(.gnu.version_r)

.rel.init
 *(.rel.init)

.rela.init
 *(.rela.init)

.rel.text
 *(.rel.text)
 *(.rel.text.*)
 *(.rel.gnu.linkonce.t*)

.rela.text
 *(.rela.text)
 *(.rela.text.*)
 *(.rela.gnu.linkonce.t*)

.rel.fini
 *(.rel.fini)

.rela.fini
 *(.rela.fini)

.rel.rodata
 *(.rel.rodata)
 *(.rel.rodata.*)
 *(.rel.gnu.linkonce.r*)

.rela.rodata
 *(.rela.rodata)
 *(.rela.rodata.*)
 *(.rela.gnu.linkonce.r*)

.rel.data
 *(.rel.data)
 *(.rel.data.*)
 *(.rel.gnu.linkonce.d*)

.rela.data
 *(.rela.data)
 *(.rela.data.*)
 *(.rela.gnu.linkonce.d*)

.rel.ctors
 *(.rel.ctors)

.rela.ctors
 *(.rela.ctors)

.rel.dtors
 *(.rel.dtors)

.rela.dtors
 *(.rela.dtors)

.rel.got
 *(.rel.got)

.rela.got
 *(.rela.got)

.rel.bss
 *(.rel.bss)

.rela.bss
 *(.rela.bss)

.rel.plt
 *(.rel.plt)

.rela.plt
 *(.rela.plt)

.text           0x00000000     0x47ac
 *(.vectors)
 .vectors       0x00000000      0x1fc C:/Program Files (x86)/Atmel/Studio/7.0/Packs/atmel/XMEGAA_DFP/1.1.68/gcc/dev/atxmega128a1u/avrxmega7/crtatxmega128a1u.o
                0x00000000                __vector_default
                0x00000000                __vectors
 *(.vectors)
 *(.progmem.gcc*)
 .progmem.gcc_fplib
                0x000001fc       0x5a c:/program files (x86)/atmel/studio/7.0/toolchain/avr8/avr8-gnu-toolchain/bin/../lib/gcc/avr/5.4.0/../../../../avr/lib/avrxmega7\libm.a(log.o)
 .progmem.gcc_fplib
                0x00000256       0x28 c:/program files (x86)/atmel/studio/7.0/toolchain/avr8/avr8-gnu-toolchain/bin/../lib/gcc/avr/5.4.0/../../../../avr/lib/avrxmega7\libm.a(exp.o)
                0x0000027e                . = ALIGN (0x2)
                0x0000027e                __trampolines_start = .
 *(.trampolines)
 .trampolines   0x0000027e        0x0 linker stubs
 *(.trampolines*)
                0x0000027e                __trampolines_end = .
 *libprintf_flt.a:*(.progmem.data)
 .progmem.data  0x0000027e        0x8 c:/program files (x86)/atmel/studio/7.0/toolchain/avr8/avr8-gnu-toolchain/bin/../lib/gcc/avr/5.4.0/../../../../avr/lib/avrxmega7\libprintf_flt.a(vfprintf_flt.o)
 *libc.a:*(.progmem.data)
 .progmem.data  0x00000286       0xfa c:/program files (x86)/atmel/studio/7.0/toolchain/avr8/avr8-gnu-toolchain/bin/../lib/gcc/avr/5.4.0/../../../../avr/lib/avrxmega7\libc.a(ftoa_engine.o)
 *(.progmem*)
                0x00000380                . = ALIGN (0x2)
 *(.jumptables)
 *(.jumptables*)
 *(.lowtext)
 *(.lowtext*)
                0x00000380                __ctors_start = .
 *(.ctors)
                0x00000380                __ctors_end = .
                0x00000380                __dtors_start = .
 *(.dtors)
                0x00000380                __dtors_end = .
 SORT(*)(.ctors)
 SORT(*)(.dtors)
 *(.init0)
 .init0         0x00000380        0x0 C:/Program Files (x86)/Atmel/Studio/7.0/Packs/atmel/XMEGAA_DFP/1.1.68/gcc/dev/atxmega128a1u/avrxmega7/crtatxmega128a1u.o
                0x00000380                __init
 *(.init0)
 *(.init1)
 *(.init1)
 *(.init2)
 .init2         0x00000380       0x18 C:/Program Files (x86)/Atmel/Studio/7.0/Packs/atmel/XMEGAA_DFP/1.1.68/gcc/dev/atxmega128a1u/avrxmega7/crtatxmega128a1u.o
 *(.init2)
 *(.init3)
 *(.init3)
 *(.init4)
 .init4         0x00000398       0x1c c:/program files (x86)/atmel/studio/7.0/toolchain/avr8/avr8-gnu-toolchain/bin/../lib/gcc/avr/5.4.0/avrxmega7\libgcc.a(_copy_data.o)
                0x00000398                __do_copy_data
 .init4         0x000003b4       0x10 c:/program files (x86)/atmel/studio/7.0/toolchain/avr8/avr8-gnu-toolchain/bin/../lib/gcc/avr/5.4.0/avrxmega7\libgcc.a(_clear_bss.o)
                0x000003b4                __do_clear_bss
 *(.init4)
 *(.init5)
 *(.init5)
 *(.init6)
 *(.init6)
 *(.init7)
 *(.init7)
 *(.init8)
 *(.init8)
 *(.init9)
 .init9         0x000003c4        0x8 C:/Program Files (x86)/Atmel/Studio/7.0/Packs/atmel/XMEGAA_DFP/1.1.68/gcc/dev/atxmega128a1u/avrxmega7/crtatxmega128a1u.o
 *(.init9)
 *(.text)
 .text          0x000003cc        0x2 C:/Program Files (x86)/Atmel/Studio/7.0/Packs/atmel/XMEGAA_DFP/1.1.68/gcc/dev/atxmega128a1u/avrxmega7/crtatxmega128a1u.o
                0x000003cc                __vector_38
                0x000003cc                __vector_104
                0x000003cc                __vector_63
                0x000003cc                __vector_28
                0x000003cc                __vector_67
                0x000003cc                __vector_1
                0x000003cc                __vector_119
                0x000003cc                __vector_32
                0x000003cc                __vector_75
                0x000003cc                __vector_91
                0x000003cc                __vector_34
                0x000003cc                __vector_62
                0x000003cc                __vector_102
                0x000003cc                __vector_24
                0x000003cc                __vector_12
                0x000003cc                __vector_69
                0x000003cc                __vector_90
                0x000003cc                __bad_interrupt
                0x000003cc                __vector_122
                0x000003cc                __vector_6
                0x000003cc                __vector_31
                0x000003cc                __vector_92
                0x000003cc                __vector_35
                0x000003cc                __vector_3
                0x000003cc                __vector_105
                0x000003cc                __vector_98
                0x000003cc                __vector_68
                0x000003cc                __vector_30
                0x000003cc                __vector_45
                0x000003cc                __vector_25
                0x000003cc                __vector_93
                0x000003cc                __vector_61
                0x000003cc                __vector_11
                0x000003cc                __vector_99
                0x000003cc                __vector_7
                0x000003cc                __vector_125
                0x000003cc                __vector_123
                0x000003cc                __vector_100
                0x000003cc                __vector_101
                0x000003cc                __vector_64
                0x000003cc                __vector_88
                0x000003cc                __vector_27
                0x000003cc                __vector_5
                0x000003cc                __vector_33
                0x000003cc                __vector_37
                0x000003cc                __vector_95
                0x000003cc                __vector_103
                0x000003cc                __vector_96
                0x000003cc                __vector_89
                0x000003cc                __vector_4
                0x000003cc                __vector_44
                0x000003cc                __vector_106
                0x000003cc                __vector_118
                0x000003cc                __vector_9
                0x000003cc                __vector_2
                0x000003cc                __vector_66
                0x000003cc                __vector_36
                0x000003cc                __vector_58
                0x000003cc                __vector_70
                0x000003cc                __vector_29
                0x000003cc                __vector_60
                0x000003cc                __vector_121
                0x000003cc                __vector_94
                0x000003cc                __vector_126
                0x000003cc                __vector_8
                0x000003cc                __vector_26
                0x000003cc                __vector_124
                0x000003cc                __vector_57
                0x000003cc                __vector_10
                0x000003cc                __vector_59
                0x000003cc                __vector_97
                0x000003cc                __vector_87
                0x000003cc                __vector_65
                0x000003cc                __vector_120
                0x000003ce                . = ALIGN (0x2)
 *(.text.*)
 .text.twim_interrupt_handler
                0x000003ce      0x12e src/ASF/xmega/drivers/twi/twim.o
 .text.__vector_13
                0x000004fc       0x64 src/ASF/xmega/drivers/twi/twim.o
                0x000004fc                __vector_13
 .text.__vector_76
                0x00000560       0x64 src/ASF/xmega/drivers/twi/twim.o
                0x00000560                __vector_76
 .text.__vector_46
                0x000005c4       0x64 src/ASF/xmega/drivers/twi/twim.o
                0x000005c4                __vector_46
 .text.__vector_107
                0x00000628       0x64 src/ASF/xmega/drivers/twi/twim.o
                0x00000628                __vector_107
 .text.sysclk_init
                0x0000068c       0x6a src/ASF/common/services/clock/xmega/sysclk.o
                0x0000068c                sysclk_init
 .text.sysclk_enable_module
                0x000006f6       0x2c src/ASF/common/services/clock/xmega/sysclk.o
                0x000006f6                sysclk_enable_module
 .text._read    0x00000722       0x32 src/ASF/common/utils/stdio/read.o
                0x00000722                _read
 .text._write   0x00000754       0x24 src/ASF/common/utils/stdio/write.o
                0x00000754                _write
 .text.__vector_71
                0x00000778       0x7a src/ASF/xmega/drivers/adc/xmega_aau/adc_aau.o
                0x00000778                __vector_71
 .text.__vector_72
                0x000007f2       0x7a src/ASF/xmega/drivers/adc/xmega_aau/adc_aau.o
                0x000007f2                __vector_72
 .text.__vector_73
                0x0000086c       0x7a src/ASF/xmega/drivers/adc/xmega_aau/adc_aau.o
                0x0000086c                __vector_73
 .text.__vector_74
                0x000008e6       0x7a src/ASF/xmega/drivers/adc/xmega_aau/adc_aau.o
                0x000008e6                __vector_74
 .text.__vector_39
                0x00000960       0x7a src/ASF/xmega/drivers/adc/xmega_aau/adc_aau.o
                0x00000960                __vector_39
 .text.__vector_40
                0x000009da       0x7a src/ASF/xmega/drivers/adc/xmega_aau/adc_aau.o
                0x000009da                __vector_40
 .text.__vector_41
                0x00000a54       0x7a src/ASF/xmega/drivers/adc/xmega_aau/adc_aau.o
                0x00000a54                __vector_41
 .text.__vector_42
                0x00000ace       0x7a src/ASF/xmega/drivers/adc/xmega_aau/adc_aau.o
                0x00000ace                __vector_42
 .text.ccp_write_io
                0x00000b48        0xc src/ASF/xmega/drivers/cpu/ccp.o
                0x00000b48                ccp_write_io
 .text.nvm_read_byte
                0x00000b54       0x14 src/ASF/xmega/drivers/nvm/nvm_asm.o
                0x00000b54                nvm_read_byte
 .text.__vector_14
                0x00000b68       0x70 src/ASF/xmega/drivers/tc/tc.o
                0x00000b68                __vector_14
 .text.__vector_15
                0x00000bd8       0x70 src/ASF/xmega/drivers/tc/tc.o
                0x00000bd8                __vector_15
 .text.__vector_16
                0x00000c48       0x70 src/ASF/xmega/drivers/tc/tc.o
                0x00000c48                __vector_16
 .text.__vector_17
                0x00000cb8       0x70 src/ASF/xmega/drivers/tc/tc.o
                0x00000cb8                __vector_17
 .text.__vector_18
                0x00000d28       0x70 src/ASF/xmega/drivers/tc/tc.o
                0x00000d28                __vector_18
 .text.__vector_19
                0x00000d98       0x70 src/ASF/xmega/drivers/tc/tc.o
                0x00000d98                __vector_19
 .text.__vector_20
                0x00000e08       0x70 src/ASF/xmega/drivers/tc/tc.o
                0x00000e08                __vector_20
 .text.__vector_21
                0x00000e78       0x70 src/ASF/xmega/drivers/tc/tc.o
                0x00000e78                __vector_21
 .text.__vector_22
                0x00000ee8       0x70 src/ASF/xmega/drivers/tc/tc.o
                0x00000ee8                __vector_22
 .text.__vector_23
                0x00000f58       0x70 src/ASF/xmega/drivers/tc/tc.o
                0x00000f58                __vector_23
 .text.__vector_77
                0x00000fc8       0x70 src/ASF/xmega/drivers/tc/tc.o
                0x00000fc8                __vector_77
 .text.__vector_78
                0x00001038       0x70 src/ASF/xmega/drivers/tc/tc.o
                0x00001038                __vector_78
 .text.__vector_79
                0x000010a8       0x70 src/ASF/xmega/drivers/tc/tc.o
                0x000010a8                __vector_79
 .text.__vector_80
                0x00001118       0x70 src/ASF/xmega/drivers/tc/tc.o
                0x00001118                __vector_80
 .text.__vector_81
                0x00001188       0x70 src/ASF/xmega/drivers/tc/tc.o
                0x00001188                __vector_81
 .text.__vector_82
                0x000011f8       0x70 src/ASF/xmega/drivers/tc/tc.o
                0x000011f8                __vector_82
 .text.__vector_83
                0x00001268       0x70 src/ASF/xmega/drivers/tc/tc.o
                0x00001268                __vector_83
 .text.__vector_84
                0x000012d8       0x70 src/ASF/xmega/drivers/tc/tc.o
                0x000012d8                __vector_84
 .text.__vector_85
                0x00001348       0x70 src/ASF/xmega/drivers/tc/tc.o
                0x00001348                __vector_85
 .text.__vector_86
                0x000013b8       0x70 src/ASF/xmega/drivers/tc/tc.o
                0x000013b8                __vector_86
 .text.__vector_47
                0x00001428       0x70 src/ASF/xmega/drivers/tc/tc.o
                0x00001428                __vector_47
 .text.__vector_48
                0x00001498       0x70 src/ASF/xmega/drivers/tc/tc.o
                0x00001498                __vector_48
 .text.__vector_49
                0x00001508       0x70 src/ASF/xmega/drivers/tc/tc.o
                0x00001508                __vector_49
 .text.__vector_50
                0x00001578       0x70 src/ASF/xmega/drivers/tc/tc.o
                0x00001578                __vector_50
 .text.__vector_51
                0x000015e8       0x70 src/ASF/xmega/drivers/tc/tc.o
                0x000015e8                __vector_51
 .text.__vector_52
                0x00001658       0x70 src/ASF/xmega/drivers/tc/tc.o
                0x00001658                __vector_52
 .text.__vector_53
                0x000016c8       0x70 src/ASF/xmega/drivers/tc/tc.o
                0x000016c8                __vector_53
 .text.__vector_54
                0x00001738       0x70 src/ASF/xmega/drivers/tc/tc.o
                0x00001738                __vector_54
 .text.__vector_55
                0x000017a8       0x70 src/ASF/xmega/drivers/tc/tc.o
                0x000017a8                __vector_55
 .text.__vector_56
                0x00001818       0x70 src/ASF/xmega/drivers/tc/tc.o
                0x00001818                __vector_56
 .text.__vector_108
                0x00001888       0x70 src/ASF/xmega/drivers/tc/tc.o
                0x00001888                __vector_108
 .text.__vector_109
                0x000018f8       0x70 src/ASF/xmega/drivers/tc/tc.o
                0x000018f8                __vector_109
 .text.__vector_110
                0x00001968       0x70 src/ASF/xmega/drivers/tc/tc.o
                0x00001968                __vector_110
 .text.__vector_111
                0x000019d8       0x70 src/ASF/xmega/drivers/tc/tc.o
                0x000019d8                __vector_111
 .text.__vector_112
                0x00001a48       0x70 src/ASF/xmega/drivers/tc/tc.o
                0x00001a48                __vector_112
 .text.__vector_113
                0x00001ab8       0x70 src/ASF/xmega/drivers/tc/tc.o
                0x00001ab8                __vector_113
 .text.__vector_114
                0x00001b28       0x70 src/ASF/xmega/drivers/tc/tc.o
                0x00001b28                __vector_114
 .text.__vector_115
                0x00001b98       0x70 src/ASF/xmega/drivers/tc/tc.o
                0x00001b98                __vector_115
 .text.__vector_116
                0x00001c08       0x70 src/ASF/xmega/drivers/tc/tc.o
                0x00001c08                __vector_116
 .text.__vector_117
                0x00001c78       0x70 src/ASF/xmega/drivers/tc/tc.o
                0x00001c78                __vector_117
 .text.usart_putchar
                0x00001ce8       0x10 src/ASF/xmega/drivers/usart/usart.o
                0x00001ce8                usart_putchar
 .text.usart_getchar
                0x00001cf8        0xc src/ASF/xmega/drivers/usart/usart.o
                0x00001cf8                usart_getchar
 .text.usart_set_baudrate
                0x00001d04      0x226 src/ASF/xmega/drivers/usart/usart.o
                0x00001d04                usart_set_baudrate
 .text.usart_init_rs232
                0x00001f2a      0x310 src/ASF/xmega/drivers/usart/usart.o
                0x00001f2a                usart_init_rs232
 .text.Get_altitude
                0x0000223a       0xce src/Drivers/altitude.o
                0x0000223a                Get_altitude
 .text.__vector_43
                0x00002308       0x68 src/Drivers/mpu9250.o
                0x00002308                __vector_43
 .text.__portable_avr_delay_cycles
                0x00002370       0x16 src/Drivers/pressure.o
 .text.SPI_init
                0x00002386       0x16 src/Drivers/pressure.o
                0x00002386                SPI_init
 .text.SPI_write
                0x0000239c       0x10 src/Drivers/pressure.o
                0x0000239c                SPI_write
 .text.spi_read
                0x000023ac        0xa src/Drivers/pressure.o
                0x000023ac                spi_read
 .text.prom_read
                0x000023b6       0x46 src/Drivers/pressure.o
                0x000023b6                prom_read
 .text.ms5607_init
                0x000023fc       0x6e src/Drivers/pressure.o
                0x000023fc                ms5607_init
 .text.data_read
                0x0000246a       0x88 src/Drivers/pressure.o
                0x0000246a                data_read
 .text.get_pressure
                0x000024f2      0x36c src/Drivers/pressure.o
                0x000024f2                get_pressure
 .text.adc_init
                0x0000285e       0x5c src/Drivers/thermistor.o
                0x0000285e                adc_init
 .text.getVoltage
                0x000028ba       0x2a src/Drivers/thermistor.o
                0x000028ba                getVoltage
 .text.getTemperature
                0x000028e4       0xac src/Drivers/thermistor.o
                0x000028e4                getTemperature
 .text.usart_serial_getchar
                0x00002990       0x10 src/Drivers/usart_comms.o
 .text.usart_serial_putchar
                0x000029a0        0x4 src/Drivers/usart_comms.o
 .text.usart_init
                0x000029a4      0x104 src/Drivers/usart_comms.o
                0x000029a4                usart_init
 .text.usart_tx
                0x00002aa8       0x76 src/Drivers/usart_comms.o
                0x00002aa8                usart_tx
 .text.__portable_avr_delay_cycles
                0x00002b1e       0x16 src/main.o
 .text.sysclk_enable_peripheral_clock
                0x00002b34      0x2c0 src/main.o
 .text.main     0x00002df4      0x31a src/main.o
                0x00002df4                main
 .text.avr-libc.fplib
                0x0000310e        0xa c:/program files (x86)/atmel/studio/7.0/toolchain/avr8/avr8-gnu-toolchain/bin/../lib/gcc/avr/5.4.0/../../../../avr/lib/avrxmega7\libm.a(addsf3.o)
                0x0000310e                __subsf3
                0x00003110                __addsf3
 .text.avr-libc.fplib
                0x00003118       0xc0 c:/program files (x86)/atmel/studio/7.0/toolchain/avr8/avr8-gnu-toolchain/bin/../lib/gcc/avr/5.4.0/../../../../avr/lib/avrxmega7\libm.a(addsf3x.o)
                0x00003132                __addsf3x
 .text.avr-libc.fplib
                0x000031d8        0x4 c:/program files (x86)/atmel/studio/7.0/toolchain/avr8/avr8-gnu-toolchain/bin/../lib/gcc/avr/5.4.0/../../../../avr/lib/avrxmega7\libm.a(divsf3.o)
                0x000031d8                __divsf3
 .text.avr-libc.fplib
                0x000031dc       0xcc c:/program files (x86)/atmel/studio/7.0/toolchain/avr8/avr8-gnu-toolchain/bin/../lib/gcc/avr/5.4.0/../../../../avr/lib/avrxmega7\libm.a(divsf3x.o)
                0x000031f2                __divsf3x
                0x000031f6                __divsf3_pse
 .text.avr-libc.fplib
                0x000032a8        0xa c:/program files (x86)/atmel/studio/7.0/toolchain/avr8/avr8-gnu-toolchain/bin/../lib/gcc/avr/5.4.0/../../../../avr/lib/avrxmega7\libm.a(fixsfsi.o)
                0x000032a8                __fixsfsi
 .text.avr-libc.fplib
                0x000032b2       0x58 c:/program files (x86)/atmel/studio/7.0/toolchain/avr8/avr8-gnu-toolchain/bin/../lib/gcc/avr/5.4.0/../../../../avr/lib/avrxmega7\libm.a(fixunssfsi.o)
                0x000032b2                __fixunssfsi
 .text.avr-libc.fplib
                0x0000330a       0x7a c:/program files (x86)/atmel/studio/7.0/toolchain/avr8/avr8-gnu-toolchain/bin/../lib/gcc/avr/5.4.0/../../../../avr/lib/avrxmega7\libm.a(floatsisf.o)
                0x0000330a                __floatunsisf
                0x0000330e                __floatsisf
 .text.avr-libc.fplib
                0x00003384        0xc c:/program files (x86)/atmel/studio/7.0/toolchain/avr8/avr8-gnu-toolchain/bin/../lib/gcc/avr/5.4.0/../../../../avr/lib/avrxmega7\libm.a(fp_inf.o)
                0x00003384                __fp_inf
 .text.avr-libc.fplib
                0x00003390        0x6 c:/program files (x86)/atmel/studio/7.0/toolchain/avr8/avr8-gnu-toolchain/bin/../lib/gcc/avr/5.4.0/../../../../avr/lib/avrxmega7\libm.a(fp_nan.o)
                0x00003390                __fp_nan
 .text.avr-libc.fplib
                0x00003396        0xe c:/program files (x86)/atmel/studio/7.0/toolchain/avr8/avr8-gnu-toolchain/bin/../lib/gcc/avr/5.4.0/../../../../avr/lib/avrxmega7\libm.a(fp_pscA.o)
                0x00003396                __fp_pscA
 .text.avr-libc.fplib
                0x000033a4        0xe c:/program files (x86)/atmel/studio/7.0/toolchain/avr8/avr8-gnu-toolchain/bin/../lib/gcc/avr/5.4.0/../../../../avr/lib/avrxmega7\libm.a(fp_pscB.o)
                0x000033a4                __fp_pscB
 .text.avr-libc.fplib
                0x000033b2       0x22 c:/program files (x86)/atmel/studio/7.0/toolchain/avr8/avr8-gnu-toolchain/bin/../lib/gcc/avr/5.4.0/../../../../avr/lib/avrxmega7\libm.a(fp_round.o)
                0x000033b2                __fp_round
 .text.avr-libc.fplib
                0x000033d4       0x44 c:/program files (x86)/atmel/studio/7.0/toolchain/avr8/avr8-gnu-toolchain/bin/../lib/gcc/avr/5.4.0/../../../../avr/lib/avrxmega7\libm.a(fp_split3.o)
                0x000033d4                __fp_split3
                0x000033e4                __fp_splitA
 .text.avr-libc.fplib
                0x00003418        0xe c:/program files (x86)/atmel/studio/7.0/toolchain/avr8/avr8-gnu-toolchain/bin/../lib/gcc/avr/5.4.0/../../../../avr/lib/avrxmega7\libm.a(fp_zero.o)
                0x00003418                __fp_zero
                0x0000341a                __fp_szero
 .text.avr-libc.fplib
                0x00003426       0x8a c:/program files (x86)/atmel/studio/7.0/toolchain/avr8/avr8-gnu-toolchain/bin/../lib/gcc/avr/5.4.0/../../../../avr/lib/avrxmega7\libm.a(log.o)
                0x00003430                log
 .text.avr-libc.fplib
                0x000034b0        0x4 c:/program files (x86)/atmel/studio/7.0/toolchain/avr8/avr8-gnu-toolchain/bin/../lib/gcc/avr/5.4.0/../../../../avr/lib/avrxmega7\libm.a(mulsf3.o)
                0x000034b0                __mulsf3
 .text.avr-libc.fplib
                0x000034b4       0xc2 c:/program files (x86)/atmel/studio/7.0/toolchain/avr8/avr8-gnu-toolchain/bin/../lib/gcc/avr/5.4.0/../../../../avr/lib/avrxmega7\libm.a(mulsf3x.o)
                0x000034c8                __mulsf3x
                0x000034cc                __mulsf3_pse
 .text.avr-libc.fplib
                0x00003576       0x98 c:/program files (x86)/atmel/studio/7.0/toolchain/avr8/avr8-gnu-toolchain/bin/../lib/gcc/avr/5.4.0/../../../../avr/lib/avrxmega7\libm.a(pow.o)
                0x00003576                pow
 .text.avr-libc.fplib
                0x0000360e       0x62 c:/program files (x86)/atmel/studio/7.0/toolchain/avr8/avr8-gnu-toolchain/bin/../lib/gcc/avr/5.4.0/../../../../avr/lib/avrxmega7\libm.a(exp.o)
                0x00003618                exp
 .text.avr-libc.fplib
                0x00003670       0x1c c:/program files (x86)/atmel/studio/7.0/toolchain/avr8/avr8-gnu-toolchain/bin/../lib/gcc/avr/5.4.0/../../../../avr/lib/avrxmega7\libm.a(fp_mpack.o)
                0x00003670                __fp_mpack
                0x00003674                __fp_mpack_finite
 .text.avr-libc.fplib
                0x0000368c       0x4a c:/program files (x86)/atmel/studio/7.0/toolchain/avr8/avr8-gnu-toolchain/bin/../lib/gcc/avr/5.4.0/../../../../avr/lib/avrxmega7\libm.a(fp_powser.o)
                0x0000368c                __fp_powser
 .text.avr-libc.fplib
                0x000036d6        0xe c:/program files (x86)/atmel/studio/7.0/toolchain/avr8/avr8-gnu-toolchain/bin/../lib/gcc/avr/5.4.0/../../../../avr/lib/avrxmega7\libm.a(inverse.o)
                0x000036d6                inverse
 .text.avr-libc.fplib
                0x000036e4       0x6c c:/program files (x86)/atmel/studio/7.0/toolchain/avr8/avr8-gnu-toolchain/bin/../lib/gcc/avr/5.4.0/../../../../avr/lib/avrxmega7\libm.a(ldexp.o)
                0x000036e8                ldexp
 .text.avr-libc.fplib
                0x00003750       0x66 c:/program files (x86)/atmel/studio/7.0/toolchain/avr8/avr8-gnu-toolchain/bin/../lib/gcc/avr/5.4.0/../../../../avr/lib/avrxmega7\libm.a(modf.o)
                0x00003750                modf
                0x00003750                modff
 .text.avr-libc
                0x000037b6      0x706 c:/program files (x86)/atmel/studio/7.0/toolchain/avr8/avr8-gnu-toolchain/bin/../lib/gcc/avr/5.4.0/../../../../avr/lib/avrxmega7\libprintf_flt.a(vfprintf_flt.o)
                0x000037b6                vfprintf
 .text.libgcc.div
                0x00003ebc       0x44 c:/program files (x86)/atmel/studio/7.0/toolchain/avr8/avr8-gnu-toolchain/bin/../lib/gcc/avr/5.4.0/avrxmega7\libgcc.a(_udivmodsi4.o)
                0x00003ebc                __udivmodsi4
 .text.libgcc.div
                0x00003f00       0x28 c:/program files (x86)/atmel/studio/7.0/toolchain/avr8/avr8-gnu-toolchain/bin/../lib/gcc/avr/5.4.0/avrxmega7\libgcc.a(_divmodsi4.o)
                0x00003f00                __divmodsi4
 .text.libgcc.div
                0x00003f28       0x10 c:/program files (x86)/atmel/studio/7.0/toolchain/avr8/avr8-gnu-toolchain/bin/../lib/gcc/avr/5.4.0/avrxmega7\libgcc.a(_negsi2.o)
                0x00003f28                __negsi2
 .text.libgcc.mul
                0x00003f38       0x14 c:/program files (x86)/atmel/studio/7.0/toolchain/avr8/avr8-gnu-toolchain/bin/../lib/gcc/avr/5.4.0/avrxmega7\libgcc.a(_muluhisi3.o)
                0x00003f38                __muluhisi3
 .text.libgcc.mul
                0x00003f4c       0x92 c:/program files (x86)/atmel/studio/7.0/toolchain/avr8/avr8-gnu-toolchain/bin/../lib/gcc/avr/5.4.0/avrxmega7\libgcc.a(_muldi3.o)
                0x00003f4c                __muldi3
 .text.libgcc.mul
                0x00003fde       0x10 c:/program files (x86)/atmel/studio/7.0/toolchain/avr8/avr8-gnu-toolchain/bin/../lib/gcc/avr/5.4.0/avrxmega7\libgcc.a(_muldi3_6.o)
                0x00003fde                __muldi3_6
 .text.libgcc.builtins
                0x00003fee       0x32 c:/program files (x86)/atmel/studio/7.0/toolchain/avr8/avr8-gnu-toolchain/bin/../lib/gcc/avr/5.4.0/avrxmega7\libgcc.a(_ashldi3.o)
                0x00003fee                __ashldi3
 .text.libgcc.builtins
                0x00004020       0x3c c:/program files (x86)/atmel/studio/7.0/toolchain/avr8/avr8-gnu-toolchain/bin/../lib/gcc/avr/5.4.0/avrxmega7\libgcc.a(_ashrdi3.o)
                0x00004020                __ashrdi3
                0x00004024                __lshrdi3
 .text.libgcc   0x0000405c       0x12 c:/program files (x86)/atmel/studio/7.0/toolchain/avr8/avr8-gnu-toolchain/bin/../lib/gcc/avr/5.4.0/avrxmega7\libgcc.a(_adddi3.o)
                0x0000405c                __adddi3
 .text.libgcc   0x0000406e       0x12 c:/program files (x86)/atmel/studio/7.0/toolchain/avr8/avr8-gnu-toolchain/bin/../lib/gcc/avr/5.4.0/avrxmega7\libgcc.a(_subdi3.o)
                0x0000406e                __subdi3
 .text.libgcc   0x00004080       0x18 c:/program files (x86)/atmel/studio/7.0/toolchain/avr8/avr8-gnu-toolchain/bin/../lib/gcc/avr/5.4.0/avrxmega7\libgcc.a(_cmpdi2_s8.o)
                0x00004080                __cmpdi2_s8
 .text.libgcc.mul
                0x00004098       0x1e c:/program files (x86)/atmel/studio/7.0/toolchain/avr8/avr8-gnu-toolchain/bin/../lib/gcc/avr/5.4.0/avrxmega7\libgcc.a(_umulhisi3.o)
                0x00004098                __umulhisi3
 .text.avr-libc
                0x000040b6      0x1b0 c:/program files (x86)/atmel/studio/7.0/toolchain/avr8/avr8-gnu-toolchain/bin/../lib/gcc/avr/5.4.0/../../../../avr/lib/avrxmega7\libc.a(ftoa_engine.o)
                0x000040b6                __ftoa_engine
 .text.avr-libc
                0x00004266       0x16 c:/program files (x86)/atmel/studio/7.0/toolchain/avr8/avr8-gnu-toolchain/bin/../lib/gcc/avr/5.4.0/../../../../avr/lib/avrxmega7\libc.a(strnlen_P.o)
                0x00004266                strnlen_P
 .text.avr-libc
                0x0000427c       0x16 c:/program files (x86)/atmel/studio/7.0/toolchain/avr8/avr8-gnu-toolchain/bin/../lib/gcc/avr/5.4.0/../../../../avr/lib/avrxmega7\libc.a(strnlen.o)
                0x0000427c                strnlen
 .text.avr-libc
                0x00004292       0x94 c:/program files (x86)/atmel/studio/7.0/toolchain/avr8/avr8-gnu-toolchain/bin/../lib/gcc/avr/5.4.0/../../../../avr/lib/avrxmega7\libc.a(fdevopen.o)
                0x00004292                fdevopen
 .text.avr-libc
                0x00004326       0x78 c:/program files (x86)/atmel/studio/7.0/toolchain/avr8/avr8-gnu-toolchain/bin/../lib/gcc/avr/5.4.0/../../../../avr/lib/avrxmega7\libc.a(fputc.o)
                0x00004326                fputc
 .text.avr-libc
                0x0000439e       0x26 c:/program files (x86)/atmel/studio/7.0/toolchain/avr8/avr8-gnu-toolchain/bin/../lib/gcc/avr/5.4.0/../../../../avr/lib/avrxmega7\libc.a(printf.o)
                0x0000439e                printf
 .text.avr-libc
                0x000043c4       0x60 c:/program files (x86)/atmel/studio/7.0/toolchain/avr8/avr8-gnu-toolchain/bin/../lib/gcc/avr/5.4.0/../../../../avr/lib/avrxmega7\libc.a(puts.o)
                0x000043c4                puts
 .text.avr-libc
                0x00004424       0x44 c:/program files (x86)/atmel/studio/7.0/toolchain/avr8/avr8-gnu-toolchain/bin/../lib/gcc/avr/5.4.0/../../../../avr/lib/avrxmega7\libc.a(vsprintf.o)
                0x00004424                vsprintf
 .text.avr-libc
                0x00004468       0xbc c:/program files (x86)/atmel/studio/7.0/toolchain/avr8/avr8-gnu-toolchain/bin/../lib/gcc/avr/5.4.0/../../../../avr/lib/avrxmega7\libc.a(ultoa_invert.o)
                0x00004468                __ultoa_invert
 .text.avr-libc
                0x00004524       0x34 c:/program files (x86)/atmel/studio/7.0/toolchain/avr8/avr8-gnu-toolchain/bin/../lib/gcc/avr/5.4.0/../../../../avr/lib/avrxmega7\libc.a(calloc.o)
                0x00004524                calloc
 .text.avr-libc
                0x00004558      0x242 c:/program files (x86)/atmel/studio/7.0/toolchain/avr8/avr8-gnu-toolchain/bin/../lib/gcc/avr/5.4.0/../../../../avr/lib/avrxmega7\libc.a(malloc.o)
                0x00004558                malloc
                0x00004688                free
 .text.avr-libc
                0x0000479a        0xe c:/program files (x86)/atmel/studio/7.0/toolchain/avr8/avr8-gnu-toolchain/bin/../lib/gcc/avr/5.4.0/../../../../avr/lib/avrxmega7\libc.a(memset.o)
                0x0000479a                memset
                0x000047a8                . = ALIGN (0x2)
 *(.fini9)
 .fini9         0x000047a8        0x0 c:/program files (x86)/atmel/studio/7.0/toolchain/avr8/avr8-gnu-toolchain/bin/../lib/gcc/avr/5.4.0/avrxmega7\libgcc.a(_exit.o)
                0x000047a8                _exit
                0x000047a8                exit
 *(.fini9)
 *(.fini8)
 *(.fini8)
 *(.fini7)
 *(.fini7)
 *(.fini6)
 *(.fini6)
 *(.fini5)
 *(.fini5)
 *(.fini4)
 *(.fini4)
 *(.fini3)
 *(.fini3)
 *(.fini2)
 *(.fini2)
 *(.fini1)
 *(.fini1)
 *(.fini0)
 .fini0         0x000047a8        0x4 c:/program files (x86)/atmel/studio/7.0/toolchain/avr8/avr8-gnu-toolchain/bin/../lib/gcc/avr/5.4.0/avrxmega7\libgcc.a(_exit.o)
 *(.fini0)
                0x000047ac                _etext = .

.data           0x00802000       0x66 load address 0x000047ac
                0x00802000                PROVIDE (__data_start, .)
 *(.data)
 .data          0x00802000        0x6 c:/program files (x86)/atmel/studio/7.0/toolchain/avr8/avr8-gnu-toolchain/bin/../lib/gcc/avr/5.4.0/../../../../avr/lib/avrxmega7\libc.a(malloc.o)
                0x00802000                __malloc_heap_end
                0x00802002                __malloc_heap_start
                0x00802004                __malloc_margin
 *(.data*)
 .data.openlogger_usart_options.6425
                0x00802006        0x7 src/Drivers/usart_comms.o
 .data.usart_options.6424
                0x0080200d        0x7 src/Drivers/usart_comms.o
 *(.rodata)
 *(.rodata*)
 .rodata.str1.1
                0x00802014       0x12 src/Drivers/thermistor.o
 .rodata.str1.1
                0x00802026       0x40 src/main.o
 *(.gnu.linkonce.d*)
                0x00802066                . = ALIGN (0x2)
                0x00802066                _edata = .
                0x00802066                PROVIDE (__data_end, .)

.bss            0x00802066       0x85
                0x00802066                PROVIDE (__bss_start, .)
 *(.bss)
 *(.bss*)
 .bss.transfer  0x00802066        0xb src/ASF/xmega/drivers/twi/twim.o
 .bss.tc_tcf1_ccb_callback
                0x00802071        0x2 src/ASF/xmega/drivers/tc/tc.o
 .bss.tc_tcf1_cca_callback
                0x00802073        0x2 src/ASF/xmega/drivers/tc/tc.o
 .bss.tc_tcf1_err_callback
                0x00802075        0x2 src/ASF/xmega/drivers/tc/tc.o
 .bss.tc_tcf1_ovf_callback
                0x00802077        0x2 src/ASF/xmega/drivers/tc/tc.o
 .bss.tc_tcf0_ccd_callback
                0x00802079        0x2 src/ASF/xmega/drivers/tc/tc.o
 .bss.tc_tcf0_ccc_callback
                0x0080207b        0x2 src/ASF/xmega/drivers/tc/tc.o
 .bss.tc_tcf0_ccb_callback
                0x0080207d        0x2 src/ASF/xmega/drivers/tc/tc.o
 .bss.tc_tcf0_cca_callback
                0x0080207f        0x2 src/ASF/xmega/drivers/tc/tc.o
 .bss.tc_tcf0_err_callback
                0x00802081        0x2 src/ASF/xmega/drivers/tc/tc.o
 .bss.tc_tcf0_ovf_callback
                0x00802083        0x2 src/ASF/xmega/drivers/tc/tc.o
 .bss.tc_tce1_ccb_callback
                0x00802085        0x2 src/ASF/xmega/drivers/tc/tc.o
 .bss.tc_tce1_cca_callback
                0x00802087        0x2 src/ASF/xmega/drivers/tc/tc.o
 .bss.tc_tce1_err_callback
                0x00802089        0x2 src/ASF/xmega/drivers/tc/tc.o
 .bss.tc_tce1_ovf_callback
                0x0080208b        0x2 src/ASF/xmega/drivers/tc/tc.o
 .bss.tc_tce0_ccd_callback
                0x0080208d        0x2 src/ASF/xmega/drivers/tc/tc.o
 .bss.tc_tce0_ccc_callback
                0x0080208f        0x2 src/ASF/xmega/drivers/tc/tc.o
 .bss.tc_tce0_ccb_callback
                0x00802091        0x2 src/ASF/xmega/drivers/tc/tc.o
 .bss.tc_tce0_cca_callback
                0x00802093        0x2 src/ASF/xmega/drivers/tc/tc.o
 .bss.tc_tce0_err_callback
                0x00802095        0x2 src/ASF/xmega/drivers/tc/tc.o
 .bss.tc_tce0_ovf_callback
                0x00802097        0x2 src/ASF/xmega/drivers/tc/tc.o
 .bss.tc_tcd1_ccb_callback
                0x00802099        0x2 src/ASF/xmega/drivers/tc/tc.o
 .bss.tc_tcd1_cca_callback
                0x0080209b        0x2 src/ASF/xmega/drivers/tc/tc.o
 .bss.tc_tcd1_err_callback
                0x0080209d        0x2 src/ASF/xmega/drivers/tc/tc.o
 .bss.tc_tcd1_ovf_callback
                0x0080209f        0x2 src/ASF/xmega/drivers/tc/tc.o
 .bss.tc_tcd0_ccd_callback
                0x008020a1        0x2 src/ASF/xmega/drivers/tc/tc.o
 .bss.tc_tcd0_ccc_callback
                0x008020a3        0x2 src/ASF/xmega/drivers/tc/tc.o
 .bss.tc_tcd0_ccb_callback
                0x008020a5        0x2 src/ASF/xmega/drivers/tc/tc.o
 .bss.tc_tcd0_cca_callback
                0x008020a7        0x2 src/ASF/xmega/drivers/tc/tc.o
 .bss.tc_tcd0_err_callback
                0x008020a9        0x2 src/ASF/xmega/drivers/tc/tc.o
 .bss.tc_tcd0_ovf_callback
                0x008020ab        0x2 src/ASF/xmega/drivers/tc/tc.o
 .bss.tc_tcc1_ccb_callback
                0x008020ad        0x2 src/ASF/xmega/drivers/tc/tc.o
 .bss.tc_tcc1_cca_callback
                0x008020af        0x2 src/ASF/xmega/drivers/tc/tc.o
 .bss.tc_tcc1_err_callback
                0x008020b1        0x2 src/ASF/xmega/drivers/tc/tc.o
 .bss.tc_tcc1_ovf_callback
                0x008020b3        0x2 src/ASF/xmega/drivers/tc/tc.o
 .bss.tc_tcc0_ccd_callback
                0x008020b5        0x2 src/ASF/xmega/drivers/tc/tc.o
 .bss.tc_tcc0_ccc_callback
                0x008020b7        0x2 src/ASF/xmega/drivers/tc/tc.o
 .bss.tc_tcc0_ccb_callback
                0x008020b9        0x2 src/ASF/xmega/drivers/tc/tc.o
 .bss.tc_tcc0_cca_callback
                0x008020bb        0x2 src/ASF/xmega/drivers/tc/tc.o
 .bss.tc_tcc0_err_callback
                0x008020bd        0x2 src/ASF/xmega/drivers/tc/tc.o
 .bss.tc_tcc0_ovf_callback
                0x008020bf        0x2 src/ASF/xmega/drivers/tc/tc.o
 .bss.time      0x008020c1        0x4 src/Drivers/mpu9250.o
 .bss.timerflag
                0x008020c5        0x1 src/Drivers/mpu9250.o
 .bss.data_rdy_flag
                0x008020c6        0x1 src/Drivers/mpu9250.o
 *(COMMON)
 COMMON         0x008020c7        0x2 src/ASF/common/utils/stdio/read.o
                0x008020c7                ptr_get
 COMMON         0x008020c9        0x4 src/ASF/common/utils/stdio/write.o
                0x008020c9                ptr_put
                0x008020cb                stdio_base
 COMMON         0x008020cd        0x4 src/ASF/xmega/drivers/adc/adc.o
                0x008020cd                adcb_callback
                0x008020cf                adca_callback
 COMMON         0x008020d1        0x4 src/Drivers/altitude.o
                0x008020d1                TEMP
 COMMON         0x008020d5        0xc src/Drivers/pressure.o
                0x008020d5                c6
                0x008020d7                c4
                0x008020d9                c2
                0x008020db                c5
                0x008020dd                c1
                0x008020df                c3
 COMMON         0x008020e1        0x6 c:/program files (x86)/atmel/studio/7.0/toolchain/avr8/avr8-gnu-toolchain/bin/../lib/gcc/avr/5.4.0/../../../../avr/lib/avrxmega7\libc.a(iob.o)
                0x008020e1                __iob
 COMMON         0x008020e7        0x4 c:/program files (x86)/atmel/studio/7.0/toolchain/avr8/avr8-gnu-toolchain/bin/../lib/gcc/avr/5.4.0/../../../../avr/lib/avrxmega7\libc.a(malloc.o)
                0x008020e7                __brkval
                0x008020e9                __flp
                0x008020eb                PROVIDE (__bss_end, .)
                0x000047ac                __data_load_start = LOADADDR (.data)
                0x00004812                __data_load_end = (__data_load_start + SIZEOF (.data))

.noinit         0x008020eb        0x0
                [!provide]                PROVIDE (__noinit_start, .)
 *(.noinit*)
                [!provide]                PROVIDE (__noinit_end, .)
                0x008020eb                _end = .
                0x008020eb                PROVIDE (__heap_start, .)

.eeprom         0x00810000        0x0
 *(.eeprom*)
                0x00810000                __eeprom_end = .

.fuse
 *(.fuse)
 *(.lfuse)
 *(.hfuse)
 *(.efuse)

.lock
 *(.lock*)

.signature
 *(.signature*)

.user_signatures
 *(.user_signatures*)

.stab
 *(.stab)

.stabstr
 *(.stabstr)

.stab.excl
 *(.stab.excl)

.stab.exclstr
 *(.stab.exclstr)

.stab.index
 *(.stab.index)

.stab.indexstr
 *(.stab.indexstr)

.comment        0x00000000       0x5c
 *(.comment)
 .comment       0x00000000       0x30 src/ASF/xmega/drivers/twi/twim.o
                                 0x31 (size before relaxing)
 .comment       0x00000030       0x31 src/ASF/common/services/clock/xmega/sysclk.o
 .comment       0x00000030       0x31 src/ASF/common/utils/stdio/read.o
 .comment       0x00000030       0x31 src/ASF/common/utils/stdio/write.o
 .comment       0x00000030       0x31 src/ASF/xmega/drivers/adc/adc.o
 .comment       0x00000030       0x31 src/ASF/xmega/drivers/adc/xmega_aau/adc_aau.o
 .comment       0x00000030       0x31 src/ASF/xmega/drivers/tc/tc.o
 .comment       0x00000030       0x31 src/ASF/xmega/drivers/usart/usart.o
 .comment       0x00000030       0x31 src/Drivers/altitude.o
 .comment       0x00000030       0x31 src/Drivers/mpu9250.o
 .comment       0x00000030       0x31 src/Drivers/pressure.o
 .comment       0x00000030       0x31 src/Drivers/thermistor.o
 .comment       0x00000030       0x31 src/Drivers/usart_comms.o
 .comment       0x00000030       0x31 src/main.o
 .comment       0x00000030       0x2c c:/program files (x86)/atmel/studio/7.0/toolchain/avr8/avr8-gnu-toolchain/bin/../lib/gcc/avr/5.4.0/../../../../avr/lib/avrxmega7\libprintf_flt.a(vfprintf_flt.o)
                                 0x2d (size before relaxing)
 .comment       0x0000005c       0x31 c:/program files (x86)/atmel/studio/7.0/toolchain/avr8/avr8-gnu-toolchain/bin/../lib/gcc/avr/5.4.0/../../../../avr/lib/avrxmega7\libc.a(fdevopen.o)
 .comment       0x0000005c       0x31 c:/program files (x86)/atmel/studio/7.0/toolchain/avr8/avr8-gnu-toolchain/bin/../lib/gcc/avr/5.4.0/../../../../avr/lib/avrxmega7\libc.a(fputc.o)
 .comment       0x0000005c       0x31 c:/program files (x86)/atmel/studio/7.0/toolchain/avr8/avr8-gnu-toolchain/bin/../lib/gcc/avr/5.4.0/../../../../avr/lib/avrxmega7\libc.a(iob.o)
 .comment       0x0000005c       0x31 c:/program files (x86)/atmel/studio/7.0/toolchain/avr8/avr8-gnu-toolchain/bin/../lib/gcc/avr/5.4.0/../../../../avr/lib/avrxmega7\libc.a(printf.o)
 .comment       0x0000005c       0x31 c:/program files (x86)/atmel/studio/7.0/toolchain/avr8/avr8-gnu-toolchain/bin/../lib/gcc/avr/5.4.0/../../../../avr/lib/avrxmega7\libc.a(puts.o)
 .comment       0x0000005c       0x31 c:/program files (x86)/atmel/studio/7.0/toolchain/avr8/avr8-gnu-toolchain/bin/../lib/gcc/avr/5.4.0/../../../../avr/lib/avrxmega7\libc.a(vsprintf.o)
 .comment       0x0000005c       0x31 c:/program files (x86)/atmel/studio/7.0/toolchain/avr8/avr8-gnu-toolchain/bin/../lib/gcc/avr/5.4.0/../../../../avr/lib/avrxmega7\libc.a(calloc.o)
 .comment       0x0000005c       0x31 c:/program files (x86)/atmel/studio/7.0/toolchain/avr8/avr8-gnu-toolchain/bin/../lib/gcc/avr/5.4.0/../../../../avr/lib/avrxmega7\libc.a(malloc.o)

.note.gnu.avr.deviceinfo
                0x00000000       0x40
 .note.gnu.avr.deviceinfo
                0x00000000       0x40 C:/Program Files (x86)/Atmel/Studio/7.0/Packs/atmel/XMEGAA_DFP/1.1.68/gcc/dev/atxmega128a1u/avrxmega7/crtatxmega128a1u.o

.note.gnu.build-id
 *(.note.gnu.build-id)

.debug
 *(.debug)

.line
 *(.line)

.debug_srcinfo
 *(.debug_srcinfo)

.debug_sfnames
 *(.debug_sfnames)

.debug_aranges  0x00000000      0x5a0
 *(.debug_aranges)
 .debug_aranges
                0x00000000       0x50 src/ASF/xmega/drivers/twi/twim.o
 .debug_aranges
                0x00000050       0x40 src/ASF/common/services/clock/xmega/sysclk.o
 .debug_aranges
                0x00000090       0x20 src/ASF/common/utils/stdio/read.o
 .debug_aranges
                0x000000b0       0x20 src/ASF/common/utils/stdio/write.o
 .debug_aranges
                0x000000d0       0x48 src/ASF/xmega/drivers/adc/adc.o
 .debug_aranges
                0x00000118       0x78 src/ASF/xmega/drivers/adc/xmega_aau/adc_aau.o
 .debug_aranges
                0x00000190       0x20 src/ASF/xmega/drivers/cpu/ccp.o
 .debug_aranges
                0x000001b0       0x28 src/ASF/xmega/drivers/nvm/nvm_asm.o
 .debug_aranges
                0x000001d8      0x198 src/ASF/xmega/drivers/tc/tc.o
 .debug_aranges
                0x00000370       0x58 src/ASF/xmega/drivers/usart/usart.o
 .debug_aranges
                0x000003c8       0x20 src/Drivers/altitude.o
 .debug_aranges
                0x000003e8       0xb8 src/Drivers/mpu9250.o
 .debug_aranges
                0x000004a0       0x58 src/Drivers/pressure.o
 .debug_aranges
                0x000004f8       0x30 src/Drivers/thermistor.o
 .debug_aranges
                0x00000528       0x48 src/Drivers/usart_comms.o
 .debug_aranges
                0x00000570       0x30 src/main.o

.debug_pubnames
 *(.debug_pubnames)

.debug_info     0x00000000    0x11602
 *(.debug_info .gnu.linkonce.wi.*)
 .debug_info    0x00000000     0x3e5a C:/Program Files (x86)/Atmel/Studio/7.0/Packs/atmel/XMEGAA_DFP/1.1.68/gcc/dev/atxmega128a1u/avrxmega7/crtatxmega128a1u.o
 .debug_info    0x00003e5a      0x953 src/ASF/xmega/drivers/twi/twim.o
 .debug_info    0x000047ad      0x870 src/ASF/common/services/clock/xmega/sysclk.o
 .debug_info    0x0000501d      0x119 src/ASF/common/utils/stdio/read.o
 .debug_info    0x00005136      0x119 src/ASF/common/utils/stdio/write.o
 .debug_info    0x0000524f      0xa93 src/ASF/xmega/drivers/adc/adc.o
 .debug_info    0x00005ce2      0xe9b src/ASF/xmega/drivers/adc/xmega_aau/adc_aau.o
 .debug_info    0x00006b7d       0x8c src/ASF/xmega/drivers/cpu/ccp.o
 .debug_info    0x00006c09       0x8c src/ASF/xmega/drivers/nvm/nvm_asm.o
 .debug_info    0x00006c95     0x1a39 src/ASF/xmega/drivers/tc/tc.o
 .debug_info    0x000086ce     0x3281 src/ASF/xmega/drivers/usart/usart.o
 .debug_info    0x0000b94f      0x2ad src/Drivers/altitude.o
 .debug_info    0x0000bbfc     0x150e src/Drivers/mpu9250.o
 .debug_info    0x0000d10a      0x8b0 src/Drivers/pressure.o
 .debug_info    0x0000d9ba      0xa32 src/Drivers/thermistor.o
 .debug_info    0x0000e3ec      0x9da src/Drivers/usart_comms.o
 .debug_info    0x0000edc6     0x283c src/main.o

.debug_abbrev   0x00000000     0x5e52
 *(.debug_abbrev)
 .debug_abbrev  0x00000000     0x3b0e C:/Program Files (x86)/Atmel/Studio/7.0/Packs/atmel/XMEGAA_DFP/1.1.68/gcc/dev/atxmega128a1u/avrxmega7/crtatxmega128a1u.o
 .debug_abbrev  0x00003b0e      0x2e9 src/ASF/xmega/drivers/twi/twim.o
 .debug_abbrev  0x00003df7      0x241 src/ASF/common/services/clock/xmega/sysclk.o
 .debug_abbrev  0x00004038       0xc5 src/ASF/common/utils/stdio/read.o
 .debug_abbrev  0x000040fd       0xa7 src/ASF/common/utils/stdio/write.o
 .debug_abbrev  0x000041a4      0x2d2 src/ASF/xmega/drivers/adc/adc.o
 .debug_abbrev  0x00004476      0x320 src/ASF/xmega/drivers/adc/xmega_aau/adc_aau.o
 .debug_abbrev  0x00004796       0x14 src/ASF/xmega/drivers/cpu/ccp.o
 .debug_abbrev  0x000047aa       0x12 src/ASF/xmega/drivers/nvm/nvm_asm.o
 .debug_abbrev  0x000047bc      0x29b src/ASF/xmega/drivers/tc/tc.o
 .debug_abbrev  0x00004a57      0x3f5 src/ASF/xmega/drivers/usart/usart.o
 .debug_abbrev  0x00004e4c      0x138 src/Drivers/altitude.o
 .debug_abbrev  0x00004f84      0x375 src/Drivers/mpu9250.o
 .debug_abbrev  0x000052f9      0x274 src/Drivers/pressure.o
 .debug_abbrev  0x0000556d      0x2d5 src/Drivers/thermistor.o
 .debug_abbrev  0x00005842      0x319 src/Drivers/usart_comms.o
 .debug_abbrev  0x00005b5b      0x2f7 src/main.o

.debug_line     0x00000000     0x8f84
 *(.debug_line .debug_line.* .debug_line_end)
 .debug_line    0x00000000      0x3b5 C:/Program Files (x86)/Atmel/Studio/7.0/Packs/atmel/XMEGAA_DFP/1.1.68/gcc/dev/atxmega128a1u/avrxmega7/crtatxmega128a1u.o
 .debug_line    0x000003b5      0x653 src/ASF/xmega/drivers/twi/twim.o
 .debug_line    0x00000a08      0x6a5 src/ASF/common/services/clock/xmega/sysclk.o
 .debug_line    0x000010ad      0x3d3 src/ASF/common/utils/stdio/read.o
 .debug_line    0x00001480      0x3da src/ASF/common/utils/stdio/write.o
 .debug_line    0x0000185a      0x7c0 src/ASF/xmega/drivers/adc/adc.o
 .debug_line    0x0000201a      0x970 src/ASF/xmega/drivers/adc/xmega_aau/adc_aau.o
 .debug_line    0x0000298a       0x6e src/ASF/xmega/drivers/cpu/ccp.o
 .debug_line    0x000029f8      0x11f src/ASF/xmega/drivers/nvm/nvm_asm.o
 .debug_line    0x00002b17      0xfad src/ASF/xmega/drivers/tc/tc.o
 .debug_line    0x00003ac4      0xda0 src/ASF/xmega/drivers/usart/usart.o
 .debug_line    0x00004864      0xa14 src/Drivers/altitude.o
 .debug_line    0x00005278      0xdd8 src/Drivers/mpu9250.o
 .debug_line    0x00006050      0xb8d src/Drivers/pressure.o
 .debug_line    0x00006bdd      0xab3 src/Drivers/thermistor.o
 .debug_line    0x00007690      0xb4c src/Drivers/usart_comms.o
 .debug_line    0x000081dc      0xda8 src/main.o

.debug_frame    0x00000000     0x1d5c
 *(.debug_frame)
 .debug_frame   0x00000000      0x1c0 src/ASF/xmega/drivers/twi/twim.o
 .debug_frame   0x000001c0       0xa4 src/ASF/common/services/clock/xmega/sysclk.o
 .debug_frame   0x00000264       0x34 src/ASF/common/utils/stdio/read.o
 .debug_frame   0x00000298       0x24 src/ASF/common/utils/stdio/write.o
 .debug_frame   0x000002bc       0xbc src/ASF/xmega/drivers/adc/adc.o
 .debug_frame   0x00000378      0x3e4 src/ASF/xmega/drivers/adc/xmega_aau/adc_aau.o
 .debug_frame   0x0000075c      0xe84 src/ASF/xmega/drivers/tc/tc.o
 .debug_frame   0x000015e0      0x150 src/ASF/xmega/drivers/usart/usart.o
 .debug_frame   0x00001730       0x60 src/Drivers/altitude.o
 .debug_frame   0x00001790      0x26c src/Drivers/mpu9250.o
 .debug_frame   0x000019fc      0x158 src/Drivers/pressure.o
 .debug_frame   0x00001b54       0xb4 src/Drivers/thermistor.o
 .debug_frame   0x00001c08      0x100 src/Drivers/usart_comms.o
 .debug_frame   0x00001d08       0x54 src/main.o

.debug_str      0x00000000    0x34b08
 *(.debug_str)
 .debug_str     0x00000000     0x2969 C:/Program Files (x86)/Atmel/Studio/7.0/Packs/atmel/XMEGAA_DFP/1.1.68/gcc/dev/atxmega128a1u/avrxmega7/crtatxmega128a1u.o
 .debug_str     0x00002969    0x2af0e src/ASF/xmega/drivers/twi/twim.o
                              0x2b5c9 (size before relaxing)
 .debug_str     0x0002d877     0x1ee5 src/ASF/common/services/clock/xmega/sysclk.o
                              0x2d004 (size before relaxing)
 .debug_str     0x0002f75c       0x38 src/ASF/common/utils/stdio/read.o
                              0x2af2b (size before relaxing)
 .debug_str     0x0002f794       0x2e src/ASF/common/utils/stdio/write.o
                              0x2af2d (size before relaxing)
 .debug_str     0x0002f7c2      0xd2a src/ASF/xmega/drivers/adc/adc.o
                              0x2d9ad (size before relaxing)
 .debug_str     0x000304ec      0x5bc src/ASF/xmega/drivers/adc/xmega_aau/adc_aau.o
                              0x2dc40 (size before relaxing)
 .debug_str     0x00030aa8      0x9d8 src/ASF/xmega/drivers/tc/tc.o
                              0x2d9f8 (size before relaxing)
 .debug_str     0x00031480     0x10aa src/ASF/xmega/drivers/usart/usart.o
                              0x2e3e9 (size before relaxing)
 .debug_str     0x0003252a     0x1041 src/Drivers/altitude.o
                              0x2ee27 (size before relaxing)
 .debug_str     0x0003356b     0x1234 src/Drivers/mpu9250.o
                              0x30165 (size before relaxing)
 .debug_str     0x0003479f       0x70 src/Drivers/pressure.o
                              0x2ede7 (size before relaxing)
 .debug_str     0x0003480f       0x5d src/Drivers/thermistor.o
                              0x2f434 (size before relaxing)
 .debug_str     0x0003486c      0x143 src/Drivers/usart_comms.o
                              0x2ef08 (size before relaxing)
 .debug_str     0x000349af      0x159 src/main.o
                              0x30552 (size before relaxing)

.debug_loc      0x00000000     0x673c
 *(.debug_loc)
 .debug_loc     0x00000000      0x64a src/ASF/xmega/drivers/twi/twim.o
 .debug_loc     0x0000064a      0x301 src/ASF/common/services/clock/xmega/sysclk.o
 .debug_loc     0x0000094b       0x6e src/ASF/common/utils/stdio/read.o
 .debug_loc     0x000009b9       0x52 src/ASF/common/utils/stdio/write.o
 .debug_loc     0x00000a0b      0x2b3 src/ASF/xmega/drivers/adc/adc.o
 .debug_loc     0x00000cbe      0xd3c src/ASF/xmega/drivers/adc/xmega_aau/adc_aau.o
 .debug_loc     0x000019fa     0x2122 src/ASF/xmega/drivers/tc/tc.o
 .debug_loc     0x00003b1c      0xe0d src/ASF/xmega/drivers/usart/usart.o
 .debug_loc     0x00004929      0x188 src/Drivers/altitude.o
 .debug_loc     0x00004ab1      0xa29 src/Drivers/mpu9250.o
 .debug_loc     0x000054da      0x5fe src/Drivers/pressure.o
 .debug_loc     0x00005ad8      0x281 src/Drivers/thermistor.o
 .debug_loc     0x00005d59      0x37b src/Drivers/usart_comms.o
 .debug_loc     0x000060d4      0x668 src/main.o

.debug_macinfo
 *(.debug_macinfo)

.debug_weaknames
 *(.debug_weaknames)

.debug_funcnames
 *(.debug_funcnames)

.debug_typenames
 *(.debug_typenames)

.debug_varnames
 *(.debug_varnames)

.debug_pubtypes
 *(.debug_pubtypes)

.debug_ranges   0x00000000      0x518
 *(.debug_ranges)
 .debug_ranges  0x00000000       0x70 src/ASF/xmega/drivers/twi/twim.o
 .debug_ranges  0x00000070       0x30 src/ASF/common/services/clock/xmega/sysclk.o
 .debug_ranges  0x000000a0       0x10 src/ASF/common/utils/stdio/read.o
 .debug_ranges  0x000000b0       0x10 src/ASF/common/utils/stdio/write.o
 .debug_ranges  0x000000c0       0x38 src/ASF/xmega/drivers/adc/adc.o
 .debug_ranges  0x000000f8       0x68 src/ASF/xmega/drivers/adc/xmega_aau/adc_aau.o
 .debug_ranges  0x00000160       0x20 src/ASF/xmega/drivers/nvm/nvm_asm.o
 .debug_ranges  0x00000180      0x188 src/ASF/xmega/drivers/tc/tc.o
 .debug_ranges  0x00000308       0x80 src/ASF/xmega/drivers/usart/usart.o
 .debug_ranges  0x00000388       0x10 src/Drivers/altitude.o
 .debug_ranges  0x00000398       0xa8 src/Drivers/mpu9250.o
 .debug_ranges  0x00000440       0x48 src/Drivers/pressure.o
 .debug_ranges  0x00000488       0x20 src/Drivers/thermistor.o
 .debug_ranges  0x000004a8       0x50 src/Drivers/usart_comms.o
 .debug_ranges  0x000004f8       0x20 src/main.o

.debug_macro    0x00000000     0xc3fc
 *(.debug_macro)
 .debug_macro   0x00000000      0x198 src/ASF/xmega/drivers/twi/twim.o
 .debug_macro   0x00000198      0xa96 src/ASF/xmega/drivers/twi/twim.o
 .debug_macro   0x00000c2e       0x10 src/ASF/xmega/drivers/twi/twim.o
 .debug_macro   0x00000c3e      0x1c9 src/ASF/xmega/drivers/twi/twim.o
 .debug_macro   0x00000e07      0x2fc src/ASF/xmega/drivers/twi/twim.o
 .debug_macro   0x00001103       0x9e src/ASF/xmega/drivers/twi/twim.o
 .debug_macro   0x000011a1     0x6dbc src/ASF/xmega/drivers/twi/twim.o
 .debug_macro   0x00007f5d       0x9a src/ASF/xmega/drivers/twi/twim.o
 .debug_macro   0x00007ff7       0xf1 src/ASF/xmega/drivers/twi/twim.o
 .debug_macro   0x000080e8       0x34 src/ASF/xmega/drivers/twi/twim.o
 .debug_macro   0x0000811c       0x16 src/ASF/xmega/drivers/twi/twim.o
 .debug_macro   0x00008132       0x18 src/ASF/xmega/drivers/twi/twim.o
 .debug_macro   0x0000814a       0x5e src/ASF/xmega/drivers/twi/twim.o
 .debug_macro   0x000081a8       0x10 src/ASF/xmega/drivers/twi/twim.o
 .debug_macro   0x000081b8       0x22 src/ASF/xmega/drivers/twi/twim.o
 .debug_macro   0x000081da      0x16d src/ASF/xmega/drivers/twi/twim.o
 .debug_macro   0x00008347       0x1c src/ASF/xmega/drivers/twi/twim.o
 .debug_macro   0x00008363       0x35 src/ASF/xmega/drivers/twi/twim.o
 .debug_macro   0x00008398       0x66 src/ASF/xmega/drivers/twi/twim.o
 .debug_macro   0x000083fe      0x64b src/ASF/xmega/drivers/twi/twim.o
 .debug_macro   0x00008a49       0x97 src/ASF/xmega/drivers/twi/twim.o
 .debug_macro   0x00008ae0       0x17 src/ASF/xmega/drivers/twi/twim.o
 .debug_macro   0x00008af7      0x250 src/ASF/xmega/drivers/twi/twim.o
 .debug_macro   0x00008d47       0x76 src/ASF/xmega/drivers/twi/twim.o
 .debug_macro   0x00008dbd       0x16 src/ASF/xmega/drivers/twi/twim.o
 .debug_macro   0x00008dd3      0x6e3 src/ASF/xmega/drivers/twi/twim.o
 .debug_macro   0x000094b6       0x10 src/ASF/xmega/drivers/twi/twim.o
 .debug_macro   0x000094c6      0x175 src/ASF/xmega/drivers/twi/twim.o
 .debug_macro   0x0000963b       0x40 src/ASF/xmega/drivers/twi/twim.o
 .debug_macro   0x0000967b       0x69 src/ASF/xmega/drivers/twi/twim.o
 .debug_macro   0x000096e4       0x32 src/ASF/xmega/drivers/twi/twim.o
 .debug_macro   0x00009716       0xe4 src/ASF/xmega/drivers/twi/twim.o
 .debug_macro   0x000097fa       0x16 src/ASF/xmega/drivers/twi/twim.o
 .debug_macro   0x00009810       0x22 src/ASF/xmega/drivers/twi/twim.o
 .debug_macro   0x00009832       0x10 src/ASF/xmega/drivers/twi/twim.o
 .debug_macro   0x00009842      0x1db src/ASF/common/services/clock/xmega/sysclk.o
 .debug_macro   0x00009a1d       0x26 src/ASF/common/services/clock/xmega/sysclk.o
 .debug_macro   0x00009a43      0x16d src/ASF/common/utils/stdio/read.o
 .debug_macro   0x00009bb0      0x16d src/ASF/common/utils/stdio/write.o
 .debug_macro   0x00009d1d      0x22f src/ASF/xmega/drivers/adc/adc.o
 .debug_macro   0x00009f4c      0x22f src/ASF/xmega/drivers/adc/xmega_aau/adc_aau.o
 .debug_macro   0x0000a17b      0x225 src/ASF/xmega/drivers/tc/tc.o
 .debug_macro   0x0000a3a0       0x12 src/ASF/xmega/drivers/tc/tc.o
 .debug_macro   0x0000a3b2      0x223 src/ASF/xmega/drivers/usart/usart.o
 .debug_macro   0x0000a5d5      0x3a7 src/Drivers/altitude.o
 .debug_macro   0x0000a97c      0x160 src/Drivers/altitude.o
 .debug_macro   0x0000aadc      0x397 src/Drivers/mpu9250.o
 .debug_macro   0x0000ae73       0x40 src/Drivers/mpu9250.o
 .debug_macro   0x0000aeb3      0x332 src/Drivers/mpu9250.o
 .debug_macro   0x0000b1e5      0x38a src/Drivers/pressure.o
 .debug_macro   0x0000b56f      0x393 src/Drivers/thermistor.o
 .debug_macro   0x0000b902      0x38a src/Drivers/usart_comms.o
 .debug_macro   0x0000bc8c      0x3ce src/main.o
 .debug_macro   0x0000c05a      0x36e src/main.o
 .debug_macro   0x0000c3c8       0x34 src/main.o
OUTPUT(CanSat Probe Code.elf elf32-avr)
LOAD linker stubs

.BOOT           0x00020000        0x0
