Archive member included to satisfy reference by file (symbol)

c:/program files (x86)/atmel/studio/7.0/toolchain/avr8/avr8-gnu-toolchain/bin/../lib/gcc/avr/5.4.0/../../../../avr/lib/avrxmega7\libm.a(addsf3.o)
                              src/Drivers/thermistor.o (__subsf3)
c:/program files (x86)/atmel/studio/7.0/toolchain/avr8/avr8-gnu-toolchain/bin/../lib/gcc/avr/5.4.0/../../../../avr/lib/avrxmega7\libm.a(addsf3x.o)
                              c:/program files (x86)/atmel/studio/7.0/toolchain/avr8/avr8-gnu-toolchain/bin/../lib/gcc/avr/5.4.0/../../../../avr/lib/avrxmega7\libm.a(addsf3.o) (__addsf3x)
c:/program files (x86)/atmel/studio/7.0/toolchain/avr8/avr8-gnu-toolchain/bin/../lib/gcc/avr/5.4.0/../../../../avr/lib/avrxmega7\libm.a(divsf3.o)
                              src/Drivers/altitude.o (__divsf3)
c:/program files (x86)/atmel/studio/7.0/toolchain/avr8/avr8-gnu-toolchain/bin/../lib/gcc/avr/5.4.0/../../../../avr/lib/avrxmega7\libm.a(divsf3x.o)
                              c:/program files (x86)/atmel/studio/7.0/toolchain/avr8/avr8-gnu-toolchain/bin/../lib/gcc/avr/5.4.0/../../../../avr/lib/avrxmega7\libm.a(divsf3.o) (__divsf3x)
c:/program files (x86)/atmel/studio/7.0/toolchain/avr8/avr8-gnu-toolchain/bin/../lib/gcc/avr/5.4.0/../../../../avr/lib/avrxmega7\libm.a(fixsfsi.o)
                              src/Drivers/altitude.o (__fixsfsi)
c:/program files (x86)/atmel/studio/7.0/toolchain/avr8/avr8-gnu-toolchain/bin/../lib/gcc/avr/5.4.0/../../../../avr/lib/avrxmega7\libm.a(fixunssfsi.o)
                              src/Drivers/timer_counter.o (__fixunssfsi)
c:/program files (x86)/atmel/studio/7.0/toolchain/avr8/avr8-gnu-toolchain/bin/../lib/gcc/avr/5.4.0/../../../../avr/lib/avrxmega7\libm.a(floatsisf.o)
                              src/Drivers/altitude.o (__floatunsisf)
c:/program files (x86)/atmel/studio/7.0/toolchain/avr8/avr8-gnu-toolchain/bin/../lib/gcc/avr/5.4.0/../../../../avr/lib/avrxmega7\libm.a(fp_inf.o)
                              c:/program files (x86)/atmel/studio/7.0/toolchain/avr8/avr8-gnu-toolchain/bin/../lib/gcc/avr/5.4.0/../../../../avr/lib/avrxmega7\libm.a(addsf3x.o) (__fp_inf)
c:/program files (x86)/atmel/studio/7.0/toolchain/avr8/avr8-gnu-toolchain/bin/../lib/gcc/avr/5.4.0/../../../../avr/lib/avrxmega7\libm.a(fp_nan.o)
                              c:/program files (x86)/atmel/studio/7.0/toolchain/avr8/avr8-gnu-toolchain/bin/../lib/gcc/avr/5.4.0/../../../../avr/lib/avrxmega7\libm.a(addsf3x.o) (__fp_nan)
c:/program files (x86)/atmel/studio/7.0/toolchain/avr8/avr8-gnu-toolchain/bin/../lib/gcc/avr/5.4.0/../../../../avr/lib/avrxmega7\libm.a(fp_pscA.o)
                              c:/program files (x86)/atmel/studio/7.0/toolchain/avr8/avr8-gnu-toolchain/bin/../lib/gcc/avr/5.4.0/../../../../avr/lib/avrxmega7\libm.a(addsf3x.o) (__fp_pscA)
c:/program files (x86)/atmel/studio/7.0/toolchain/avr8/avr8-gnu-toolchain/bin/../lib/gcc/avr/5.4.0/../../../../avr/lib/avrxmega7\libm.a(fp_pscB.o)
                              c:/program files (x86)/atmel/studio/7.0/toolchain/avr8/avr8-gnu-toolchain/bin/../lib/gcc/avr/5.4.0/../../../../avr/lib/avrxmega7\libm.a(addsf3x.o) (__fp_pscB)
c:/program files (x86)/atmel/studio/7.0/toolchain/avr8/avr8-gnu-toolchain/bin/../lib/gcc/avr/5.4.0/../../../../avr/lib/avrxmega7\libm.a(fp_round.o)
                              c:/program files (x86)/atmel/studio/7.0/toolchain/avr8/avr8-gnu-toolchain/bin/../lib/gcc/avr/5.4.0/../../../../avr/lib/avrxmega7\libm.a(addsf3.o) (__fp_round)
c:/program files (x86)/atmel/studio/7.0/toolchain/avr8/avr8-gnu-toolchain/bin/../lib/gcc/avr/5.4.0/../../../../avr/lib/avrxmega7\libm.a(fp_split3.o)
                              c:/program files (x86)/atmel/studio/7.0/toolchain/avr8/avr8-gnu-toolchain/bin/../lib/gcc/avr/5.4.0/../../../../avr/lib/avrxmega7\libm.a(addsf3x.o) (__fp_split3)
c:/program files (x86)/atmel/studio/7.0/toolchain/avr8/avr8-gnu-toolchain/bin/../lib/gcc/avr/5.4.0/../../../../avr/lib/avrxmega7\libm.a(fp_zero.o)
                              c:/program files (x86)/atmel/studio/7.0/toolchain/avr8/avr8-gnu-toolchain/bin/../lib/gcc/avr/5.4.0/../../../../avr/lib/avrxmega7\libm.a(addsf3x.o) (__fp_zero)
c:/program files (x86)/atmel/studio/7.0/toolchain/avr8/avr8-gnu-toolchain/bin/../lib/gcc/avr/5.4.0/../../../../avr/lib/avrxmega7\libm.a(log.o)
                              src/Drivers/altitude.o (log)
c:/program files (x86)/atmel/studio/7.0/toolchain/avr8/avr8-gnu-toolchain/bin/../lib/gcc/avr/5.4.0/../../../../avr/lib/avrxmega7\libm.a(mulsf3.o)
                              src/Drivers/altitude.o (__mulsf3)
c:/program files (x86)/atmel/studio/7.0/toolchain/avr8/avr8-gnu-toolchain/bin/../lib/gcc/avr/5.4.0/../../../../avr/lib/avrxmega7\libm.a(mulsf3x.o)
                              c:/program files (x86)/atmel/studio/7.0/toolchain/avr8/avr8-gnu-toolchain/bin/../lib/gcc/avr/5.4.0/../../../../avr/lib/avrxmega7\libm.a(log.o) (__mulsf3x)
[...]
Memory Configuration

Name             Origin             Length             Attributes
text             0x00000000         0x00100000         xr
data             0x00802000         0x0000ffa0         rw !x
eeprom           0x00810000         0x00010000         rw !x
fuse             0x00820000         0x00000006         rw !x
lock             0x00830000         0x00000400         rw !x
signature        0x00840000         0x00000400         rw !x
user_signatures  0x00850000         0x00000400         rw !x
*default*        0x00000000         0xffffffff

Linker script and memory map

LOAD C:/Program Files (x86)/Atmel/Studio/7.0/Packs/atmel/XMEGAA_DFP/1.1.68/gcc/dev/atxmega128a1u/avrxmega7/crtatxmega128a1u.o
LOAD src/ASF/common/services/clock/xmega/sysclk.o
LOAD src/ASF/common/services/serial/usart_serial.o
LOAD src/ASF/common/services/sleepmgr/xmega/sleepmgr.o
LOAD src/ASF/common/utils/stdio/read.o
LOAD src/ASF/common/utils/stdio/write.o
LOAD src/ASF/xmega/drivers/adc/adc.o
LOAD src/ASF/xmega/drivers/adc/xmega_aau/adc_aau.o
LOAD src/ASF/xmega/drivers/cpu/ccp.o
LOAD src/ASF/common/services/ioport/xmega/ioport_compat.o
LOAD src/ASF/xmega/boards/xmega_a1_xplained/init.o
LOAD src/ASF/xmega/drivers/nvm/nvm.o
LOAD src/ASF/xmega/drivers/nvm/nvm_asm.o
LOAD src/ASF/xmega/drivers/tc/tc.o
LOAD src/ASF/xmega/drivers/usart/usart.o
LOAD src/Drivers/altitude.o
LOAD src/Drivers/LED.o
LOAD src/Drivers/pressure.o
LOAD src/Drivers/thermistor.o
LOAD src/Drivers/timer_counter.o
LOAD src/Drivers/usart.o
LOAD src/main.o
START GROUP
LOAD c:/program files (x86)/atmel/studio/7.0/toolchain/avr8/avr8-gnu-toolchain/bin/../lib/gcc/avr/5.4.0/../../../../avr/lib/avrxmega7\libm.a
LOAD c:/program files (x86)/atmel/studio/7.0/toolchain/avr8/avr8-gnu-toolchain/bin/../lib/gcc/avr/5.4.0/../../../../avr/lib/avrxmega7\libprintf_flt.a
END GROUP
Address of section .BOOT set to 0x20000
START GROUP
LOAD c:/program files (x86)/atmel/studio/7.0/toolchain/avr8/avr8-gnu-toolchain/bin/../lib/gcc/avr/5.4.0/avrxmega7\libgcc.a
LOAD c:/program files (x86)/atmel/studio/7.0/toolchain/avr8/avr8-gnu-toolchain/bin/../lib/gcc/avr/5.4.0/../../../../avr/lib/avrxmega7\libm.a
LOAD c:/program files (x86)/atmel/studio/7.0/toolchain/avr8/avr8-gnu-toolchain/bin/../lib/gcc/avr/5.4.0/../../../../avr/lib/avrxmega7\libc.a
LOAD C:/Program Files (x86)/Atmel/Studio/7.0/Packs/atmel/XMEGAA_DFP/1.1.68/gcc/dev/atxmega128a1u/avrxmega7\libatxmega128a1u.a
END GROUP
                0x00100000                __TEXT_REGION_LENGTH__ = DEFINED (__TEXT_REGION_LENGTH__)?__TEXT_REGION_LENGTH__:0x100000
                0x0000ffa0                __DATA_REGION_LENGTH__ = DEFINED (__DATA_REGION_LENGTH__)?__DATA_REGION_LENGTH__:0xffa0
                0x00010000                __EEPROM_REGION_LENGTH__ = DEFINED (__EEPROM_REGION_LENGTH__)?__EEPROM_REGION_LENGTH__:0x10000
                [0x00000006]                __FUSE_REGION_LENGTH__ = DEFINED (__FUSE_REGION_LENGTH__)?__FUSE_REGION_LENGTH__:0x400
                0x00000400                __LOCK_REGION_LENGTH__ = DEFINED (__LOCK_REGION_LENGTH__)?__LOCK_REGION_LENGTH__:0x400
                0x00000400                __SIGNATURE_REGION_LENGTH__ = DEFINED (__SIGNATURE_REGION_LENGTH__)?__SIGNATURE_REGION_LENGTH__:0x400
                0x00000400                __USER_SIGNATURE_REGION_LENGTH__ = DEFINED (__USER_SIGNATURE_REGION_LENGTH__)?__USER_SIGNATURE_REGION_LENGTH__:0x400

.hash
 *(.hash)

.dynsym
 *(.dynsym)

.dynstr
 *(.dynstr)

.gnu.version
 *(.gnu.version)

.gnu.version_d
 *(.gnu.version_d)

.gnu.version_r
 *(.gnu.version_r)

.rel.init
 *(.rel.init)

.rela.init
 *(.rela.init)

.rel.text
 *(.rel.text)
 *(.rel.text.*)
 *(.rel.gnu.linkonce.t*)

.rela.text
 *(.rela.text)
 *(.rela.text.*)
 *(.rela.gnu.linkonce.t*)

.rel.fini
 *(.rel.fini)

.rela.fini
 *(.rela.fini)

.rel.rodata
 *(.rel.rodata)
 *(.rel.rodata.*)
 *(.rel.gnu.linkonce.r*)

.rela.rodata
 *(.rela.rodata)
 *(.rela.rodata.*)
 *(.rela.gnu.linkonce.r*)

.rel.data
 *(.rel.data)
 *(.rel.data.*)
 *(.rel.gnu.linkonce.d*)

.rela.data
 *(.rela.data)
 *(.rela.data.*)
 *(.rela.gnu.linkonce.d*)

.rel.ctors
 *(.rel.ctors)

.rela.ctors
 *(.rela.ctors)

.rel.dtors
 *(.rel.dtors)

.rela.dtors
 *(.rela.dtors)

.rel.got
 *(.rel.got)

.rela.got
 *(.rela.got)

.rel.bss
 *(.rel.bss)

.rela.bss
 *(.rela.bss)

.rel.plt
 *(.rel.plt)

.rela.plt
 *(.rela.plt)

.text           0x00000000     0x3f66
 *(.vectors)
 .vectors       0x00000000      0x1fc C:/Program Files (x86)/Atmel/Studio/7.0/Packs/atmel/XMEGAA_DFP/1.1.68/gcc/dev/atxmega128a1u/avrxmega7/crtatxmega128a1u.o
                0x00000000                __vector_default
                0x00000000                __vectors
 *(.vectors)
 *(.progmem.gcc*)
 .progmem.gcc_fplib
                0x000001fc       0x5a c:/program files (x86)/atmel/studio/7.0/toolchain/avr8/avr8-gnu-toolchain/bin/../lib/gcc/avr/5.4.0/../../../../avr/lib/avrxmega7\libm.a(log.o)
                0x00000256                . = ALIGN (0x2)
                0x00000256                __trampolines_start = .
 *(.trampolines)
 .trampolines   0x00000256        0x0 linker stubs
 *(.trampolines*)
                0x00000256                __trampolines_end = .
 *libprintf_flt.a:*(.progmem.data)
 .progmem.data  0x00000256        0x8 c:/program files (x86)/atmel/studio/7.0/toolchain/avr8/avr8-gnu-toolchain/bin/../lib/gcc/avr/5.4.0/../../../../avr/lib/avrxmega7\libprintf_flt.a(vfprintf_flt.o)
 *libc.a:*(.progmem.data)
 .progmem.data  0x0000025e       0xfa c:/program files (x86)/atmel/studio/7.0/toolchain/avr8/avr8-gnu-toolchain/bin/../lib/gcc/avr/5.4.0/../../../../avr/lib/avrxmega7\libc.a(ftoa_engine.o)
 *(.progmem*)
                0x00000358                . = ALIGN (0x2)
 *(.jumptables)
 *(.jumptables*)
 *(.lowtext)
 *(.lowtext*)
                0x00000358                __ctors_start = .
 *(.ctors)
                0x00000358                __ctors_end = .
                0x00000358                __dtors_start = .
 *(.dtors)
                0x00000358                __dtors_end = .
 SORT(*)(.ctors)
 SORT(*)(.dtors)
 *(.init0)
 .init0         0x00000358        0x0 C:/Program Files (x86)/Atmel/Studio/7.0/Packs/atmel/XMEGAA_DFP/1.1.68/gcc/dev/atxmega128a1u/avrxmega7/crtatxmega128a1u.o
                0x00000358                __init
 *(.init0)
 *(.init1)
 *(.init1)
 *(.init2)
 .init2         0x00000358       0x18 C:/Program Files (x86)/Atmel/Studio/7.0/Packs/atmel/XMEGAA_DFP/1.1.68/gcc/dev/atxmega128a1u/avrxmega7/crtatxmega128a1u.o
 *(.init2)
 *(.init3)
 *(.init3)
 *(.init4)
 .init4         0x00000370       0x1c c:/program files (x86)/atmel/studio/7.0/toolchain/avr8/avr8-gnu-toolchain/bin/../lib/gcc/avr/5.4.0/avrxmega7\libgcc.a(_copy_data.o)
                0x00000370                __do_copy_data
 .init4         0x0000038c       0x10 c:/program files (x86)/atmel/studio/7.0/toolchain/avr8/avr8-gnu-toolchain/bin/../lib/gcc/avr/5.4.0/avrxmega7\libgcc.a(_clear_bss.o)
                0x0000038c                __do_clear_bss
 *(.init4)
 *(.init5)
 *(.init5)
 *(.init6)
 *(.init6)
 *(.init7)
 *(.init7)
 *(.init8)
 *(.init8)
 *(.init9)
 .init9         0x0000039c        0x8 C:/Program Files (x86)/Atmel/Studio/7.0/Packs/atmel/XMEGAA_DFP/1.1.68/gcc/dev/atxmega128a1u/avrxmega7/crtatxmega128a1u.o
 *(.init9)
 *(.text)
 .text          0x000003a4        0x2 C:/Program Files (x86)/Atmel/Studio/7.0/Packs/atmel/XMEGAA_DFP/1.1.68/gcc/dev/atxmega128a1u/avrxmega7/crtatxmega128a1u.o
                0x000003a4                __vector_38
                0x000003a4                __vector_104
                0x000003a4                __vector_63
                0x000003a4                __vector_28
                0x000003a4                __vector_67
                0x000003a4                __vector_1
                0x000003a4                __vector_119
                0x000003a4                __vector_32
                0x000003a4                __vector_75
                0x000003a4                __vector_91
                0x000003a4                __vector_34
                0x000003a4                __vector_62
                0x000003a4                __vector_102
                0x000003a4                __vector_24
                0x000003a4                __vector_12
                0x000003a4                __vector_69
                0x000003a4                __vector_90
                0x000003a4                __vector_46
                0x000003a4                __bad_interrupt
                0x000003a4                __vector_122
                0x000003a4                __vector_6
                0x000003a4                __vector_31
                0x000003a4                __vector_92
                0x000003a4                __vector_35
                0x000003a4                __vector_107
                0x000003a4                __vector_3
                0x000003a4                __vector_105
                0x000003a4                __vector_98
                0x000003a4                __vector_68
                0x000003a4                __vector_30
                0x000003a4                __vector_45
                0x000003a4                __vector_25
                0x000003a4                __vector_93
                0x000003a4                __vector_61
                0x000003a4                __vector_11
                0x000003a4                __vector_99
                0x000003a4                __vector_13
                0x000003a4                __vector_7
                0x000003a4                __vector_125
                0x000003a4                __vector_123
                0x000003a4                __vector_100
                0x000003a4                __vector_101
                0x000003a4                __vector_64
                0x000003a4                __vector_88
                0x000003a4                __vector_43
                0x000003a4                __vector_27
                0x000003a4                __vector_5
                0x000003a4                __vector_33
                0x000003a4                __vector_76
                0x000003a4                __vector_37
                0x000003a4                __vector_95
                0x000003a4                __vector_103
                0x000003a4                __vector_96
                0x000003a4                __vector_89
                0x000003a4                __vector_4
                0x000003a4                __vector_44
                0x000003a4                __vector_106
                0x000003a4                __vector_118
                0x000003a4                __vector_9
                0x000003a4                __vector_2
                0x000003a4                __vector_66
                0x000003a4                __vector_36
                0x000003a4                __vector_58
                0x000003a4                __vector_70
                0x000003a4                __vector_29
                0x000003a4                __vector_60
                0x000003a4                __vector_121
                0x000003a4                __vector_94
                0x000003a4                __vector_126
                0x000003a4                __vector_8
                0x000003a4                __vector_26
                0x000003a4                __vector_124
                0x000003a4                __vector_57
                0x000003a4                __vector_10
                0x000003a4                __vector_59
                0x000003a4                __vector_97
                0x000003a4                __vector_87
                0x000003a4                __vector_65
                0x000003a4                __vector_120
                0x000003a6                . = ALIGN (0x2)
 *(.text.*)
 .text.sysclk_init
                0x000003a6       0x6a src/ASF/common/services/clock/xmega/sysclk.o
                0x000003a6                sysclk_init
 .text.sysclk_enable_module
                0x00000410       0x2c src/ASF/common/services/clock/xmega/sysclk.o
                0x00000410                sysclk_enable_module
 .text._read    0x0000043c       0x32 src/ASF/common/utils/stdio/read.o
                0x0000043c                _read
 .text._write   0x0000046e       0x24 src/ASF/common/utils/stdio/write.o
                0x0000046e                _write
 .text.__vector_71
                0x00000492       0x7a src/ASF/xmega/drivers/adc/xmega_aau/adc_aau.o
                0x00000492                __vector_71
 .text.__vector_72
                0x0000050c       0x7a src/ASF/xmega/drivers/adc/xmega_aau/adc_aau.o
                0x0000050c                __vector_72
 .text.__vector_73
                0x00000586       0x7a src/ASF/xmega/drivers/adc/xmega_aau/adc_aau.o
                0x00000586                __vector_73
 .text.__vector_74
                0x00000600       0x7a src/ASF/xmega/drivers/adc/xmega_aau/adc_aau.o
                0x00000600                __vector_74
 .text.__vector_39
                0x0000067a       0x7a src/ASF/xmega/drivers/adc/xmega_aau/adc_aau.o
                0x0000067a                __vector_39
 .text.__vector_40
                0x000006f4       0x7a src/ASF/xmega/drivers/adc/xmega_aau/adc_aau.o
                0x000006f4                __vector_40
 .text.__vector_41
                0x0000076e       0x7a src/ASF/xmega/drivers/adc/xmega_aau/adc_aau.o
                0x0000076e                __vector_41
 .text.__vector_42
                0x000007e8       0x7a src/ASF/xmega/drivers/adc/xmega_aau/adc_aau.o
                0x000007e8                __vector_42
 .text.ccp_write_io
                0x00000862        0xc src/ASF/xmega/drivers/cpu/ccp.o
                0x00000862                ccp_write_io
 .text.nvm_read_byte
                0x0000086e       0x14 src/ASF/xmega/drivers/nvm/nvm_asm.o
                0x0000086e                nvm_read_byte
 .text.__vector_14
                0x00000882       0x70 src/ASF/xmega/drivers/tc/tc.o
                0x00000882                __vector_14
 .text.__vector_15
                0x000008f2       0x70 src/ASF/xmega/drivers/tc/tc.o
                0x000008f2                __vector_15
 .text.__vector_16
                0x00000962       0x70 src/ASF/xmega/drivers/tc/tc.o
                0x00000962                __vector_16
 .text.__vector_17
                0x000009d2       0x70 src/ASF/xmega/drivers/tc/tc.o
                0x000009d2                __vector_17
 .text.__vector_18
                0x00000a42       0x70 src/ASF/xmega/drivers/tc/tc.o
                0x00000a42                __vector_18
 .text.__vector_19
                0x00000ab2       0x70 src/ASF/xmega/drivers/tc/tc.o
                0x00000ab2                __vector_19
 .text.__vector_20
                0x00000b22       0x70 src/ASF/xmega/drivers/tc/tc.o
                0x00000b22                __vector_20
 .text.__vector_21
                0x00000b92       0x70 src/ASF/xmega/drivers/tc/tc.o
                0x00000b92                __vector_21
 .text.__vector_22
                0x00000c02       0x70 src/ASF/xmega/drivers/tc/tc.o
                0x00000c02                __vector_22
 .text.__vector_23
                0x00000c72       0x70 src/ASF/xmega/drivers/tc/tc.o
                0x00000c72                __vector_23
 .text.__vector_77
                0x00000ce2       0x70 src/ASF/xmega/drivers/tc/tc.o
                0x00000ce2                __vector_77
 .text.__vector_78
                0x00000d52       0x70 src/ASF/xmega/drivers/tc/tc.o
                0x00000d52                __vector_78
 .text.__vector_79
                0x00000dc2       0x70 src/ASF/xmega/drivers/tc/tc.o
                0x00000dc2                __vector_79
 .text.__vector_80
                0x00000e32       0x70 src/ASF/xmega/drivers/tc/tc.o
                0x00000e32                __vector_80
 .text.__vector_81
                0x00000ea2       0x70 src/ASF/xmega/drivers/tc/tc.o
                0x00000ea2                __vector_81
 .text.__vector_82
                0x00000f12       0x70 src/ASF/xmega/drivers/tc/tc.o
                0x00000f12                __vector_82
 .text.__vector_83
                0x00000f82       0x70 src/ASF/xmega/drivers/tc/tc.o
                0x00000f82                __vector_83
 .text.__vector_84
                0x00000ff2       0x70 src/ASF/xmega/drivers/tc/tc.o
                0x00000ff2                __vector_84
 .text.__vector_85
                0x00001062       0x70 src/ASF/xmega/drivers/tc/tc.o
                0x00001062                __vector_85
 .text.__vector_86
                0x000010d2       0x70 src/ASF/xmega/drivers/tc/tc.o
                0x000010d2                __vector_86
 .text.__vector_47
                0x00001142       0x70 src/ASF/xmega/drivers/tc/tc.o
                0x00001142                __vector_47
 .text.__vector_48
                0x000011b2       0x70 src/ASF/xmega/drivers/tc/tc.o
                0x000011b2                __vector_48
 .text.__vector_49
                0x00001222       0x70 src/ASF/xmega/drivers/tc/tc.o
                0x00001222                __vector_49
 .text.__vector_50
                0x00001292       0x70 src/ASF/xmega/drivers/tc/tc.o
                0x00001292                __vector_50
 .text.__vector_51
                0x00001302       0x70 src/ASF/xmega/drivers/tc/tc.o
                0x00001302                __vector_51
 .text.__vector_52
                0x00001372       0x70 src/ASF/xmega/drivers/tc/tc.o
                0x00001372                __vector_52
 .text.__vector_53
                0x000013e2       0x70 src/ASF/xmega/drivers/tc/tc.o
                0x000013e2                __vector_53
 .text.__vector_54
                0x00001452       0x70 src/ASF/xmega/drivers/tc/tc.o
                0x00001452                __vector_54
 .text.__vector_55
                0x000014c2       0x70 src/ASF/xmega/drivers/tc/tc.o
                0x000014c2                __vector_55
 .text.__vector_56
                0x00001532       0x70 src/ASF/xmega/drivers/tc/tc.o
                0x00001532                __vector_56
 .text.__vector_108
                0x000015a2       0x70 src/ASF/xmega/drivers/tc/tc.o
                0x000015a2                __vector_108
 .text.__vector_109
                0x00001612       0x70 src/ASF/xmega/drivers/tc/tc.o
                0x00001612                __vector_109
 .text.__vector_110
                0x00001682       0x70 src/ASF/xmega/drivers/tc/tc.o
                0x00001682                __vector_110
 .text.__vector_111
                0x000016f2       0x70 src/ASF/xmega/drivers/tc/tc.o
                0x000016f2                __vector_111
 .text.__vector_112
                0x00001762       0x70 src/ASF/xmega/drivers/tc/tc.o
                0x00001762                __vector_112
 .text.__vector_113
                0x000017d2       0x70 src/ASF/xmega/drivers/tc/tc.o
                0x000017d2                __vector_113
 .text.__vector_114
                0x00001842       0x70 src/ASF/xmega/drivers/tc/tc.o
                0x00001842                __vector_114
 .text.__vector_115
                0x000018b2       0x70 src/ASF/xmega/drivers/tc/tc.o
                0x000018b2                __vector_115
 .text.__vector_116
                0x00001922       0x70 src/ASF/xmega/drivers/tc/tc.o
                0x00001922                __vector_116
 .text.__vector_117
                0x00001992       0x70 src/ASF/xmega/drivers/tc/tc.o
                0x00001992                __vector_117
 .text.usart_putchar
                0x00001a02       0x10 src/ASF/xmega/drivers/usart/usart.o
                0x00001a02                usart_putchar
 .text.usart_getchar
                0x00001a12        0xc src/ASF/xmega/drivers/usart/usart.o
                0x00001a12                usart_getchar
 .text.usart_set_baudrate
                0x00001a1e      0x226 src/ASF/xmega/drivers/usart/usart.o
                0x00001a1e                usart_set_baudrate
 .text.usart_init_rs232
                0x00001c44      0x310 src/ASF/xmega/drivers/usart/usart.o
                0x00001c44                usart_init_rs232
 .text.Get_altitude
                0x00001f54       0xfa src/Drivers/altitude.o
                0x00001f54                Get_altitude
 .text.__portable_avr_delay_cycles
                0x0000204e       0x16 src/Drivers/pressure.o
 .text.SPI_init
                0x00002064       0x16 src/Drivers/pressure.o
                0x00002064                SPI_init
 .text.SPI_write
                0x0000207a       0x10 src/Drivers/pressure.o
                0x0000207a                SPI_write
 .text.spi_read
                0x0000208a        0xa src/Drivers/pressure.o
                0x0000208a                spi_read
 .text.prom_read
                0x00002094       0x46 src/Drivers/pressure.o
                0x00002094                prom_read
 .text.ms5607_init
                0x000020da       0x6e src/Drivers/pressure.o
                0x000020da                ms5607_init
 .text.data_read
                0x00002148       0x88 src/Drivers/pressure.o
                0x00002148                data_read
 .text.get_pressure
                0x000021d0      0x36c src/Drivers/pressure.o
                0x000021d0                get_pressure
 .text.adc_init
                0x0000253c       0x5a src/Drivers/thermistor.o
                0x0000253c                adc_init
 .text.timer_founter_init
                0x00002596       0x68 src/Drivers/timer_counter.o
                0x00002596                timer_founter_init
 .text.usart_serial_getchar
                0x000025fe       0x10 src/Drivers/usart.o
 .text.usart_serial_putchar
                0x0000260e        0x4 src/Drivers/usart.o
 .text.usart_init
                0x00002612       0x88 src/Drivers/usart.o
                0x00002612                usart_init
 .text.__portable_avr_delay_cycles
                0x0000269a       0x16 src/main.o
 .text.sysclk_enable_peripheral_clock
                0x000026b0      0x2c0 src/main.o
 .text.main     0x00002970      0x1ae src/main.o
                0x00002970                main
 .text.avr-libc.fplib
                0x00002b1e        0xa c:/program files (x86)/atmel/studio/7.0/toolchain/avr8/avr8-gnu-toolchain/bin/../lib/gcc/avr/5.4.0/../../../../avr/lib/avrxmega7\libm.a(addsf3.o)
                0x00002b1e                __subsf3
                0x00002b20                __addsf3
 .text.avr-libc.fplib
                0x00002b28       0xc0 c:/program files (x86)/atmel/studio/7.0/toolchain/avr8/avr8-gnu-toolchain/bin/../lib/gcc/avr/5.4.0/../../../../avr/lib/avrxmega7\libm.a(addsf3x.o)
                0x00002b42                __addsf3x
 .text.avr-libc.fplib
                0x00002be8        0x4 c:/program files (x86)/atmel/studio/7.0/toolchain/avr8/avr8-gnu-toolchain/bin/../lib/gcc/avr/5.4.0/../../../../avr/lib/avrxmega7\libm.a(divsf3.o)
                0x00002be8                __divsf3
 .text.avr-libc.fplib
                0x00002bec       0xcc c:/program files (x86)/atmel/studio/7.0/toolchain/avr8/avr8-gnu-toolchain/bin/../lib/gcc/avr/5.4.0/../../../../avr/lib/avrxmega7\libm.a(divsf3x.o)
                0x00002c02                __divsf3x
                0x00002c06                __divsf3_pse
 .text.avr-libc.fplib
                0x00002cb8        0xa c:/program files (x86)/atmel/studio/7.0/toolchain/avr8/avr8-gnu-toolchain/bin/../lib/gcc/avr/5.4.0/../../../../avr/lib/avrxmega7\libm.a(fixsfsi.o)
                0x00002cb8                __fixsfsi
 .text.avr-libc.fplib
                0x00002cc2       0x58 c:/program files (x86)/atmel/studio/7.0/toolchain/avr8/avr8-gnu-toolchain/bin/../lib/gcc/avr/5.4.0/../../../../avr/lib/avrxmega7\libm.a(fixunssfsi.o)
                0x00002cc2                __fixunssfsi
 .text.avr-libc.fplib
                0x00002d1a       0x7a c:/program files (x86)/atmel/studio/7.0/toolchain/avr8/avr8-gnu-toolchain/bin/../lib/gcc/avr/5.4.0/../../../../avr/lib/avrxmega7\libm.a(floatsisf.o)
                0x00002d1a                __floatunsisf
                0x00002d1e                __floatsisf
 .text.avr-libc.fplib
                0x00002d94        0xc c:/program files (x86)/atmel/studio/7.0/toolchain/avr8/avr8-gnu-toolchain/bin/../lib/gcc/avr/5.4.0/../../../../avr/lib/avrxmega7\libm.a(fp_inf.o)
                0x00002d94                __fp_inf
 .text.avr-libc.fplib
                0x00002da0        0x6 c:/program files (x86)/atmel/studio/7.0/toolchain/avr8/avr8-gnu-toolchain/bin/../lib/gcc/avr/5.4.0/../../../../avr/lib/avrxmega7\libm.a(fp_nan.o)
                0x00002da0                __fp_nan
 .text.avr-libc.fplib
                0x00002da6        0xe c:/program files (x86)/atmel/studio/7.0/toolchain/avr8/avr8-gnu-toolchain/bin/../lib/gcc/avr/5.4.0/../../../../avr/lib/avrxmega7\libm.a(fp_pscA.o)
                0x00002da6                __fp_pscA
 .text.avr-libc.fplib
                0x00002db4        0xe c:/program files (x86)/atmel/studio/7.0/toolchain/avr8/avr8-gnu-toolchain/bin/../lib/gcc/avr/5.4.0/../../../../avr/lib/avrxmega7\libm.a(fp_pscB.o)
                0x00002db4                __fp_pscB
 .text.avr-libc.fplib
                0x00002dc2       0x22 c:/program files (x86)/atmel/studio/7.0/toolchain/avr8/avr8-gnu-toolchain/bin/../lib/gcc/avr/5.4.0/../../../../avr/lib/avrxmega7\libm.a(fp_round.o)
                0x00002dc2                __fp_round
 .text.avr-libc.fplib
                0x00002de4       0x44 c:/program files (x86)/atmel/studio/7.0/toolchain/avr8/avr8-gnu-toolchain/bin/../lib/gcc/avr/5.4.0/../../../../avr/lib/avrxmega7\libm.a(fp_split3.o)
                0x00002de4                __fp_split3
                0x00002df4                __fp_splitA
 .text.avr-libc.fplib
                0x00002e28        0xe c:/program files (x86)/atmel/studio/7.0/toolchain/avr8/avr8-gnu-toolchain/bin/../lib/gcc/avr/5.4.0/../../../../avr/lib/avrxmega7\libm.a(fp_zero.o)
                0x00002e28                __fp_zero
                0x00002e2a                __fp_szero
 .text.avr-libc.fplib
                0x00002e36       0x8a c:/program files (x86)/atmel/studio/7.0/toolchain/avr8/avr8-gnu-toolchain/bin/../lib/gcc/avr/5.4.0/../../../../avr/lib/avrxmega7\libm.a(log.o)
                0x00002e40                log
 .text.avr-libc.fplib
                0x00002ec0        0x4 c:/program files (x86)/atmel/studio/7.0/toolchain/avr8/avr8-gnu-toolchain/bin/../lib/gcc/avr/5.4.0/../../../../avr/lib/avrxmega7\libm.a(mulsf3.o)
                0x00002ec0                __mulsf3
 .text.avr-libc.fplib
                0x00002ec4       0xc2 c:/program files (x86)/atmel/studio/7.0/toolchain/avr8/avr8-gnu-toolchain/bin/../lib/gcc/avr/5.4.0/../../../../avr/lib/avrxmega7\libm.a(mulsf3x.o)
                0x00002ed8                __mulsf3x
                0x00002edc                __mulsf3_pse
 .text.avr-libc.fplib
                0x00002f86       0x1c c:/program files (x86)/atmel/studio/7.0/toolchain/avr8/avr8-gnu-toolchain/bin/../lib/gcc/avr/5.4.0/../../../../avr/lib/avrxmega7\libm.a(fp_mpack.o)
                0x00002f86                __fp_mpack
                0x00002f8a                __fp_mpack_finite
 .text.avr-libc.fplib
                0x00002fa2       0x4a c:/program files (x86)/atmel/studio/7.0/toolchain/avr8/avr8-gnu-toolchain/bin/../lib/gcc/avr/5.4.0/../../../../avr/lib/avrxmega7\libm.a(fp_powser.o)
                0x00002fa2                __fp_powser
 .text.avr-libc
                0x00002fec      0x706 c:/program files (x86)/atmel/studio/7.0/toolchain/avr8/avr8-gnu-toolchain/bin/../lib/gcc/avr/5.4.0/../../../../avr/lib/avrxmega7\libprintf_flt.a(vfprintf_flt.o)
                0x00002fec                vfprintf
 .text.libgcc.div
                0x000036f2       0x44 c:/program files (x86)/atmel/studio/7.0/toolchain/avr8/avr8-gnu-toolchain/bin/../lib/gcc/avr/5.4.0/avrxmega7\libgcc.a(_udivmodsi4.o)
                0x000036f2                __udivmodsi4
 .text.libgcc.mul
                0x00003736       0x14 c:/program files (x86)/atmel/studio/7.0/toolchain/avr8/avr8-gnu-toolchain/bin/../lib/gcc/avr/5.4.0/avrxmega7\libgcc.a(_muluhisi3.o)
                0x00003736                __muluhisi3
 .text.libgcc.mul
                0x0000374a       0x92 c:/program files (x86)/atmel/studio/7.0/toolchain/avr8/avr8-gnu-toolchain/bin/../lib/gcc/avr/5.4.0/avrxmega7\libgcc.a(_muldi3.o)
                0x0000374a                __muldi3
 .text.libgcc.mul
                0x000037dc       0x10 c:/program files (x86)/atmel/studio/7.0/toolchain/avr8/avr8-gnu-toolchain/bin/../lib/gcc/avr/5.4.0/avrxmega7\libgcc.a(_muldi3_6.o)
                0x000037dc                __muldi3_6
 .text.libgcc.builtins
                0x000037ec       0x32 c:/program files (x86)/atmel/studio/7.0/toolchain/avr8/avr8-gnu-toolchain/bin/../lib/gcc/avr/5.4.0/avrxmega7\libgcc.a(_ashldi3.o)
                0x000037ec                __ashldi3
 .text.libgcc.builtins
                0x0000381e       0x3c c:/program files (x86)/atmel/studio/7.0/toolchain/avr8/avr8-gnu-toolchain/bin/../lib/gcc/avr/5.4.0/avrxmega7\libgcc.a(_ashrdi3.o)
                0x0000381e                __ashrdi3
                0x00003822                __lshrdi3
 .text.libgcc   0x0000385a       0x12 c:/program files (x86)/atmel/studio/7.0/toolchain/avr8/avr8-gnu-toolchain/bin/../lib/gcc/avr/5.4.0/avrxmega7\libgcc.a(_adddi3.o)
                0x0000385a                __adddi3
 .text.libgcc   0x0000386c       0x12 c:/program files (x86)/atmel/studio/7.0/toolchain/avr8/avr8-gnu-toolchain/bin/../lib/gcc/avr/5.4.0/avrxmega7\libgcc.a(_subdi3.o)
                0x0000386c                __subdi3
 .text.libgcc   0x0000387e       0x18 c:/program files (x86)/atmel/studio/7.0/toolchain/avr8/avr8-gnu-toolchain/bin/../lib/gcc/avr/5.4.0/avrxmega7\libgcc.a(_cmpdi2_s8.o)
                0x0000387e                __cmpdi2_s8
 .text.libgcc.mul
                0x00003896       0x1e c:/program files (x86)/atmel/studio/7.0/toolchain/avr8/avr8-gnu-toolchain/bin/../lib/gcc/avr/5.4.0/avrxmega7\libgcc.a(_umulhisi3.o)
                0x00003896                __umulhisi3
 .text.avr-libc
                0x000038b4      0x1b0 c:/program files (x86)/atmel/studio/7.0/toolchain/avr8/avr8-gnu-toolchain/bin/../lib/gcc/avr/5.4.0/../../../../avr/lib/avrxmega7\libc.a(ftoa_engine.o)
                0x000038b4                __ftoa_engine
 .text.avr-libc
                0x00003a64       0x16 c:/program files (x86)/atmel/studio/7.0/toolchain/avr8/avr8-gnu-toolchain/bin/../lib/gcc/avr/5.4.0/../../../../avr/lib/avrxmega7\libc.a(strnlen_P.o)
                0x00003a64                strnlen_P
 .text.avr-libc
                0x00003a7a       0x16 c:/program files (x86)/atmel/studio/7.0/toolchain/avr8/avr8-gnu-toolchain/bin/../lib/gcc/avr/5.4.0/../../../../avr/lib/avrxmega7\libc.a(strnlen.o)
                0x00003a7a                strnlen
 .text.avr-libc
                0x00003a90       0x94 c:/program files (x86)/atmel/studio/7.0/toolchain/avr8/avr8-gnu-toolchain/bin/../lib/gcc/avr/5.4.0/../../../../avr/lib/avrxmega7\libc.a(fdevopen.o)
                0x00003a90                fdevopen
 .text.avr-libc
                0x00003b24       0x78 c:/program files (x86)/atmel/studio/7.0/toolchain/avr8/avr8-gnu-toolchain/bin/../lib/gcc/avr/5.4.0/../../../../avr/lib/avrxmega7\libc.a(fputc.o)
                0x00003b24                fputc
 .text.avr-libc
                0x00003b9c       0x26 c:/program files (x86)/atmel/studio/7.0/toolchain/avr8/avr8-gnu-toolchain/bin/../lib/gcc/avr/5.4.0/../../../../avr/lib/avrxmega7\libc.a(printf.o)
                0x00003b9c                printf
 .text.avr-libc
                0x00003bc2       0x60 c:/program files (x86)/atmel/studio/7.0/toolchain/avr8/avr8-gnu-toolchain/bin/../lib/gcc/avr/5.4.0/../../../../avr/lib/avrxmega7\libc.a(puts.o)
                0x00003bc2                puts
 .text.avr-libc
                0x00003c22       0xbc c:/program files (x86)/atmel/studio/7.0/toolchain/avr8/avr8-gnu-toolchain/bin/../lib/gcc/avr/5.4.0/../../../../avr/lib/avrxmega7\libc.a(ultoa_invert.o)
                0x00003c22                __ultoa_invert
 .text.avr-libc
                0x00003cde       0x34 c:/program files (x86)/atmel/studio/7.0/toolchain/avr8/avr8-gnu-toolchain/bin/../lib/gcc/avr/5.4.0/../../../../avr/lib/avrxmega7\libc.a(calloc.o)
                0x00003cde                calloc
 .text.avr-libc
                0x00003d12      0x242 c:/program files (x86)/atmel/studio/7.0/toolchain/avr8/avr8-gnu-toolchain/bin/../lib/gcc/avr/5.4.0/../../../../avr/lib/avrxmega7\libc.a(malloc.o)
                0x00003d12                malloc
                0x00003e42                free
 .text.avr-libc
                0x00003f54        0xe c:/program files (x86)/atmel/studio/7.0/toolchain/avr8/avr8-gnu-toolchain/bin/../lib/gcc/avr/5.4.0/../../../../avr/lib/avrxmega7\libc.a(memset.o)
                0x00003f54                memset
                0x00003f62                . = ALIGN (0x2)
 *(.fini9)
 .fini9         0x00003f62        0x0 c:/program files (x86)/atmel/studio/7.0/toolchain/avr8/avr8-gnu-toolchain/bin/../lib/gcc/avr/5.4.0/avrxmega7\libgcc.a(_exit.o)
                0x00003f62                _exit
                0x00003f62                exit
 *(.fini9)
 *(.fini8)
 *(.fini8)
 *(.fini7)
 *(.fini7)
 *(.fini6)
 *(.fini6)
 *(.fini5)
 *(.fini5)
 *(.fini4)
 *(.fini4)
 *(.fini3)
 *(.fini3)
 *(.fini2)
 *(.fini2)
 *(.fini1)
 *(.fini1)
 *(.fini0)
 .fini0         0x00003f62        0x4 c:/program files (x86)/atmel/studio/7.0/toolchain/avr8/avr8-gnu-toolchain/bin/../lib/gcc/avr/5.4.0/avrxmega7\libgcc.a(_exit.o)
 *(.fini0)
                0x00003f66                _etext = .

.data           0x00802000       0x82 load address 0x00003f66
                0x00802000                PROVIDE (__data_start, .)
 *(.data)
 .data          0x00802000        0x6 c:/program files (x86)/atmel/studio/7.0/toolchain/avr8/avr8-gnu-toolchain/bin/../lib/gcc/avr/5.4.0/../../../../avr/lib/avrxmega7\libc.a(malloc.o)
                0x00802000                __malloc_heap_end
                0x00802002                __malloc_heap_start
                0x00802004                __malloc_margin
 *(.data*)
 .data.usart_options.6316
                0x00802006        0x7 src/Drivers/usart.o
 *(.rodata)
 *(.rodata*)
 .rodata.str1.1
                0x0080200d       0x34 src/Drivers/altitude.o
 .rodata.str1.1
                0x00802041       0x40 src/main.o
 *(.gnu.linkonce.d*)
                0x00802082                . = ALIGN (0x2)
 *fill*         0x00802081        0x1 
                0x00802082                _edata = .
                0x00802082                PROVIDE (__data_end, .)

.bss            0x00802082       0x74
                0x00802082                PROVIDE (__bss_start, .)
 *(.bss)
 *(.bss*)
 .bss.tc_tcf1_ccb_callback
                0x00802082        0x2 src/ASF/xmega/drivers/tc/tc.o
 .bss.tc_tcf1_cca_callback
                0x00802084        0x2 src/ASF/xmega/drivers/tc/tc.o
 .bss.tc_tcf1_err_callback
                0x00802086        0x2 src/ASF/xmega/drivers/tc/tc.o
 .bss.tc_tcf1_ovf_callback
                0x00802088        0x2 src/ASF/xmega/drivers/tc/tc.o
 .bss.tc_tcf0_ccd_callback
                0x0080208a        0x2 src/ASF/xmega/drivers/tc/tc.o
 .bss.tc_tcf0_ccc_callback
                0x0080208c        0x2 src/ASF/xmega/drivers/tc/tc.o
 .bss.tc_tcf0_ccb_callback
                0x0080208e        0x2 src/ASF/xmega/drivers/tc/tc.o
 .bss.tc_tcf0_cca_callback
                0x00802090        0x2 src/ASF/xmega/drivers/tc/tc.o
 .bss.tc_tcf0_err_callback
                0x00802092        0x2 src/ASF/xmega/drivers/tc/tc.o
 .bss.tc_tcf0_ovf_callback
                0x00802094        0x2 src/ASF/xmega/drivers/tc/tc.o
 .bss.tc_tce1_ccb_callback
                0x00802096        0x2 src/ASF/xmega/drivers/tc/tc.o
 .bss.tc_tce1_cca_callback
                0x00802098        0x2 src/ASF/xmega/drivers/tc/tc.o
 .bss.tc_tce1_err_callback
                0x0080209a        0x2 src/ASF/xmega/drivers/tc/tc.o
 .bss.tc_tce1_ovf_callback
                0x0080209c        0x2 src/ASF/xmega/drivers/tc/tc.o
 .bss.tc_tce0_ccd_callback
                0x0080209e        0x2 src/ASF/xmega/drivers/tc/tc.o
 .bss.tc_tce0_ccc_callback
                0x008020a0        0x2 src/ASF/xmega/drivers/tc/tc.o
 .bss.tc_tce0_ccb_callback
                0x008020a2        0x2 src/ASF/xmega/drivers/tc/tc.o
 .bss.tc_tce0_cca_callback
                0x008020a4        0x2 src/ASF/xmega/drivers/tc/tc.o
 .bss.tc_tce0_err_callback
                0x008020a6        0x2 src/ASF/xmega/drivers/tc/tc.o
 .bss.tc_tce0_ovf_callback
                0x008020a8        0x2 src/ASF/xmega/drivers/tc/tc.o
 .bss.tc_tcd1_ccb_callback
                0x008020aa        0x2 src/ASF/xmega/drivers/tc/tc.o
 .bss.tc_tcd1_cca_callback
                0x008020ac        0x2 src/ASF/xmega/drivers/tc/tc.o
 .bss.tc_tcd1_err_callback
                0x008020ae        0x2 src/ASF/xmega/drivers/tc/tc.o
 .bss.tc_tcd1_ovf_callback
                0x008020b0        0x2 src/ASF/xmega/drivers/tc/tc.o
 .bss.tc_tcd0_ccd_callback
                0x008020b2        0x2 src/ASF/xmega/drivers/tc/tc.o
 .bss.tc_tcd0_ccc_callback
                0x008020b4        0x2 src/ASF/xmega/drivers/tc/tc.o
 .bss.tc_tcd0_ccb_callback
                0x008020b6        0x2 src/ASF/xmega/drivers/tc/tc.o
 .bss.tc_tcd0_cca_callback
                0x008020b8        0x2 src/ASF/xmega/drivers/tc/tc.o
 .bss.tc_tcd0_err_callback
                0x008020ba        0x2 src/ASF/xmega/drivers/tc/tc.o
 .bss.tc_tcd0_ovf_callback
                0x008020bc        0x2 src/ASF/xmega/drivers/tc/tc.o
 .bss.tc_tcc1_ccb_callback
                0x008020be        0x2 src/ASF/xmega/drivers/tc/tc.o
 .bss.tc_tcc1_cca_callback
                0x008020c0        0x2 src/ASF/xmega/drivers/tc/tc.o
 .bss.tc_tcc1_err_callback
                0x008020c2        0x2 src/ASF/xmega/drivers/tc/tc.o
 .bss.tc_tcc1_ovf_callback
                0x008020c4        0x2 src/ASF/xmega/drivers/tc/tc.o
 .bss.tc_tcc0_ccd_callback
                0x008020c6        0x2 src/ASF/xmega/drivers/tc/tc.o
 .bss.tc_tcc0_ccc_callback
                0x008020c8        0x2 src/ASF/xmega/drivers/tc/tc.o
 .bss.tc_tcc0_ccb_callback
                0x008020ca        0x2 src/ASF/xmega/drivers/tc/tc.o
 .bss.tc_tcc0_cca_callback
                0x008020cc        0x2 src/ASF/xmega/drivers/tc/tc.o
 .bss.tc_tcc0_err_callback
                0x008020ce        0x2 src/ASF/xmega/drivers/tc/tc.o
 .bss.tc_tcc0_ovf_callback
                0x008020d0        0x2 src/ASF/xmega/drivers/tc/tc.o
 *(COMMON)
 COMMON         0x008020d2        0x2 src/ASF/common/utils/stdio/read.o
                0x008020d2                ptr_get
 COMMON         0x008020d4        0x4 src/ASF/common/utils/stdio/write.o
                0x008020d4                ptr_put
                0x008020d6                stdio_base
 COMMON         0x008020d8        0x4 src/ASF/xmega/drivers/adc/adc.o
                0x008020d8                adcb_callback
                0x008020da                adca_callback
 COMMON         0x008020dc        0x4 src/Drivers/altitude.o
                0x008020dc                TEMP
 COMMON         0x008020e0        0xc src/Drivers/pressure.o
                0x008020e0                c6
                0x008020e2                c4
                0x008020e4                c2
                0x008020e6                c5
                0x008020e8                c1
                0x008020ea                c3
 COMMON         0x008020ec        0x6 c:/program files (x86)/atmel/studio/7.0/toolchain/avr8/avr8-gnu-toolchain/bin/../lib/gcc/avr/5.4.0/../../../../avr/lib/avrxmega7\libc.a(iob.o)
                0x008020ec                __iob
 COMMON         0x008020f2        0x4 c:/program files (x86)/atmel/studio/7.0/toolchain/avr8/avr8-gnu-toolchain/bin/../lib/gcc/avr/5.4.0/../../../../avr/lib/avrxmega7\libc.a(malloc.o)
                0x008020f2                __brkval
                0x008020f4                __flp
                0x008020f6                PROVIDE (__bss_end, .)
                0x00003f66                __data_load_start = LOADADDR (.data)
                0x00003fe8                __data_load_end = (__data_load_start + SIZEOF (.data))

.noinit         0x008020f6        0x0
                [!provide]                PROVIDE (__noinit_start, .)
 *(.noinit*)
                [!provide]                PROVIDE (__noinit_end, .)
                0x008020f6                _end = .
                0x008020f6                PROVIDE (__heap_start, .)

.eeprom         0x00810000        0x0
 *(.eeprom*)
                0x00810000                __eeprom_end = .

.fuse
 *(.fuse)
 *(.lfuse)
 *(.hfuse)
 *(.efuse)

.lock
 *(.lock*)

.signature
 *(.signature*)

.user_signatures
 *(.user_signatures*)

.stab
 *(.stab)

.stabstr
 *(.stabstr)

.stab.excl
 *(.stab.excl)

.stab.exclstr
 *(.stab.exclstr)

.stab.index
 *(.stab.index)

.stab.indexstr
 *(.stab.indexstr)

.comment        0x00000000       0x5c
 *(.comment)
 .comment       0x00000000       0x30 src/ASF/common/services/clock/xmega/sysclk.o
                                 0x31 (size before relaxing)
 .comment       0x00000030       0x31 src/ASF/common/utils/stdio/read.o
 .comment       0x00000030       0x31 src/ASF/common/utils/stdio/write.o
 .comment       0x00000030       0x31 src/ASF/xmega/drivers/adc/adc.o
 .comment       0x00000030       0x31 src/ASF/xmega/drivers/adc/xmega_aau/adc_aau.o
 .comment       0x00000030       0x31 src/ASF/xmega/drivers/tc/tc.o
 .comment       0x00000030       0x31 src/ASF/xmega/drivers/usart/usart.o
 .comment       0x00000030       0x31 src/Drivers/altitude.o
 .comment       0x00000030       0x31 src/Drivers/pressure.o
 .comment       0x00000030       0x31 src/Drivers/thermistor.o
 .comment       0x00000030       0x31 src/Drivers/timer_counter.o
 .comment       0x00000030       0x31 src/Drivers/usart.o
 .comment       0x00000030       0x31 src/main.o
 .comment       0x00000030       0x2c c:/program files (x86)/atmel/studio/7.0/toolchain/avr8/avr8-gnu-toolchain/bin/../lib/gcc/avr/5.4.0/../../../../avr/lib/avrxmega7\libprintf_flt.a(vfprintf_flt.o)
                                 0x2d (size before relaxing)
 .comment       0x0000005c       0x31 c:/program files (x86)/atmel/studio/7.0/toolchain/avr8/avr8-gnu-toolchain/bin/../lib/gcc/avr/5.4.0/../../../../avr/lib/avrxmega7\libc.a(fdevopen.o)
 .comment       0x0000005c       0x31 c:/program files (x86)/atmel/studio/7.0/toolchain/avr8/avr8-gnu-toolchain/bin/../lib/gcc/avr/5.4.0/../../../../avr/lib/avrxmega7\libc.a(fputc.o)
 .comment       0x0000005c       0x31 c:/program files (x86)/atmel/studio/7.0/toolchain/avr8/avr8-gnu-toolchain/bin/../lib/gcc/avr/5.4.0/../../../../avr/lib/avrxmega7\libc.a(iob.o)
 .comment       0x0000005c       0x31 c:/program files (x86)/atmel/studio/7.0/toolchain/avr8/avr8-gnu-toolchain/bin/../lib/gcc/avr/5.4.0/../../../../avr/lib/avrxmega7\libc.a(printf.o)
 .comment       0x0000005c       0x31 c:/program files (x86)/atmel/studio/7.0/toolchain/avr8/avr8-gnu-toolchain/bin/../lib/gcc/avr/5.4.0/../../../../avr/lib/avrxmega7\libc.a(puts.o)
 .comment       0x0000005c       0x31 c:/program files (x86)/atmel/studio/7.0/toolchain/avr8/avr8-gnu-toolchain/bin/../lib/gcc/avr/5.4.0/../../../../avr/lib/avrxmega7\libc.a(calloc.o)
 .comment       0x0000005c       0x31 c:/program files (x86)/atmel/studio/7.0/toolchain/avr8/avr8-gnu-toolchain/bin/../lib/gcc/avr/5.4.0/../../../../avr/lib/avrxmega7\libc.a(malloc.o)

.note.gnu.avr.deviceinfo
                0x00000000       0x40
 .note.gnu.avr.deviceinfo
                0x00000000       0x40 C:/Program Files (x86)/Atmel/Studio/7.0/Packs/atmel/XMEGAA_DFP/1.1.68/gcc/dev/atxmega128a1u/avrxmega7/crtatxmega128a1u.o

.note.gnu.build-id
 *(.note.gnu.build-id)

.debug
 *(.debug)

.line
 *(.line)

.debug_srcinfo
 *(.debug_srcinfo)

.debug_sfnames
 *(.debug_sfnames)

.debug_aranges  0x00000000      0x4a0
 *(.debug_aranges)
 .debug_aranges
                0x00000000       0x40 src/ASF/common/services/clock/xmega/sysclk.o
 .debug_aranges
                0x00000040       0x20 src/ASF/common/utils/stdio/read.o
 .debug_aranges
                0x00000060       0x20 src/ASF/common/utils/stdio/write.o
 .debug_aranges
                0x00000080       0x48 src/ASF/xmega/drivers/adc/adc.o
 .debug_aranges
                0x000000c8       0x78 src/ASF/xmega/drivers/adc/xmega_aau/adc_aau.o
 .debug_aranges
                0x00000140       0x20 src/ASF/xmega/drivers/cpu/ccp.o
 .debug_aranges
                0x00000160       0x28 src/ASF/xmega/drivers/nvm/nvm_asm.o
 .debug_aranges
                0x00000188      0x198 src/ASF/xmega/drivers/tc/tc.o
 .debug_aranges
                0x00000320       0x58 src/ASF/xmega/drivers/usart/usart.o
 .debug_aranges
                0x00000378       0x20 src/Drivers/altitude.o
 .debug_aranges
                0x00000398       0x58 src/Drivers/pressure.o
 .debug_aranges
                0x000003f0       0x30 src/Drivers/thermistor.o
 .debug_aranges
                0x00000420       0x20 src/Drivers/timer_counter.o
 .debug_aranges
                0x00000440       0x30 src/Drivers/usart.o
 .debug_aranges
                0x00000470       0x30 src/main.o

.debug_pubnames
 *(.debug_pubnames)

.debug_info     0x00000000     0xfeec
 *(.debug_info .gnu.linkonce.wi.*)
 .debug_info    0x00000000     0x3e5a C:/Program Files (x86)/Atmel/Studio/7.0/Packs/atmel/XMEGAA_DFP/1.1.68/gcc/dev/atxmega128a1u/avrxmega7/crtatxmega128a1u.o
 .debug_info    0x00003e5a      0x870 src/ASF/common/services/clock/xmega/sysclk.o
 .debug_info    0x000046ca      0x119 src/ASF/common/utils/stdio/read.o
 .debug_info    0x000047e3      0x119 src/ASF/common/utils/stdio/write.o
 .debug_info    0x000048fc      0xa93 src/ASF/xmega/drivers/adc/adc.o
 .debug_info    0x0000538f      0xe9b src/ASF/xmega/drivers/adc/xmega_aau/adc_aau.o
 .debug_info    0x0000622a       0x8b src/ASF/xmega/drivers/cpu/ccp.o
 .debug_info    0x000062b5       0x8b src/ASF/xmega/drivers/nvm/nvm_asm.o
 .debug_info    0x00006340     0x1a39 src/ASF/xmega/drivers/tc/tc.o
 .debug_info    0x00007d79     0x3281 src/ASF/xmega/drivers/usart/usart.o
 .debug_info    0x0000affa      0x2e0 src/Drivers/altitude.o
 .debug_info    0x0000b2da      0x8b0 src/Drivers/pressure.o
 .debug_info    0x0000bb8a      0xa10 src/Drivers/thermistor.o
 .debug_info    0x0000c59a      0x960 src/Drivers/timer_counter.o
 .debug_info    0x0000cefa      0x784 src/Drivers/usart.o
 .debug_info    0x0000d67e     0x286e src/main.o

.debug_abbrev   0x00000000     0x5891
 *(.debug_abbrev)
 .debug_abbrev  0x00000000     0x3b0e C:/Program Files (x86)/Atmel/Studio/7.0/Packs/atmel/XMEGAA_DFP/1.1.68/gcc/dev/atxmega128a1u/avrxmega7/crtatxmega128a1u.o
 .debug_abbrev  0x00003b0e      0x241 src/ASF/common/services/clock/xmega/sysclk.o
 .debug_abbrev  0x00003d4f       0xc5 src/ASF/common/utils/stdio/read.o
 .debug_abbrev  0x00003e14       0xa7 src/ASF/common/utils/stdio/write.o
 .debug_abbrev  0x00003ebb      0x2d2 src/ASF/xmega/drivers/adc/adc.o
 .debug_abbrev  0x0000418d      0x320 src/ASF/xmega/drivers/adc/xmega_aau/adc_aau.o
 .debug_abbrev  0x000044ad       0x14 src/ASF/xmega/drivers/cpu/ccp.o
 .debug_abbrev  0x000044c1       0x12 src/ASF/xmega/drivers/nvm/nvm_asm.o
 .debug_abbrev  0x000044d3      0x29b src/ASF/xmega/drivers/tc/tc.o
 .debug_abbrev  0x0000476e      0x3f5 src/ASF/xmega/drivers/usart/usart.o
 .debug_abbrev  0x00004b63      0x150 src/Drivers/altitude.o
 .debug_abbrev  0x00004cb3      0x274 src/Drivers/pressure.o
 .debug_abbrev  0x00004f27      0x2c3 src/Drivers/thermistor.o
 .debug_abbrev  0x000051ea      0x16b src/Drivers/timer_counter.o
 .debug_abbrev  0x00005355      0x27d src/Drivers/usart.o
 .debug_abbrev  0x000055d2      0x2bf src/main.o

.debug_line     0x00000000     0x7f19
 *(.debug_line .debug_line.* .debug_line_end)
 .debug_line    0x00000000      0x3b5 C:/Program Files (x86)/Atmel/Studio/7.0/Packs/atmel/XMEGAA_DFP/1.1.68/gcc/dev/atxmega128a1u/avrxmega7/crtatxmega128a1u.o
 .debug_line    0x000003b5      0x6a5 src/ASF/common/services/clock/xmega/sysclk.o
 .debug_line    0x00000a5a      0x3d3 src/ASF/common/utils/stdio/read.o
 .debug_line    0x00000e2d      0x3da src/ASF/common/utils/stdio/write.o
 .debug_line    0x00001207      0x7c0 src/ASF/xmega/drivers/adc/adc.o
 .debug_line    0x000019c7      0x970 src/ASF/xmega/drivers/adc/xmega_aau/adc_aau.o
 .debug_line    0x00002337       0x6e src/ASF/xmega/drivers/cpu/ccp.o
 .debug_line    0x000023a5      0x11f src/ASF/xmega/drivers/nvm/nvm_asm.o
 .debug_line    0x000024c4      0xfad src/ASF/xmega/drivers/tc/tc.o
 .debug_line    0x00003471      0xda0 src/ASF/xmega/drivers/usart/usart.o
 .debug_line    0x00004211      0x93e src/Drivers/altitude.o
 .debug_line    0x00004b4f      0xab7 src/Drivers/pressure.o
 .debug_line    0x00005606      0x9db src/Drivers/thermistor.o
 .debug_line    0x00005fe1      0x932 src/Drivers/timer_counter.o
 .debug_line    0x00006913      0x992 src/Drivers/usart.o
 .debug_line    0x000072a5      0xc74 src/main.o

.debug_frame    0x00000000     0x18e0
 *(.debug_frame)
 .debug_frame   0x00000000       0xa4 src/ASF/common/services/clock/xmega/sysclk.o
 .debug_frame   0x000000a4       0x34 src/ASF/common/utils/stdio/read.o
 .debug_frame   0x000000d8       0x24 src/ASF/common/utils/stdio/write.o
 .debug_frame   0x000000fc       0xbc src/ASF/xmega/drivers/adc/adc.o
 .debug_frame   0x000001b8      0x3e4 src/ASF/xmega/drivers/adc/xmega_aau/adc_aau.o
 .debug_frame   0x0000059c      0xe84 src/ASF/xmega/drivers/tc/tc.o
 .debug_frame   0x00001420      0x150 src/ASF/xmega/drivers/usart/usart.o
 .debug_frame   0x00001570       0x90 src/Drivers/altitude.o
 .debug_frame   0x00001600      0x158 src/Drivers/pressure.o
 .debug_frame   0x00001758       0x88 src/Drivers/thermistor.o
 .debug_frame   0x000017e0       0x4c src/Drivers/timer_counter.o
 .debug_frame   0x0000182c       0x60 src/Drivers/usart.o
 .debug_frame   0x0000188c       0x54 src/main.o

.debug_str      0x00000000    0x333c0
 *(.debug_str)
 .debug_str     0x00000000     0x2969 C:/Program Files (x86)/Atmel/Studio/7.0/Packs/atmel/XMEGAA_DFP/1.1.68/gcc/dev/atxmega128a1u/avrxmega7/crtatxmega128a1u.o
 .debug_str     0x00002969    0x2c7d1 src/ASF/common/services/clock/xmega/sysclk.o
                              0x2d003 (size before relaxing)
 .debug_str     0x0002f13a       0x38 src/ASF/common/utils/stdio/read.o
                              0x2af2a (size before relaxing)
 .debug_str     0x0002f172       0x2e src/ASF/common/utils/stdio/write.o
                              0x2af2c (size before relaxing)
 .debug_str     0x0002f1a0      0xd9a src/ASF/xmega/drivers/adc/adc.o
                              0x2d9ac (size before relaxing)
 .debug_str     0x0002ff3a      0x5c2 src/ASF/xmega/drivers/adc/xmega_aau/adc_aau.o
                              0x2dc3f (size before relaxing)
 .debug_str     0x000304fc      0x9ff src/ASF/xmega/drivers/tc/tc.o
                              0x2d9f7 (size before relaxing)
 .debug_str     0x00030efb     0x124c src/ASF/xmega/drivers/usart/usart.o
                              0x2e3e8 (size before relaxing)
 .debug_str     0x00032147      0xf98 src/Drivers/altitude.o
                              0x2ec7e (size before relaxing)
 .debug_str     0x000330df       0x7e src/Drivers/pressure.o
                              0x2ec31 (size before relaxing)
 .debug_str     0x0003315d       0x78 src/Drivers/thermistor.o
                              0x2f26e (size before relaxing)
 .debug_str     0x000331d5       0x56 src/Drivers/timer_counter.o
                              0x2eb86 (size before relaxing)
 .debug_str     0x0003322b       0xa7 src/Drivers/usart.o
                              0x2ec95 (size before relaxing)
 .debug_str     0x000332d2       0xee src/main.o
                              0x2f5da (size before relaxing)

.debug_loc      0x00000000     0x5557
 *(.debug_loc)
 .debug_loc     0x00000000      0x301 src/ASF/common/services/clock/xmega/sysclk.o
 .debug_loc     0x00000301       0x6e src/ASF/common/utils/stdio/read.o
 .debug_loc     0x0000036f       0x52 src/ASF/common/utils/stdio/write.o
 .debug_loc     0x000003c1      0x2b3 src/ASF/xmega/drivers/adc/adc.o
 .debug_loc     0x00000674      0xd3c src/ASF/xmega/drivers/adc/xmega_aau/adc_aau.o
 .debug_loc     0x000013b0     0x2122 src/ASF/xmega/drivers/tc/tc.o
 .debug_loc     0x000034d2      0xe0d src/ASF/xmega/drivers/usart/usart.o
 .debug_loc     0x000042df      0x216 src/Drivers/altitude.o
 .debug_loc     0x000044f5      0x5fe src/Drivers/pressure.o
 .debug_loc     0x00004af3      0x1d0 src/Drivers/thermistor.o
 .debug_loc     0x00004cc3       0xd5 src/Drivers/timer_counter.o
 .debug_loc     0x00004d98      0x145 src/Drivers/usart.o
 .debug_loc     0x00004edd      0x67a src/main.o

.debug_macinfo
 *(.debug_macinfo)

.debug_weaknames
 *(.debug_weaknames)

.debug_funcnames
 *(.debug_funcnames)

.debug_typenames
 *(.debug_typenames)

.debug_varnames
 *(.debug_varnames)

.debug_pubtypes
 *(.debug_pubtypes)

.debug_ranges   0x00000000      0x3e0
 *(.debug_ranges)
 .debug_ranges  0x00000000       0x30 src/ASF/common/services/clock/xmega/sysclk.o
 .debug_ranges  0x00000030       0x10 src/ASF/common/utils/stdio/read.o
 .debug_ranges  0x00000040       0x10 src/ASF/common/utils/stdio/write.o
 .debug_ranges  0x00000050       0x38 src/ASF/xmega/drivers/adc/adc.o
 .debug_ranges  0x00000088       0x68 src/ASF/xmega/drivers/adc/xmega_aau/adc_aau.o
 .debug_ranges  0x000000f0       0x20 src/ASF/xmega/drivers/nvm/nvm_asm.o
 .debug_ranges  0x00000110      0x188 src/ASF/xmega/drivers/tc/tc.o
 .debug_ranges  0x00000298       0x80 src/ASF/xmega/drivers/usart/usart.o
 .debug_ranges  0x00000318       0x10 src/Drivers/altitude.o
 .debug_ranges  0x00000328       0x48 src/Drivers/pressure.o
 .debug_ranges  0x00000370       0x20 src/Drivers/thermistor.o
 .debug_ranges  0x00000390       0x10 src/Drivers/timer_counter.o
 .debug_ranges  0x000003a0       0x20 src/Drivers/usart.o
 .debug_ranges  0x000003c0       0x20 src/main.o

.debug_macro    0x00000000     0xc5fe
 *(.debug_macro)
 .debug_macro   0x00000000      0x1db src/ASF/common/services/clock/xmega/sysclk.o
 .debug_macro   0x000001db      0xa96 src/ASF/common/services/clock/xmega/sysclk.o
 .debug_macro   0x00000c71       0x10 src/ASF/common/services/clock/xmega/sysclk.o
 .debug_macro   0x00000c81      0x1c9 src/ASF/common/services/clock/xmega/sysclk.o
 .debug_macro   0x00000e4a      0x2fc src/ASF/common/services/clock/xmega/sysclk.o
 .debug_macro   0x00001146       0x9e src/ASF/common/services/clock/xmega/sysclk.o
 .debug_macro   0x000011e4     0x6dbc src/ASF/common/services/clock/xmega/sysclk.o
 .debug_macro   0x00007fa0       0x9a src/ASF/common/services/clock/xmega/sysclk.o
 .debug_macro   0x0000803a       0xf1 src/ASF/common/services/clock/xmega/sysclk.o
 .debug_macro   0x0000812b       0x34 src/ASF/common/services/clock/xmega/sysclk.o
 .debug_macro   0x0000815f       0x16 src/ASF/common/services/clock/xmega/sysclk.o
 .debug_macro   0x00008175       0x18 src/ASF/common/services/clock/xmega/sysclk.o
 .debug_macro   0x0000818d       0x5e src/ASF/common/services/clock/xmega/sysclk.o
 .debug_macro   0x000081eb       0x10 src/ASF/common/services/clock/xmega/sysclk.o
 .debug_macro   0x000081fb       0x22 src/ASF/common/services/clock/xmega/sysclk.o
 .debug_macro   0x0000821d      0x16d src/ASF/common/services/clock/xmega/sysclk.o
 .debug_macro   0x0000838a       0x1c src/ASF/common/services/clock/xmega/sysclk.o
 .debug_macro   0x000083a6       0x35 src/ASF/common/services/clock/xmega/sysclk.o
 .debug_macro   0x000083db       0x66 src/ASF/common/services/clock/xmega/sysclk.o
 .debug_macro   0x00008441      0x64b src/ASF/common/services/clock/xmega/sysclk.o
 .debug_macro   0x00008a8c       0x97 src/ASF/common/services/clock/xmega/sysclk.o
 .debug_macro   0x00008b23       0x17 src/ASF/common/services/clock/xmega/sysclk.o
 .debug_macro   0x00008b3a      0x250 src/ASF/common/services/clock/xmega/sysclk.o
 .debug_macro   0x00008d8a       0x76 src/ASF/common/services/clock/xmega/sysclk.o
 .debug_macro   0x00008e00       0x16 src/ASF/common/services/clock/xmega/sysclk.o
 .debug_macro   0x00008e16      0x6e3 src/ASF/common/services/clock/xmega/sysclk.o
 .debug_macro   0x000094f9       0x10 src/ASF/common/services/clock/xmega/sysclk.o
 .debug_macro   0x00009509      0x175 src/ASF/common/services/clock/xmega/sysclk.o
 .debug_macro   0x0000967e       0x40 src/ASF/common/services/clock/xmega/sysclk.o
 .debug_macro   0x000096be       0x69 src/ASF/common/services/clock/xmega/sysclk.o
 .debug_macro   0x00009727       0x32 src/ASF/common/services/clock/xmega/sysclk.o
 .debug_macro   0x00009759       0xe4 src/ASF/common/services/clock/xmega/sysclk.o
 .debug_macro   0x0000983d       0x1c src/ASF/common/services/clock/xmega/sysclk.o
 .debug_macro   0x00009859      0x2c6 src/ASF/common/services/clock/xmega/sysclk.o
 .debug_macro   0x00009b1f      0x17c src/ASF/common/services/clock/xmega/sysclk.o
 .debug_macro   0x00009c9b       0x84 src/ASF/common/services/clock/xmega/sysclk.o
 .debug_macro   0x00009d1f       0x2f src/ASF/common/services/clock/xmega/sysclk.o
 .debug_macro   0x00009d4e      0x15b src/ASF/common/services/clock/xmega/sysclk.o
 .debug_macro   0x00009ea9       0x26 src/ASF/common/services/clock/xmega/sysclk.o
 .debug_macro   0x00009ecf      0x16d src/ASF/common/utils/stdio/read.o
 .debug_macro   0x0000a03c      0x16d src/ASF/common/utils/stdio/write.o
 .debug_macro   0x0000a1a9      0x22f src/ASF/xmega/drivers/adc/adc.o
 .debug_macro   0x0000a3d8       0x10 src/ASF/xmega/drivers/adc/adc.o
 .debug_macro   0x0000a3e8       0x20 src/ASF/xmega/drivers/adc/adc.o
 .debug_macro   0x0000a408       0xe3 src/ASF/xmega/drivers/adc/adc.o
 .debug_macro   0x0000a4eb      0x22f src/ASF/xmega/drivers/adc/xmega_aau/adc_aau.o
 .debug_macro   0x0000a71a      0x225 src/ASF/xmega/drivers/tc/tc.o
 .debug_macro   0x0000a93f      0x302 src/ASF/xmega/drivers/tc/tc.o
 .debug_macro   0x0000ac41       0x12 src/ASF/xmega/drivers/tc/tc.o
 .debug_macro   0x0000ac53      0x223 src/ASF/xmega/drivers/usart/usart.o
 .debug_macro   0x0000ae76      0x343 src/Drivers/altitude.o
 .debug_macro   0x0000b1b9       0x34 src/Drivers/altitude.o
 .debug_macro   0x0000b1ed       0x28 src/Drivers/altitude.o
 .debug_macro   0x0000b215       0x23 src/Drivers/altitude.o
 .debug_macro   0x0000b238       0x40 src/Drivers/altitude.o
 .debug_macro   0x0000b278       0x58 src/Drivers/altitude.o
 .debug_macro   0x0000b2d0       0x10 src/Drivers/altitude.o
 .debug_macro   0x0000b2e0       0xf2 src/Drivers/altitude.o
 .debug_macro   0x0000b3d2       0x3a src/Drivers/altitude.o
 .debug_macro   0x0000b40c       0x18 src/Drivers/altitude.o
 .debug_macro   0x0000b424       0x1c src/Drivers/altitude.o
 .debug_macro   0x0000b440      0x160 src/Drivers/altitude.o
 .debug_macro   0x0000b5a0      0x330 src/Drivers/pressure.o
 .debug_macro   0x0000b8d0      0x339 src/Drivers/thermistor.o
 .debug_macro   0x0000bc09      0x330 src/Drivers/timer_counter.o
 .debug_macro   0x0000bf39      0x330 src/Drivers/usart.o
 .debug_macro   0x0000c269      0x361 src/main.o
 .debug_macro   0x0000c5ca       0x34 src/main.o
OUTPUT(OneMonth.elf elf32-avr)
LOAD linker stubs

.BOOT           0x00020000        0x0
